03-30 00:11:15.940  6441  6475 D BtGatt.ScanManager: callback done for clientIf - 6 status - 0
03-30 00:11:15.948  6441  6475 D BtGatt.GattService: onScanFilterParamsConfigured() - clientIf=6, status=0, action=1, availableSpace=12
03-30 00:11:15.948  6441  6475 D BtGatt.ScanManager: callback done for clientIf - 6 status - 0
03-30 00:11:15.957  6441  6475 D BtGatt.GattService: onScanFilterParamsConfigured() - clientIf=6, status=0, action=1, availableSpace=13
03-30 00:11:15.957  6441  6475 D BtGatt.ScanManager: callback done for clientIf - 6 status - 0
03-30 00:11:15.960   503   948 D audio_hw_primary: out_set_parameters: enter: usecase(1: low-latency-playback) kvpairs: routing=1
03-30 00:11:15.960   503   948 D audio_hw_primary: select_devices: out_snd_device(11: voice-handset) in_snd_device(70: voice-dmic-ef)
03-30 00:11:15.960   503   948 D voice   : voice_set_sidetone: disable, out_snd_device: 12
03-30 00:11:15.960   503   948 D voice   : voice_set_sidetone: device 12 does not support sidetone
03-30 00:11:15.960   503   948 D audio_hw_primary: disable_audio_route: reset and update mixer path: voice2-call speaker
03-30 00:11:15.966  6441  6475 D BtGatt.GattService: onScanFilterParamsConfigured() - clientIf=6, status=0, action=1, availableSpace=14
03-30 00:11:15.966  6441  6475 D BtGatt.ScanManager: callback done for clientIf - 6 status - 0
03-30 00:11:15.976  6441  6475 D BtGatt.GattService: onScanFilterParamsConfigured() - clientIf=6, status=0, action=1, availableSpace=15
03-30 00:11:15.976  6441  6475 D BtGatt.ScanManager: callback done for clientIf - 6 status - 0
03-30 00:11:15.984  6441  6475 D BtGatt.GattService: onScanFilterParamsConfigured() - clientIf=6, status=0, action=1, availableSpace=16
03-30 00:11:15.984  6441  6475 D BtGatt.ScanManager: callback done for clientIf - 6 status - 0
03-30 00:11:15.985  6441  6479 D BtGatt.ScanManager: configureRegularScanParams() - queue=0
03-30 00:11:15.985  6441  6479 D BtGatt.ScanManager: configureRegularScanParams() - ScanSetting Scan mode=-2147483648 mLastConfiguredScanSetting=2
03-30 00:11:15.985  6441  6479 D BtGatt.ScanManager: configureRegularScanParams() - queue emtpy, scan stopped
03-30 00:11:16.003   503   948 D audio_hw_primary: disable_audio_route: reset and update mixer path: voice2-call speaker
03-30 00:11:16.003   503   948 D audio_hw_primary: disable_snd_device: snd_device(72: voice-speaker-mic)
03-30 00:11:16.004   503   948 D audio_hw_primary: disable_audio_route: reset and update mixer path: low-latency-playback speaker
03-30 00:11:16.037   503   948 D audio_hw_primary: disable_snd_device: snd_device(12: voice-speaker)
03-30 00:11:16.048   503   948 D msm8974_platform: platform_send_audio_calibration: sending audio calibration for snd_device(11) acdb_id(7)
03-30 00:11:16.048   503   948 D ACDB-LOADER: ACDB -> send_audio_cal, acdb_id = 7, path =  0
03-30 00:11:16.048   503   948 D ACDB-LOADER: ACDB -> send_asm_topology
03-30 00:11:16.048   503   948 D ACDB-LOADER: ACDB -> ACDB_CMD_GET_AUDPROC_STREAM_TOPOLOGY_ID
03-30 00:11:16.048   503   948 D ACDB-LOADER: ACDB -> send_adm_topology
03-30 00:11:16.049   503   948 D ACDB-LOADER: ACDB -> ACDB_CMD_GET_AUDPROC_COMMON_TOPOLOGY_ID
03-30 00:11:16.049   503   948 D ACDB-LOADER: ACDB -> send_audtable
03-30 00:11:16.049   503   948 D ACDB-LOADER: ACDB -> ACDB_CMD_GET_AUDPROC_COMMON_TABLE_SIZE
03-30 00:11:16.049   503   948 D         : ACDBFILE_MGR:Read the devices count as zero, please check the acdb file
03-30 00:11:16.049   503   948 D ACDB-LOADER: ACDB -> ACDB_CMD_GET_AUDPROC_COMMON_TABLE
03-30 00:11:16.049   503   948 D         : ACDBFILE_MGR:Read the devices count as zero, please check the acdb file
03-30 00:11:16.049   503   948 D ACDB-LOADER: ACDB -> AUDIO_SET_AUDPROC_CAL
03-30 00:11:16.049   503   948 D ACDB-LOADER: ACDB -> send_audvoltable
03-30 00:11:16.049   503   948 D ACDB-LOADER: ACDB -> ACDB_CMD_GET_AUDPROC_GAIN_DEP_STEP_TABLE
03-30 00:11:16.049   503   948 D         : ACDBFILE_MGR:Read the devices count as zero, please check the acdb file
03-30 00:11:16.049   503   948 D ACDB-LOADER: ACDB -> AUDIO_SET_AUDPROC_VOL_CAL
03-30 00:11:16.049   503   948 D ACDB-LOADER: ACDB -> send_audstrmtable
03-30 00:11:16.050   503   948 D ACDB-LOADER: ACDB -> ACDB_CMD_GET_AUDPROC_STREAM_TABLE_V2
03-30 00:11:16.050   503   948 D ACDB-LOADER: ACDB -> audstrm_cal->cal_type.cal_data.cal_size = 32
03-30 00:11:16.050   503   948 D ACDB-LOADER: ACDB -> send_afe_topology
03-30 00:11:16.050   503   948 D ACDB-LOADER: ACDB -> ACDB_CMD_GET_AFE_TOPOLOGY_ID
03-30 00:11:16.050   503   948 D ACDB-LOADER: ACDB -> GET_AFE_TOPOLOGY_ID for adcd_id 7, Topology Id 112fc
03-30 00:11:16.050   503   948 D ACDB-LOADER: ACDB -> send_afe_cal
03-30 00:11:16.050   503   948 D ACDB-LOADER: ACDB -> ACDB_CMD_GET_AFE_COMMON_TABLE
03-30 00:11:16.050   503   948 D         : ACDBFILE_MGR:Read the devices count as zero, please check the acdb file
03-30 00:11:16.050   503   948 D         : Failed to fetch the lookup information of the device 00000007 
03-30 00:11:16.050   503   948 D ACDB-LOADER: ACDB -> AUDIO_SET_AFE_CAL
03-30 00:11:16.050   503   948 D ACDB-LOADER: ACDB -> send_hw_delay : acdb_id = 7 path = 0
03-30 00:11:16.050   503   948 D ACDB-LOADER: ACDB -> ACDB_AVSYNC_INFO: ACDB_CMD_GET_DEVICE_PROPERTY
03-30 00:11:16.050   503   948 D audio_hw_primary: enable_snd_device: snd_device(11: voice-handset)
03-30 00:11:16.052   503   948 D audio_hw_primary: enable_audio_route: apply and update mixer path: low-latency-playback cirrus
03-30 00:11:16.094   503   948 D msm8974_platform: platform_send_audio_calibration: sending audio calibration for snd_device(11) acdb_id(7)
03-30 00:11:16.094   503   948 D ACDB-LOADER: ACDB -> send_audio_cal, acdb_id = 7, path =  0
03-30 00:11:16.094   503   948 D ACDB-LOADER: ACDB -> send_asm_topology
03-30 00:11:16.094   503   948 D ACDB-LOADER: ACDB -> ACDB_CMD_GET_AUDPROC_STREAM_TOPOLOGY_ID
03-30 00:11:16.094   503   948 D ACDB-LOADER: ACDB -> send_adm_topology
03-30 00:11:16.094   503   948 D ACDB-LOADER: ACDB -> ACDB_CMD_GET_AUDPROC_COMMON_TOPOLOGY_ID
03-30 00:11:16.094   503   948 D ACDB-LOADER: ACDB -> send_audtable
03-30 00:11:16.094   503   948 D ACDB-LOADER: ACDB -> ACDB_CMD_GET_AUDPROC_COMMON_TABLE_SIZE
03-30 00:11:16.094   503   948 D         : ACDBFILE_MGR:Read the devices count as zero, please check the acdb file
03-30 00:11:16.094   503   948 D ACDB-LOADER: ACDB -> ACDB_CMD_GET_AUDPROC_COMMON_TABLE
03-30 00:11:16.094   503   948 D         : ACDBFILE_MGR:Read the devices count as zero, please check the acdb file
03-30 00:11:16.094   503   948 D ACDB-LOADER: ACDB -> AUDIO_SET_AUDPROC_CAL
03-30 00:11:16.094   503   948 D ACDB-LOADER: ACDB -> send_audvoltable
03-30 00:11:16.094   503   948 D ACDB-LOADER: ACDB -> ACDB_CMD_GET_AUDPROC_GAIN_DEP_STEP_TABLE
03-30 00:11:16.094   503   948 D         : ACDBFILE_MGR:Read the devices count as zero, please check the acdb file
03-30 00:11:16.094   503   948 D ACDB-LOADER: ACDB -> AUDIO_SET_AUDPROC_VOL_CAL
03-30 00:11:16.094   503   948 D ACDB-LOADER: ACDB -> send_audstrmtable
03-30 00:11:16.094   503   948 D ACDB-LOADER: ACDB -> ACDB_CMD_GET_AUDPROC_STREAM_TABLE_V2
03-30 00:11:16.094   503   948 D ACDB-LOADER: ACDB -> audstrm_cal->cal_type.cal_data.cal_size = 32
03-30 00:11:16.094   503   948 D ACDB-LOADER: ACDB -> send_afe_topology
03-30 00:11:16.094   503   948 D ACDB-LOADER: ACDB -> ACDB_CMD_GET_AFE_TOPOLOGY_ID
03-30 00:11:16.094   503   948 D ACDB-LOADER: ACDB -> GET_AFE_TOPOLOGY_ID for adcd_id 7, Topology Id 112fc
03-30 00:11:16.094   503   948 D ACDB-LOADER: ACDB -> send_afe_cal
03-30 00:11:16.094   503   948 D ACDB-LOADER: ACDB -> ACDB_CMD_GET_AFE_COMMON_TABLE
03-30 00:11:16.094   503   948 D         : ACDBFILE_MGR:Read the devices count as zero, please check the acdb file
03-30 00:11:16.094   503   948 D         : Failed to fetch the lookup information of the device 00000007 
03-30 00:11:16.094   503   948 D ACDB-LOADER: ACDB -> AUDIO_SET_AFE_CAL
03-30 00:11:16.094   503   948 D ACDB-LOADER: ACDB -> send_hw_delay : acdb_id = 7 path = 0
03-30 00:11:16.094   503   948 D ACDB-LOADER: ACDB -> ACDB_AVSYNC_INFO: ACDB_CMD_GET_DEVICE_PROPERTY
03-30 00:11:16.094   503   948 D msm8974_platform: platform_send_audio_calibration: sending audio calibration for snd_device(70) acdb_id(41)
03-30 00:11:16.094   503   948 D ACDB-LOADER: ACDB -> send_audio_cal, acdb_id = 41, path =  1
03-30 00:11:16.094   503   948 D ACDB-LOADER: ACDB -> send_asm_topology
03-30 00:11:16.094   503   948 D ACDB-LOADER: ACDB -> ACDB_CMD_GET_AUDPROC_STREAM_TOPOLOGY_ID
03-30 00:11:16.094   503   948 D ACDB-LOADER: ACDB -> send_adm_topology
03-30 00:11:16.094   503   948 D ACDB-LOADER: ACDB -> ACDB_CMD_GET_AUDPROC_COMMON_TOPOLOGY_ID
03-30 00:11:16.094   503   948 D ACDB-LOADER: ACDB -> send_audtable
03-30 00:11:16.095   503   948 D ACDB-LOADER: ACDB -> ACDB_CMD_GET_AUDPROC_COMMON_TABLE_SIZE
03-30 00:11:16.095   503   948 D         : ACDBFILE_MGR:Read the devices count as zero, please check the acdb file
03-30 00:11:16.095   503   948 D ACDB-LOADER: ACDB -> ACDB_CMD_GET_AUDPROC_COMMON_TABLE
03-30 00:11:16.095   503   948 D         : ACDBFILE_MGR:Read the devices count as zero, please check the acdb file
03-30 00:11:16.095   503   948 D ACDB-LOADER: ACDB -> AUDIO_SET_AUDPROC_CAL
03-30 00:11:16.095   503   948 D ACDB-LOADER: ACDB -> send_audvoltable
03-30 00:11:16.095   503   948 D ACDB-LOADER: ACDB -> ACDB_CMD_GET_AUDPROC_GAIN_DEP_STEP_TABLE
03-30 00:11:16.095   503   948 D         : ACDBFILE_MGR:Read the devices count as zero, please check the acdb file
03-30 00:11:16.095   503   948 D         : Failed to fetch the lookup information of the device 00000029 
03-30 00:11:16.095   503   948 D ACDB-LOADER: ACDB -> AUDIO_SET_AUDPROC_VOL_CAL
03-30 00:11:16.095   503   948 D ACDB-LOADER: ACDB -> send_audstrmtable
03-30 00:11:16.095   503   948 D ACDB-LOADER: ACDB -> ACDB_CMD_GET_AUDPROC_STREAM_TABLE_V2
03-30 00:11:16.095   503   948 D ACDB-LOADER: ACDB -> audstrm_cal->cal_type.cal_data.cal_size = 32
03-30 00:11:16.095   503   948 D ACDB-LOADER: ACDB -> send_afe_topology
03-30 00:11:16.095   503   948 D ACDB-LOADER: ACDB -> ACDB_CMD_GET_AFE_TOPOLOGY_ID
03-30 00:11:16.095   503   948 D ACDB-LOADER: ACDB -> GET_AFE_TOPOLOGY_ID for adcd_id 41, Topology Id 112fb
03-30 00:11:16.095   503   948 D ACDB-LOADER: ACDB -> send_afe_cal
03-30 00:11:16.095   503   948 D ACDB-LOADER: ACDB -> ACDB_CMD_GET_AFE_COMMON_TABLE
03-30 00:11:16.095   503   948 D         : ACDBFILE_MGR:Read the devices count as zero, please check the acdb file
03-30 00:11:16.095   503   948 D         : Failed to fetch the lookup information of the device 00000029 
03-30 00:11:16.095   503   948 D ACDB-LOADER: ACDB -> AUDIO_SET_AFE_CAL
03-30 00:11:16.095   503   948 D ACDB-LOADER: ACDB -> send_hw_delay : acdb_id = 41 path = 1
03-30 00:11:16.095   503   948 D ACDB-LOADER: ACDB -> ACDB_AVSYNC_INFO: ACDB_CMD_GET_DEVICE_PROPERTY
03-30 00:11:16.095   503   948 D audio_hw_primary: enable_snd_device: snd_device(70: voice-dmic-ef)
03-30 00:11:16.097   503   948 D ACDB-LOADER: ACDB -> send_voice_cal, acdb_rx = 7, acdb_tx = 41, feature_set = 0
03-30 00:11:16.097   503   948 D ACDB-LOADER: ACDB -> send_voice_rx_topology
03-30 00:11:16.097   503   948 D ACDB-LOADER: ACDB -> ACDB_CMD_GET_VOCPROC_COMMON_TOPOLOGY_ID
03-30 00:11:16.097   503   948 D ACDB-LOADER: ACDB -> send_voice_tx_topology
03-30 00:11:16.097   503   948 D ACDB-LOADER: ACDB -> ACDB_CMD_GET_VOCPROC_COMMON_TOPOLOGY_ID
03-30 00:11:16.097   503   948 D ACDB-LOADER: ACDB -> ACDB_CMD_GET_AFE_DATA
03-30 00:11:16.097   503   948 D         : ACDBFILE_MGR:Read the devices count as zero, please check the acdb file
03-30 00:11:16.097   503   948 D ACDB-LOADER: ACDB -> AUDIO_SET_SIDETONE_CAL
03-30 00:11:16.097   503   948 D ACDB-LOADER: ACDB -> send_voice_columns, rxacdb_id 7, txacdb_id 41, table 5
03-30 00:11:16.097   503   948 D ACDB-LOADER: ACDB -> ACDB_CMD_GET_VOC_COLUMNS_INFO_V2
03-30 00:11:16.097   503   948 D         : ACDBFILE_MGR:Read the devices count as zero, please check the acdb file
03-30 00:11:16.097   503   948 D ACDB-LOADER: ACDB -> ACDB_CMD_GET_VOC_PROC_STATIC_TABLE_SIZE
03-30 00:11:16.097   503   948 D         : ACDBFILE_MGR:Read the devices count as zero, please check the acdb file
03-30 00:11:16.097   503   948 D ACDB-LOADER: ACDB -> ACDB_CMD_GET_VOC_PROC_STATIC_TABLE
03-30 00:11:16.097   503   948 D         : ACDBFILE_MGR:Read the devices count as zero, please check the acdb file
03-30 00:11:16.098   503   948 D ACDB-LOADER: ACDB -> AUDIO_SET_VOCPROC_CAL
03-30 00:11:16.098   503   948 D ACDB-LOADER: ACDB -> ACDB_CMD_GET_VOC_PROC_DEVICE_CFG
03-30 00:11:16.098   503   948 D         : ACDBFILE_MGR:Read the devices count as zero, please check the acdb file
03-30 00:11:16.098   503   948 D ACDB-LOADER: ACDB -> AUDIO_SET_VOCPROC_DEV_CFG_CAL
03-30 00:11:16.098   503   948 D ACDB-LOADER: ACDB -> send_voice_columns, rxacdb_id 7, txacdb_id 41, table 4
03-30 00:11:16.098   503   948 D ACDB-LOADER: ACDB -> ACDB_CMD_GET_VOC_COLUMNS_INFO_V2
03-30 00:11:16.098   503   948 D         : ACDBFILE_MGR:Read the devices count as zero, please check the acdb file
03-30 00:11:16.098   503   948 D ACDB-LOADER: ACDB -> ACDB_CMD_GET_VOC_PROC_DYNAMIC_TABLE_SIZE
03-30 00:11:16.098   503   948 D         : ACDBFILE_MGR:Read the devices count as zero, please check the acdb file
03-30 00:11:16.100   503   948 D ACDB-LOADER: ACDB -> ACDB_CMD_GET_VOC_PROC_DYNAMIC_TABLE
03-30 00:11:16.100   503   948 D         : ACDBFILE_MGR:Read the devices count as zero, please check the acdb file
03-30 00:11:16.103   503   948 D ACDB-LOADER: ACDB -> AUDIO_SET_VOCPROC_VOL_CAL
03-30 00:11:16.103   503   948 D ACDB-LOADER: ACDB -> send_voice_columns, rxacdb_id 7, txacdb_id 41, table 6
03-30 00:11:16.103   503   948 D ACDB-LOADER: ACDB -> ACDB_CMD_GET_VOC_COLUMNS_INFO_V2
03-30 00:11:16.103   503   948 D ACDB-LOADER: ACDB -> ACDB_CMD_GET_VOC_STREAM_STATIC_TABLE_SIZE
03-30 00:11:16.103   503   948 D ACDB-LOADER: ACDB -> ACDB_CMD_GET_VOC_STREAM_STATIC_TABLE
03-30 00:11:16.103   503   948 D ACDB-LOADER: ACDB -> AUDIO_SET_VOCPROC_STREAM_CAL
03-30 00:11:16.103   503   948 D ACDB-LOADER: ACDB -> send_afe_topology
03-30 00:11:16.103   503   948 D ACDB-LOADER: ACDB -> ACDB_CMD_GET_AFE_TOPOLOGY_ID
03-30 00:11:16.103   503   948 D ACDB-LOADER: ACDB -> GET_AFE_TOPOLOGY_ID for adcd_id 41, Topology Id 112fb
03-30 00:11:16.103   503   948 D ACDB-LOADER: ACDB -> send_afe_cal
03-30 00:11:16.104   503   948 D ACDB-LOADER: ACDB -> ACDB_CMD_GET_AFE_COMMON_TABLE
03-30 00:11:16.104   503   948 D         : ACDBFILE_MGR:Read the devices count as zero, please check the acdb file
03-30 00:11:16.104   503   948 D         : Failed to fetch the lookup information of the device 00000029 
03-30 00:11:16.104   503   948 D ACDB-LOADER: ACDB -> AUDIO_SET_AFE_CAL
03-30 00:11:16.104   503   948 D ACDB-LOADER: ACDB -> send_afe_topology
03-30 00:11:16.104   503   948 D ACDB-LOADER: ACDB -> ACDB_CMD_GET_AFE_TOPOLOGY_ID
03-30 00:11:16.104   503   948 D ACDB-LOADER: ACDB -> GET_AFE_TOPOLOGY_ID for adcd_id 7, Topology Id 112fc
03-30 00:11:16.104   503   948 D ACDB-LOADER: ACDB -> send_afe_cal
03-30 00:11:16.104   503   948 D ACDB-LOADER: ACDB -> ACDB_CMD_GET_AFE_COMMON_TABLE
03-30 00:11:16.104   503   948 D         : ACDBFILE_MGR:Read the devices count as zero, please check the acdb file
03-30 00:11:16.104   503   948 D         : Failed to fetch the lookup information of the device 00000007 
03-30 00:11:16.104   503   948 D ACDB-LOADER: ACDB -> AUDIO_SET_AFE_CAL
03-30 00:11:16.104   503   948 D ACDB-LOADER: ACDB -> send_hw_delay : acdb_id = 41 path = 1
03-30 00:11:16.104   503   948 D ACDB-LOADER: ACDB -> ACDB_AVSYNC_INFO: ACDB_CMD_GET_DEVICE_PROPERTY
03-30 00:11:16.104   503   948 D ACDB-LOADER: ACDB -> send_hw_delay : acdb_id = 7 path = 0
03-30 00:11:16.104   503   948 D ACDB-LOADER: ACDB -> ACDB_AVSYNC_INFO: ACDB_CMD_GET_DEVICE_PROPERTY
03-30 00:11:16.104   503   948 D ACDB-LOADER: ACDB -> Sent VocProc Cal!
03-30 00:11:16.104   503   948 D audio_hw_primary: enable_audio_route: apply and update mixer path: voice2-call cirrus
03-30 00:11:16.173 20709 20767 D OpenGLRenderer: endAllActiveAnimators on 0xb81ebbb0 (ListPopupWindow$DropDownListView) with handle 0xb7f222d0
03-30 00:11:16.191   503   948 D voice   : voice_set_sidetone: enable, out_snd_device: 11
03-30 00:11:16.191   503   948 D voice   : voice_set_sidetone: sidetone out device = sidetone-handset
03-30 00:11:16.191   503   948 D audio_mot_cutback: earpiece status 1 sent to cutback
03-30 00:11:16.206   503   950 D audio_hw_primary: out_set_parameters: enter: usecase(0: deep-buffer-playback) kvpairs: routing=1
03-30 00:11:16.220   503   948 D audio_hw_primary: out_set_parameters: enter: usecase(1: low-latency-playback) kvpairs: routing=1
03-30 00:11:16.345 20709 20709 I InCall  : CallButtonFragment - CallButton: onClick(View android.widget.ToggleButton{f74603 V.ED..C.. ...P.... 108,0-252,144 #7f08001c app:id/audioButton})
03-30 00:11:16.358   503   948 D audio_hw_primary: out_set_parameters: enter: usecase(1: low-latency-playback) kvpairs: routing=1
03-30 00:11:16.420 20709 20709 I Calling_KPI_InCall: InCallActivity: onWindowFocusChanged(), hasFocus=false, mWokeup=false, incomingcall=null,screenOn=true
03-30 00:11:16.915  4680  4758 D SLPC    : slpc_poll_loop(): handled 1
03-30 00:11:16.915  4680  4758 D SLPC    : slpc_poll_handle_event(): transition
03-30 00:11:16.926  4680  4758 D SLPC    : slpc_poll_loop(): about to poll...
03-30 00:11:16.926  4680  4758 D sensorhub: sensorhub_poll() polling...
03-30 00:11:16.928  4680  4680 D ModalityService: ModalityListener(): callback onModalityChange() -> 1
03-30 00:11:16.928  1845  1861 D ModalityManager: onStartMovement(), package: android
03-30 00:11:16.928  1845  1845 D MotWifiScanMovementListener: MovementListener onStartMovement
03-30 00:11:16.990 20709 20709 I InCall  : CallButtonFragment - CallButton: - onMenuItemClick: Bluetooth
03-30 00:11:16.991  1845  5405 I Telecom : CallAudioManager: setSystemAudioState: changing from [AudioState isMuted: false, route: EARPIECE, supportedRouteMask: EARPIECE, BLUETOOTH, SPEAKER] to [AudioState isMuted: false, route: BLUETOOTH, supportedRouteMask: EARPIECE, BLUETOOTH, SPEAKER]
03-30 00:11:16.991  1845  5405 I Telecom : Event: Call 66: AUDIO_ROUTE, BLUETOOTH
03-30 00:11:16.995   503   948 D audio_hw_primary: out_set_parameters: enter: usecase(1: low-latency-playback) kvpairs: routing=1
03-30 00:11:16.998  1845  5405 I Telecom : CallAudioManager: connecting bluetooth true
03-30 00:11:17.000  6441  7173 D HeadsetStateMachine: Connected process message: 3, size: 1
03-30 00:11:17.000  6441  7173 D bt_btif : BTHF: connect_audio
03-30 00:11:17.000  6441  6552 D bt_btif : bta_ag_hdl_event: p_scb 0xaf946120 
03-30 00:11:17.000  6441  6552 D bt_btif : AG evt (hdl 0x0001): State 2, Event 0x0504
03-30 00:11:17.000  6441  6552 D bt_btif : BTA ag sco evt (hdl 0x0000): State 1, Event 1
03-30 00:11:17.000  6441  6552 D bt_btif : ag remove sco: inx 0x0000, status:0x0
03-30 00:11:17.000  6441  6552 D bt_btif : BTA AG SCO State Change: [1] -> [2] after Event [1]
03-30 00:11:17.000  6441  6552 D bt_btif : BTA ag sco evt (hdl 0xffff): State 2, Event 3
03-30 00:11:17.000  6441  6552 W bt_btm  : BTM Remote supports 2EV3/S3 negotiate
03-30 00:11:17.000  6441  6552 D bt_btif : ag create sco: orig 1, inx 0x0000, status 0x1, pkt types 0x038f
03-30 00:11:17.000  6441  6552 D bt_btif : BTA AG SCO State Change: [2] -> [3] after Event [3]
03-30 00:11:17.001  1845  5405 I Telecom : InCallController: Calling onAudioStateChanged, audioState: [AudioState isMuted: false, route: EARPIECE, supportedRouteMask: EARPIECE, BLUETOOTH, SPEAKER] -> [AudioState isMuted: false, route: BLUETOOTH, supportedRouteMask: EARPIECE, BLUETOOTH, SPEAKER]
03-30 00:11:17.001  6441  7173 D HeadsetStateMachine: Connected process message: 101, size: 1
03-30 00:11:17.001  6441  7173 D HeadsetStateMachine: event type: 2event device : 00:1E:7C:01:37:A5
03-30 00:11:17.002  1845  5503 D Checkin : publish the event [tag = MOT_CALL_STATS_L2 event name = CALL_BT_MODE]
03-30 00:11:17.002  6441  7173 D HeadsetStateMachine: Audio state 00:1E:7C:01:37:A5: 10->11
03-30 00:11:17.014 20709 20709 I Calling_KPI_InCall: InCallServiceImpl: onCallAudioStateChanged
03-30 00:11:17.015 20709 20709 I InCall  : ProximitySensor - ProximitySensor{keybrd=0, dpad=0, offhook=1, hor=1, ui=1, aud=BLUETOOTH}
03-30 00:11:17.015 20709 20709 I InCall  : ProximitySensor - Releasing proximity wake lock
03-30 00:11:17.017  1845  1941 I MotoSensors: Sensorhub hal setdelay: 8 - 0
03-30 00:11:17.018 20709 20709 I Calling_KPI_InCall: InCallActivity: onWindowFocusChanged(), hasFocus=true, mWokeup=false, incomingcall=null,screenOn=true
03-30 00:11:17.051  6441  6552 D bt_btif : bta_ag_hdl_event: p_scb 0xaf946120 
03-30 00:11:17.051  6441  6552 D bt_btif : AG evt (hdl 0x0001): State 2, Event 0x050c
03-30 00:11:17.051  6441  6552 D bt_btif : BTA ag sco evt (hdl 0x0000): State 3, Event 7
03-30 00:11:17.051  6441  6552 D bt_btif : BTA AG SCO State Change: [3] -> [6] after Event [7]
03-30 00:11:17.051  6441  6475 D bt_btif : btif_hf_upstreams_evt: event=BTA_AG_AUDIO_OPEN_EVT
03-30 00:11:17.051  6441  7173 D HeadsetStateMachine: Connected process message: 101, size: 1
03-30 00:11:17.051  6441  7173 D HeadsetStateMachine: event type: 2event device : 00:1E:7C:01:37:A5
03-30 00:11:17.051  6441  7173 D HeadsetStateMachine: Use NBS PCM samples:00:1E:7C:01:37:A5
03-30 00:11:17.053   503  5197 D audio_hw_primary: adev_set_parameters: enter: bt_wbs=off
03-30 00:11:17.053   503  5197 I bt_a2dp_hw: adev_set_parameters: state 4
03-30 00:11:17.053   503  5197 I bt_a2dp_hw: out_set_parameters: state 4
03-30 00:11:17.053   503  5197 I str_params: key: 'bt_wbs' value: 'off'
03-30 00:11:17.054   503  2932 D audio_hw_primary: adev_set_parameters: enter: bt_headset_nrec=off
03-30 00:11:17.054   503  2932 I bt_a2dp_hw: adev_set_parameters: state 4
03-30 00:11:17.054   503  2932 I bt_a2dp_hw: out_set_parameters: state 4
03-30 00:11:17.054   503  2932 I str_params: key: 'bt_headset_nrec' value: 'off'
03-30 00:11:17.056   503 17101 D audio_hw_primary: adev_set_parameters: enter: bt_headset_name=Philips SHB6110
03-30 00:11:17.056   503 17101 I bt_a2dp_hw: adev_set_parameters: state 4
03-30 00:11:17.056   503 17101 I bt_a2dp_hw: out_set_parameters: state 4
03-30 00:11:17.056   503 17101 I str_params: key: 'bt_headset_name' value: 'Philips SHB6110'
03-30 00:11:17.059  6441  7173 D HeadsetStateMachine: Audio state 00:1E:7C:01:37:A5: 11->12
03-30 00:11:17.059  6441  7173 D HeadsetStateMachine: Enter AudioOn: 101, size: 1
03-30 00:11:17.165   503   948 D audio_hw_primary: out_set_parameters: enter: usecase(1: low-latency-playback) kvpairs: 00:1E:7C:01:37:A5=;routing=32
03-30 00:11:17.166   503   948 D audio_hw_primary: select_devices: out_snd_device(17: bt-sco-headset) in_snd_device(64: bt-sco-mic)
03-30 00:11:17.166   503   948 D voice   : voice_set_sidetone: disable, out_snd_device: 11
03-30 00:11:17.166   503   948 D voice   : voice_set_sidetone: sidetone out device = sidetone-handset
03-30 00:11:17.169   503   948 D audio_hw_primary: disable_audio_route: reset and update mixer path: voice2-call cirrus
03-30 00:11:17.233   503   948 D audio_hw_primary: disable_audio_route: reset and update mixer path: voice2-call cirrus
03-30 00:11:17.233   503   948 D audio_hw_primary: disable_snd_device: snd_device(70: voice-dmic-ef)
03-30 00:11:17.236   503   948 D msm8974_platform: platform_send_audio_calibration: sending audio calibration for snd_device(17) acdb_id(22)
03-30 00:11:17.236   503   948 D ACDB-LOADER: ACDB -> send_audio_cal, acdb_id = 22, path =  0
03-30 00:11:17.236   503   948 D ACDB-LOADER: ACDB -> send_asm_topology
03-30 00:11:17.236   503   948 D ACDB-LOADER: ACDB -> ACDB_CMD_GET_AUDPROC_STREAM_TOPOLOGY_ID
03-30 00:11:17.236   503   948 D ACDB-LOADER: ACDB -> send_adm_topology
03-30 00:11:17.236   503   948 D ACDB-LOADER: ACDB -> ACDB_CMD_GET_AUDPROC_COMMON_TOPOLOGY_ID
03-30 00:11:17.236   503   948 D ACDB-LOADER: ACDB -> send_audtable
03-30 00:11:17.236   503   948 D ACDB-LOADER: ACDB -> ACDB_CMD_GET_AUDPROC_COMMON_TABLE_SIZE
03-30 00:11:17.237   503   948 D ACDB-LOADER: ACDB -> ACDB_CMD_GET_AUDPROC_COMMON_TABLE
03-30 00:11:17.237   503   948 D ACDB-LOADER: ACDB -> AUDIO_SET_AUDPROC_CAL
03-30 00:11:17.237   503   948 D ACDB-LOADER: ACDB -> send_audvoltable
03-30 00:11:17.237   503   948 D ACDB-LOADER: ACDB -> ACDB_CMD_GET_AUDPROC_GAIN_DEP_STEP_TABLE
03-30 00:11:17.237   503   948 D         : Failed to fetch the lookup information of the device 00000016 
03-30 00:11:17.237   503   948 D ACDB-LOADER: ACDB -> AUDIO_SET_AUDPROC_VOL_CAL
03-30 00:11:17.237   503   948 D ACDB-LOADER: ACDB -> send_audstrmtable
03-30 00:11:17.237   503   948 D ACDB-LOADER: ACDB -> ACDB_CMD_GET_AUDPROC_STREAM_TABLE_V2
03-30 00:11:17.237   503   948 D ACDB-LOADER: ACDB -> audstrm_cal->cal_type.cal_data.cal_size = 32
03-30 00:11:17.237   503   948 D ACDB-LOADER: ACDB -> send_afe_topology
03-30 00:11:17.237   503   948 D ACDB-LOADER: ACDB -> ACDB_CMD_GET_AFE_TOPOLOGY_ID
03-30 00:11:17.237   503   948 D ACDB-LOADER: ACDB -> GET_AFE_TOPOLOGY_ID for adcd_id 22, Topology Id 112fc
03-30 00:11:17.237   503   948 D ACDB-LOADER: ACDB -> send_afe_cal
03-30 00:11:17.237   503   948 D ACDB-LOADER: ACDB -> ACDB_CMD_GET_AFE_COMMON_TABLE
03-30 00:11:17.237   503   948 D         : Failed to fetch the lookup information of the device 00000016 
03-30 00:11:17.237   503   948 D ACDB-LOADER: ACDB -> AUDIO_SET_AFE_CAL
03-30 00:11:17.237   503   948 D ACDB-LOADER: ACDB -> send_hw_delay : acdb_id = 22 path = 0
03-30 00:11:17.237   503   948 D ACDB-LOADER: ACDB -> ACDB_AVSYNC_INFO: ACDB_CMD_GET_DEVICE_PROPERTY
03-30 00:11:17.237   503   948 D audio_hw_primary: enable_snd_device: snd_device(17: bt-sco-headset)
03-30 00:11:17.237   503   948 D msm8974_platform: platform_send_audio_calibration: sending audio calibration for snd_device(64) acdb_id(21)
03-30 00:11:17.237   503   948 D ACDB-LOADER: ACDB -> send_audio_cal, acdb_id = 21, path =  1
03-30 00:11:17.237   503   948 D ACDB-LOADER: ACDB -> send_asm_topology
03-30 00:11:17.237   503   948 D ACDB-LOADER: ACDB -> ACDB_CMD_GET_AUDPROC_STREAM_TOPOLOGY_ID
03-30 00:11:17.237   503   948 D ACDB-LOADER: ACDB -> send_adm_topology
03-30 00:11:17.237   503   948 D ACDB-LOADER: ACDB -> ACDB_CMD_GET_AUDPROC_COMMON_TOPOLOGY_ID
03-30 00:11:17.237   503   948 D ACDB-LOADER: ACDB -> send_audtable
03-30 00:11:17.237   503   948 D ACDB-LOADER: ACDB -> ACDB_CMD_GET_AUDPROC_COMMON_TABLE_SIZE
03-30 00:11:17.237   503   948 D ACDB-LOADER: ACDB -> ACDB_CMD_GET_AUDPROC_COMMON_TABLE
03-30 00:11:17.237   503   948 D ACDB-LOADER: ACDB -> AUDIO_SET_AUDPROC_CAL
03-30 00:11:17.237   503   948 D ACDB-LOADER: ACDB -> send_audvoltable
03-30 00:11:17.237   503   948 D ACDB-LOADER: ACDB -> ACDB_CMD_GET_AUDPROC_GAIN_DEP_STEP_TABLE
03-30 00:11:17.237   503   948 D         : Failed to fetch the lookup information of the device 00000015 
03-30 00:11:17.237   503   948 D ACDB-LOADER: ACDB -> AUDIO_SET_AUDPROC_VOL_CAL
03-30 00:11:17.237   503   948 D ACDB-LOADER: ACDB -> send_audstrmtable
03-30 00:11:17.237   503   948 D ACDB-LOADER: ACDB -> ACDB_CMD_GET_AUDPROC_STREAM_TABLE_V2
03-30 00:11:17.237   503   948 D ACDB-LOADER: ACDB -> audstrm_cal->cal_type.cal_data.cal_size = 32
03-30 00:11:17.237   503   948 D ACDB-LOADER: ACDB -> send_afe_topology
03-30 00:11:17.237   503   948 D ACDB-LOADER: ACDB -> ACDB_CMD_GET_AFE_TOPOLOGY_ID
03-30 00:11:17.237   503   948 D ACDB-LOADER: ACDB -> GET_AFE_TOPOLOGY_ID for adcd_id 21, Topology Id 112fb
03-30 00:11:17.237   503   948 D ACDB-LOADER: ACDB -> send_afe_cal
03-30 00:11:17.237   503   948 D ACDB-LOADER: ACDB -> ACDB_CMD_GET_AFE_COMMON_TABLE
03-30 00:11:17.237   503   948 D         : Failed to fetch the lookup information of the device 00000015 
03-30 00:11:17.237   503   948 D ACDB-LOADER: ACDB -> AUDIO_SET_AFE_CAL
03-30 00:11:17.237   503   948 D ACDB-LOADER: ACDB -> send_hw_delay : acdb_id = 21 path = 1
03-30 00:11:17.238   503   948 D ACDB-LOADER: ACDB -> ACDB_AVSYNC_INFO: ACDB_CMD_GET_DEVICE_PROPERTY
03-30 00:11:17.238   503   948 D audio_hw_primary: enable_snd_device: snd_device(64: bt-sco-mic)
03-30 00:11:17.238   503   948 D ACDB-LOADER: ACDB -> send_voice_cal, acdb_rx = 22, acdb_tx = 21, feature_set = 0
03-30 00:11:17.238   503   948 D ACDB-LOADER: ACDB -> send_voice_rx_topology
03-30 00:11:17.238   503   948 D ACDB-LOADER: ACDB -> ACDB_CMD_GET_VOCPROC_COMMON_TOPOLOGY_ID
03-30 00:11:17.238   503   948 D ACDB-LOADER: ACDB -> send_voice_tx_topology
03-30 00:11:17.238   503   948 D ACDB-LOADER: ACDB -> ACDB_CMD_GET_VOCPROC_COMMON_TOPOLOGY_ID
03-30 00:11:17.238   503   948 D ACDB-LOADER: ACDB -> ACDB_CMD_GET_AFE_DATA
03-30 00:11:17.238   503   948 D ACDB-LOADER: ACDB -> AUDIO_SET_SIDETONE_CAL
03-30 00:11:17.238   503   948 D ACDB-LOADER: ACDB -> send_voice_columns, rxacdb_id 22, txacdb_id 21, table 5
03-30 00:11:17.238   503   948 D ACDB-LOADER: ACDB -> ACDB_CMD_GET_VOC_COLUMNS_INFO_V2
03-30 00:11:17.238   503   948 D ACDB-LOADER: ACDB -> ACDB_CMD_GET_VOC_PROC_STATIC_TABLE_SIZE
03-30 00:11:17.238   503   948 D ACDB-LOADER: ACDB -> ACDB_CMD_GET_VOC_PROC_STATIC_TABLE
03-30 00:11:17.239   503   948 D ACDB-LOADER: ACDB -> AUDIO_SET_VOCPROC_CAL
03-30 00:11:17.239   503   948 D ACDB-LOADER: ACDB -> ACDB_CMD_GET_VOC_PROC_DEVICE_CFG
03-30 00:11:17.239   503   948 D ACDB-LOADER: ACDB -> AUDIO_SET_VOCPROC_DEV_CFG_CAL
03-30 00:11:17.239   503   948 D ACDB-LOADER: ACDB -> send_voice_columns, rxacdb_id 22, txacdb_id 21, table 4
03-30 00:11:17.239   503   948 D ACDB-LOADER: ACDB -> ACDB_CMD_GET_VOC_COLUMNS_INFO_V2
03-30 00:11:17.239   503   948 D ACDB-LOADER: ACDB -> ACDB_CMD_GET_VOC_PROC_DYNAMIC_TABLE_SIZE
03-30 00:11:17.240   503   948 D ACDB-LOADER: ACDB -> ACDB_CMD_GET_VOC_PROC_DYNAMIC_TABLE
03-30 00:11:17.243   503   948 D ACDB-LOADER: ACDB -> AUDIO_SET_VOCPROC_VOL_CAL
03-30 00:11:17.243   503   948 D ACDB-LOADER: ACDB -> send_voice_columns, rxacdb_id 22, txacdb_id 21, table 6
03-30 00:11:17.243   503   948 D ACDB-LOADER: ACDB -> ACDB_CMD_GET_VOC_COLUMNS_INFO_V2
03-30 00:11:17.243   503   948 D ACDB-LOADER: ACDB -> ACDB_CMD_GET_VOC_STREAM_STATIC_TABLE_SIZE
03-30 00:11:17.243   503   948 D ACDB-LOADER: ACDB -> ACDB_CMD_GET_VOC_STREAM_STATIC_TABLE
03-30 00:11:17.243   503   948 D ACDB-LOADER: ACDB -> AUDIO_SET_VOCPROC_STREAM_CAL
03-30 00:11:17.243   503   948 D ACDB-LOADER: ACDB -> send_afe_topology
03-30 00:11:17.243   503   948 D ACDB-LOADER: ACDB -> ACDB_CMD_GET_AFE_TOPOLOGY_ID
03-30 00:11:17.243   503   948 D ACDB-LOADER: ACDB -> GET_AFE_TOPOLOGY_ID for adcd_id 21, Topology Id 112fb
03-30 00:11:17.243   503   948 D ACDB-LOADER: ACDB -> send_afe_cal
03-30 00:11:17.243   503   948 D ACDB-LOADER: ACDB -> ACDB_CMD_GET_AFE_COMMON_TABLE
03-30 00:11:17.243   503   948 D         : Failed to fetch the lookup information of the device 00000015 
03-30 00:11:17.243   503   948 D ACDB-LOADER: ACDB -> AUDIO_SET_AFE_CAL
03-30 00:11:17.243   503   948 D ACDB-LOADER: ACDB -> send_afe_topology
03-30 00:11:17.243   503   948 D ACDB-LOADER: ACDB -> ACDB_CMD_GET_AFE_TOPOLOGY_ID
03-30 00:11:17.243   503   948 D ACDB-LOADER: ACDB -> GET_AFE_TOPOLOGY_ID for adcd_id 22, Topology Id 112fc
03-30 00:11:17.243   503   948 D ACDB-LOADER: ACDB -> send_afe_cal
03-30 00:11:17.243   503   948 D ACDB-LOADER: ACDB -> ACDB_CMD_GET_AFE_COMMON_TABLE
03-30 00:11:17.243   503   948 D         : Failed to fetch the lookup information of the device 00000016 
03-30 00:11:17.243   503   948 D ACDB-LOADER: ACDB -> AUDIO_SET_AFE_CAL
03-30 00:11:17.243   503   948 D ACDB-LOADER: ACDB -> send_hw_delay : acdb_id = 21 path = 1
03-30 00:11:17.243   503   948 D ACDB-LOADER: ACDB -> ACDB_AVSYNC_INFO: ACDB_CMD_GET_DEVICE_PROPERTY
03-30 00:11:17.243   503   948 D ACDB-LOADER: ACDB -> send_hw_delay : acdb_id = 22 path = 0
03-30 00:11:17.243   503   948 D ACDB-LOADER: ACDB -> ACDB_AVSYNC_INFO: ACDB_CMD_GET_DEVICE_PROPERTY
03-30 00:11:17.243   503   948 D ACDB-LOADER: ACDB -> Sent VocProc Cal!
03-30 00:11:17.243   503   948 D audio_hw_primary: enable_audio_route: apply and update mixer path: voice2-call bt-sco
03-30 00:11:17.263   503   948 D voice   : voice_set_sidetone: enable, out_snd_device: 17
03-30 00:11:17.263   503   948 D voice   : voice_set_sidetone: device 17 does not support sidetone
03-30 00:11:17.263   503   948 D audio_hw_primary: select_devices: out_snd_device(17: bt-sco-headset) in_snd_device(0: none)
03-30 00:11:17.263   503   948 D audio_hw_primary: disable_audio_route: reset and update mixer path: low-latency-playback cirrus
03-30 00:11:17.297   503   948 D audio_hw_primary: disable_snd_device: snd_device(11: voice-handset)
03-30 00:11:17.298   503   948 D msm8974_platform: platform_send_audio_calibration: sending audio calibration for snd_device(17) acdb_id(22)
03-30 00:11:17.298   503   948 D ACDB-LOADER: ACDB -> send_audio_cal, acdb_id = 22, path =  0
03-30 00:11:17.298   503   948 D ACDB-LOADER: ACDB -> send_asm_topology
03-30 00:11:17.298   503   948 D ACDB-LOADER: ACDB -> ACDB_CMD_GET_AUDPROC_STREAM_TOPOLOGY_ID
03-30 00:11:17.298   503   948 D ACDB-LOADER: ACDB -> send_adm_topology
03-30 00:11:17.298   503   948 D ACDB-LOADER: ACDB -> ACDB_CMD_GET_AUDPROC_COMMON_TOPOLOGY_ID
03-30 00:11:17.298   503   948 D ACDB-LOADER: ACDB -> send_audtable
03-30 00:11:17.298   503   948 D ACDB-LOADER: ACDB -> ACDB_CMD_GET_AUDPROC_COMMON_TABLE_SIZE
03-30 00:11:17.298   503   948 D ACDB-LOADER: ACDB -> ACDB_CMD_GET_AUDPROC_COMMON_TABLE
03-30 00:11:17.298   503   948 D ACDB-LOADER: ACDB -> AUDIO_SET_AUDPROC_CAL
03-30 00:11:17.298   503   948 D ACDB-LOADER: ACDB -> send_audvoltable
03-30 00:11:17.298   503   948 D ACDB-LOADER: ACDB -> ACDB_CMD_GET_AUDPROC_GAIN_DEP_STEP_TABLE
03-30 00:11:17.299   503   948 D         : Failed to fetch the lookup information of the device 00000016 
03-30 00:11:17.299   503   948 D ACDB-LOADER: ACDB -> AUDIO_SET_AUDPROC_VOL_CAL
03-30 00:11:17.299   503   948 D ACDB-LOADER: ACDB -> send_audstrmtable
03-30 00:11:17.299   503   948 D ACDB-LOADER: ACDB -> ACDB_CMD_GET_AUDPROC_STREAM_TABLE_V2
03-30 00:11:17.299   503   948 D ACDB-LOADER: ACDB -> audstrm_cal->cal_type.cal_data.cal_size = 32
03-30 00:11:17.299   503   948 D ACDB-LOADER: ACDB -> send_afe_topology
03-30 00:11:17.299   503   948 D ACDB-LOADER: ACDB -> ACDB_CMD_GET_AFE_TOPOLOGY_ID
03-30 00:11:17.299   503   948 D ACDB-LOADER: ACDB -> GET_AFE_TOPOLOGY_ID for adcd_id 22, Topology Id 112fc
03-30 00:11:17.299   503   948 D ACDB-LOADER: ACDB -> send_afe_cal
03-30 00:11:17.299   503   948 D ACDB-LOADER: ACDB -> ACDB_CMD_GET_AFE_COMMON_TABLE
03-30 00:11:17.299   503   948 D         : Failed to fetch the lookup information of the device 00000016 
03-30 00:11:17.299   503   948 D ACDB-LOADER: ACDB -> AUDIO_SET_AFE_CAL
03-30 00:11:17.299   503   948 D ACDB-LOADER: ACDB -> send_hw_delay : acdb_id = 22 path = 0
03-30 00:11:17.299   503   948 D ACDB-LOADER: ACDB -> ACDB_AVSYNC_INFO: ACDB_CMD_GET_DEVICE_PROPERTY
03-30 00:11:17.299   503   948 D audio_hw_primary: enable_audio_route: apply and update mixer path: low-latency-playback bt-sco
03-30 00:11:17.313   503   948 D audio_mot_cutback: earpiece status 0 sent to cutback
03-30 00:11:17.317   503   950 D audio_hw_primary: out_set_parameters: enter: usecase(0: deep-buffer-playback) kvpairs: 00:1E:7C:01:37:A5=;routing=32
03-30 00:11:17.339 20709 20767 D OpenGLRenderer: endAllActiveAnimators on 0xb81ed608 (ListPopupWindow$DropDownListView) with handle 0xb7e20838
03-30 00:11:17.340   503   948 D audio_hw_primary: out_set_parameters: enter: usecase(1: low-latency-playback) kvpairs: 00:1E:7C:01:37:A5=;routing=32
03-30 00:11:17.355   486   486 I SFPerfTracer:      triggers: (rate: 1095:22927) (compose: 67:1645) (post: 1:105) (render: 1:1421) (54:1069309 frames) (55:1126256)
03-30 00:11:17.355   486   486 D SFPerfTracer:        layers: (6:12) (FocusedStackFrame (0xb744fd28): 0:3713)* (DimLayer (0xb74523b8): 0:43)* (DimLayer (0xb7455320): 0:2)* (StatusBar (0xb745a040): 0:211113) (com.android.systemui.ImageWallpaper (0xb74691e8): 0:6884) (DimLayer (0xb7473fd8): 0:1791)* (DimLayer (0xb746e9f0): 0:387)* (com.google.android.googlequicksearchbox/com.google.android.launcher.GEL (0xb74a4b28): 0:1119) (com.android.dialer/com.android.incallui.InCallActivity (0xb7444800): 49:180) (NavigationBar (0xb74a78a0): 0:18) (PopupWindow:8eed93f (0xb74926f0): 0:43)- (PopupWindow:596902f (0xb74926f0): 39:42) 
03-30 00:11:17.359   503   948 D audio_hw_primary: out_set_parameters: enter: usecase(1: low-latency-playback) kvpairs: 00:1E:7C:01:37:A5=;routing=32
03-30 00:11:17.380   503   950 D audio_hw_primary: out_set_parameters: enter: usecase(0: deep-buffer-playback) kvpairs: 00:1E:7C:01:37:A5=;routing=32
03-30 00:11:17.393   503   948 D audio_hw_primary: out_set_parameters: enter: usecase(1: low-latency-playback) kvpairs: 00:1E:7C:01:37:A5=;routing=32
03-30 00:11:17.502  1845  1857 I art     : Background partial concurrent mark sweep GC freed 21797(1180KB) AllocSpace objects, 5(764KB) LOS objects, 25% free, 46MB/62MB, paused 2.033ms total 165.401ms
03-30 00:11:17.729  3097 21785 I GCoreUlr: Successfully inserted 1 locations
03-30 00:11:18.085  6441  6552 D bt_btm_pm: btm_pm_proc_mode_change switched from ACTIVE to SNIFF.
03-30 00:11:18.698  1845  5300 V OSNPGlue_jni: Entering  : void onSetRequestJNI(izat_manager::IzatRequest*)
03-30 00:11:18.725  1845  5362 D WifiService: acquireWifiLockLocked: WifiLock{NlpWifiLock type=2 binder=android.os.BinderProxy@fbae1}
03-30 00:11:20.069   503   948 D audio_hw_primary: disable_audio_route: reset and update mixer path: low-latency-playback bt-sco
03-30 00:11:20.809   486   679 I SFPerfTracer:      triggers: (rate: 35:770) (1976606 sw vsyncs) (0 skipped) (412:1434672 vsyncs) (414:3486331)
03-30 00:11:21.719  4606  5012 I chatty  : uid=10059(com.android.systemui) PhoneStatusBar expire 7 lines
03-30 00:11:22.025  1845  4477 D WifiService: New client listening to asynchronous messages
03-30 00:11:22.251  1845  5603 V OSNPGlue_jni: Entering  : void onJavaLocationChanged(JNIEnv*, jobject, jboolean, jlong, jboolean, jlong, jboolean, jdouble, jboolean, jdouble, jboolean, jfloat, jboolean, jdouble, jboolean, jfloat, jboolean, jfloat)
03-30 00:11:22.259  1845  4650 D WifiService: releaseWifiLockLocked: WifiLock{NlpWifiLock type=2 binder=android.os.BinderProxy@fbae1}
03-30 00:11:22.341 16149 16210 D ClClient: Not sending keepalive.  Current connection state=STOPPED
03-30 00:11:23.960  6441  6441 D HeadsetPhoneState: sendDeviceStateChanged. mService=1 mSignal=4 mRoam=0 mBatteryCharge=1
03-30 00:11:23.961  6441  7173 D HeadsetStateMachine: AudioOn process message: 11, size: 1
03-30 00:11:23.961  6441  7173 D bt_btif : BTHF: device_status_notification
03-30 00:11:23.961  6441  6552 D bt_btif : AG evt (hdl 0x0001): State 2, Event 0x0506
03-30 00:11:23.961  6441  6552 D bt_btif : bta_ag_hfp_result : res = 5
03-30 00:11:23.961  6441  6552 D bt_btif : AG evt (hdl 0x0001): State 2, Event 0x0506
03-30 00:11:23.961  6441  6552 D bt_btif : bta_ag_hfp_result : res = 5
03-30 00:11:23.961  6441  6552 D bt_btif : AG evt (hdl 0x0001): State 2, Event 0x0506
03-30 00:11:23.961  6441  6552 D bt_btif : bta_ag_hfp_result : res = 5
03-30 00:11:23.961  6441  6552 D bt_btif : AG evt (hdl 0x0001): State 2, Event 0x0506
03-30 00:11:23.961  6441  6552 D bt_btif : bta_ag_hfp_result : res = 5
03-30 00:11:24.237  6441  6552 D bt_btm_pm: btm_pm_proc_mode_change switched from SNIFF to ACTIVE.
03-30 00:11:24.684  6441  6552 E bt_rfcomm: PORT_DataInd, p_port:0xaf93eb24, p_data_co_callback is null
03-30 00:11:24.684  6441  6552 D bt_btif : bta_ag_hdl_event: p_scb 0xaf946120 
03-30 00:11:24.684  6441  6552 D bt_btif : AG evt (hdl 0x0001): State 2, Event 0x050b
03-30 00:11:24.690  6441  6552 D bt_btif : HFP AT cmd:6 arg_type:1 arg:0 arg:
03-30 00:11:24.690  6441  6552 D bt_btif : bta_ag_rfc_data, change link policy for SCO
03-30 00:11:24.691  6441  6475 D bt_btif : btif_hf_upstreams_evt: event=BTA_AG_AT_CHUP_EVT
03-30 00:11:24.691  6441  7173 D HeadsetStateMachine: AudioOn process message: 101, size: 1
03-30 00:11:24.691  6441  7173 D HeadsetStateMachine: event type: 5
03-30 00:11:24.692  1845  5378 I Telecom : BluetoothPhoneService: BT - hanging up call
03-30 00:11:24.692  1845  5378 I Telecom : Event: Call 66: REQUEST_DISCONNECT, null
03-30 00:11:24.701  1845  5378 I Telecom : Call: Send disconnect to connection service for call: [217763869, ACTIVE, com.android.phone/com.android.services.telephony.TelephonyConnectionService, tel:*********, A, ComponentInfo{com.android.phone/com.android.services.telephony.TelephonyConnectionService}, [a17477d7ceeb7f2dd162abbb6c5fd13a0acb0473], UserHandle{0}, childs(0), has_parent(false), [[Capabilities: CAPABILITY_HOLD CAPABILITY_SUPPORT_HOLD CAPABILITY_MUTE]]]
03-30 00:11:24.731   503  2933 I str_params: key: 'all_call_states' value: ''
03-30 00:11:24.923   503 21962 I str_params: key: 'all_call_states' value: ''
03-30 00:11:24.924   503  5197 D audio_hw_primary: adev_set_parameters: enter: vsid=299651072;call_state=1
03-30 00:11:24.924   503  5197 D voice_extn: update_call_states is_call_active:1 in_call:1, mode:2
03-30 00:11:24.924   503  5197 D voice_extn: update_calls: enter:
03-30 00:11:24.924   503  5197 D voice_extn: update_calls: cur_state=1 new_state=1 vsid=11c05000
03-30 00:11:24.924   503  5197 D voice_extn: update_calls: cur_state=2 new_state=1 vsid=11dc5000
03-30 00:11:24.924   503  5197 D voice_extn: update_calls: ACTIVE/HOLD/LOCAL_HOLD -> INACTIVE vsid:11dc5000
03-30 00:11:24.924   503  5197 D voice   : voice_stop_usecase: enter usecase:voice2-call
03-30 00:11:24.924   503  5197 D voice   : voice_set_sidetone: disable, out_snd_device: 17
03-30 00:11:24.924   503  5197 D voice   : voice_set_sidetone: device 17 does not support sidetone
03-30 00:11:24.944   503  5197 D audio_hw_primary: disable_audio_route: reset and update mixer path: voice2-call bt-sco
03-30 00:11:24.946   503  5197 D audio_hw_primary: disable_snd_device: snd_device(17: bt-sco-headset)
03-30 00:11:24.946   503  5197 D audio_hw_primary: disable_snd_device: snd_device(64: bt-sco-mic)
03-30 00:11:24.946   503  5197 D voice   : voice_stop_usecase: exit: status(0)
03-30 00:11:24.946   503  5197 D voice_extn: update_calls: cur_state=1 new_state=1 vsid=10c02000
03-30 00:11:24.946   503  5197 D voice_extn: update_calls: cur_state=1 new_state=1 vsid=10803000
03-30 00:11:24.946   503  5197 D voice_extn: update_calls: cur_state=1 new_state=1 vsid=10002000
03-30 00:11:24.946   503  5197 I bt_a2dp_hw: adev_set_parameters: state 4
03-30 00:11:24.946   503  5197 I bt_a2dp_hw: out_set_parameters: state 4
03-30 00:11:24.946   503  5197 I str_params: key: 'vsid' value: '299651072'
03-30 00:11:24.946   503  5197 I str_params: key: 'call_state' value: '1'
03-30 00:11:24.948   503   503 I str_params: key: 'all_call_states' value: ''
03-30 00:11:24.948  5777  5813 D QcrilMsgTunnelSocket: readRilMessage: Buffer = [B@29219df HexData = [01000000040400002b000000514f454d484f4f4bf70308001b000000767369643d3239393635313037323b63616c6c5f73746174653d31]
03-30 00:11:24.948  5777  5813 D QcrilMsgTunnelSocket: Rcvd UNSOL response with 52 bytes data for SUB0
03-30 00:11:24.948  5777  5813 D QcrilMsgTunnelSocket: AudioState data received: vsid=299651072;call_state=1
03-30 00:11:24.948  5777  5813 D QcrilMsgTunnelSocket: Broadcasting intent ACTION_AUDIO_STATE_CHANGED
03-30 00:11:24.949   503  5197 I str_params: key: 'all_call_states' value: ''
03-30 00:11:24.959  5777  5813 D QcrilMsgTunnelSocket: readRilMessage: Buffer = [B@29219df HexData = [010000000404000011000000514f454d484f4f4bef0308000100000003]
03-30 00:11:24.959  5777  5813 D QcrilMsgTunnelSocket: Rcvd UNSOL response with 28 bytes data for SUB0
03-30 00:11:24.959  5777  5813 D QcrilMsgTunnelSocket: Response ID 525295 is not served in this process.
03-30 00:11:24.959  5777  5813 D QcrilMsgTunnelSocket: To broadcast an Intent via the notifier to external apps
03-30 00:11:24.959  5777  5777 D QcrilMsgTunnelIfaceManager: handleMessage what = 0
03-30 00:11:24.961  5366  5366 D QC_RIL_OEM_HOOK: Received Broadcast Intent ACTION_UNSOL_RESPONSE_OEM_HOOK_RAW
03-30 00:11:24.961  5366  5366 D QC_RIL_OEM_HOOK: Oem ID in QCRILHOOK UNSOL RESP is QOEMHOOK
03-30 00:11:25.003  4666  4666 W ContextImpl: Calling a method in the system process without a qualified user: android.app.ContextImpl.sendBroadcast:763 android.content.ContextWrapper.sendBroadcast:396 com.motorola.bach.modemstats.MSimPhoneStateListener.setVoiceCallActive:287 com.motorola.bach.modemstats.MSimPhoneStateListener.onCallStateChanged:270 android.telephony.PhoneStateListener$1.handleMessage:295 
03-30 00:11:25.005  5366  5366 I Calling_KPI_Telephony: GsmConnection: Update state from ACTIVE to DISCONNECTED
03-30 00:11:25.008  1845  5405 I Telecom : InCallController: Sending updateCall [217763869, ACTIVE, com.android.phone/com.android.services.telephony.TelephonyConnectionService, tel:*********, A, ComponentInfo{com.android.phone/com.android.services.telephony.TelephonyConnectionService}, [a17477d7ceeb7f2dd162abbb6c5fd13a0acb0473], UserHandle{0}, childs(0), has_parent(false), [[Capabilities: CAPABILITY_HOLD CAPABILITY_SUPPORT_HOLD CAPABILITY_MUTE]]] ==> [InCall@128, parent:null, children:[]]
03-30 00:11:25.008  1845  5405 I Telecom : InCallController: Components updated: [ComponentInfo{com.android.dialer/com.android.incallui.InCallServiceImpl}]
03-30 00:11:25.010  1845  5405 I Telecom : InCallController: Sending updateCall [217763869, ACTIVE, com.android.phone/com.android.services.telephony.T