03-29 22:03:54.517   486   679 I chatty  : uid=1000(system) EventThread expire 8 lines
03-29 22:03:54.659  1845  1941 I chatty  : uid=1000(system) PowerManagerSer expire 4 lines
03-29 22:03:54.660  1845  1900 I chatty  : uid=1000(system) android.fg expire 5 lines
03-29 22:03:55.040  3097 24872 E ActivityThread: Failed to find provider info for com.google.android.wearable.settings
03-29 22:03:55.063 26038 26038 I chatty  : uid=1000(system) expire 2 lines
03-29 22:03:55.332  4606  4606 D StatusBarKeyguardViewManager: showKeyguard, but hide Bouncer
03-29 22:03:55.405  4606  4606 V KeyguardStatusView: refresh statusview showing:true
03-29 22:03:55.414  4606  4606 V KeyguardDisplayManager: show
03-29 22:03:56.010  1845  5389 I chatty  : uid=1000(system) Binder_A expire 3 lines
03-29 22:03:56.076  3097 24464 E ActivityThread: Failed to find provider info for com.google.android.wearable.settings
03-29 22:03:56.105  1845  1845 I chatty  : uid=1000 system_server expire 14 lines
03-29 22:03:56.524  1845  4477 I chatty  : uid=1000(system) WifiService expire 3 lines
03-29 22:03:57.085  3097 24464 E ActivityThread: Failed to find provider info for com.google.android.wearable.settings
03-29 22:03:58.107  3097 24464 E ActivityThread: Failed to find provider info for com.google.android.wearable.settings
03-29 22:03:58.337  4606  4606 V KeyguardDisplayManager: hide
03-29 22:03:58.409  1845  1862 I chatty  : uid=1000(system) Binder_2 expire 3 lines
03-29 22:03:58.463  1845  5362 I chatty  : uid=1000(system) Binder_5 expire 4 lines
03-29 22:03:58.627  1845  5407 I chatty  : uid=1000(system) Binder_C expire 4 lines
03-29 22:03:58.924  1845  1896 I chatty  : uid=1000(system) ActivityManager expire 5 lines
03-29 22:03:59.137  3097 24464 E ActivityThread: Failed to find provider info for com.google.android.wearable.settings
03-29 22:03:59.430  1845  1861 I chatty  : uid=1000(system) Binder_1 expire 4 lines
03-29 22:04:00.150  3097 24464 E ActivityThread: Failed to find provider info for com.google.android.wearable.settings
03-29 22:04:01.172  3097 24464 E ActivityThread: Failed to find provider info for com.google.android.wearable.settings
03-29 22:04:02.194  3097 24872 E ActivityThread: Failed to find provider info for com.google.android.wearable.settings
03-29 22:04:03.218  3097 24464 E ActivityThread: Failed to find provider info for com.google.android.wearable.settings
03-29 22:04:04.238  3097 22289 E ActivityThread: Failed to find provider info for com.google.android.wearable.settings
03-29 22:04:05.260  3097 24872 E ActivityThread: Failed to find provider info for com.google.android.wearable.settings
03-29 22:04:06.288  3097 24872 E ActivityThread: Failed to find provider info for com.google.android.wearable.settings
03-29 22:04:07.304  3097 24872 E ActivityThread: Failed to find provider info for com.google.android.wearable.settings
03-29 22:04:07.517  4606  4606 V DeadZone: consuming errant click: (591.0,15.0)
03-29 22:04:08.327  3097 24872 E ActivityThread: Failed to find provider info for com.google.android.wearable.settings
03-29 22:04:08.761  1845  4439 I chatty  : uid=1000(system) AlarmManager expire 10 lines
03-29 22:04:08.762  1845  1845 I chatty  : uid=1000 system_server expire 14 lines
03-29 22:04:08.839  1845  6103 I chatty  : uid=1000(system) Binder_E expire 2 lines
03-29 22:04:09.351  3097 24872 E ActivityThread: Failed to find provider info for com.google.android.wearable.settings
03-29 22:04:10.381  3097 24872 E ActivityThread: Failed to find provider info for com.google.android.wearable.settings
03-29 22:04:11.394  3097 24872 E ActivityThread: Failed to find provider info for com.google.android.wearable.settings
03-29 22:04:11.931   486   486 I chatty  : uid=1000(system) /system/bin/surfaceflinger expire 13 lines
03-29 22:04:11.953  1845  1899 I chatty  : uid=1000(system) android.ui expire 2 lines
03-29 22:04:12.542  3097 24872 E ActivityThread: Failed to find provider info for com.google.android.wearable.settings
03-29 22:04:13.438  3097 24872 E ActivityThread: Failed to find provider info for com.google.android.wearable.settings
03-29 22:04:14.458  3097 24872 E ActivityThread: Failed to find provider info for com.google.android.wearable.settings
03-29 22:04:15.480  3097 24872 E ActivityThread: Failed to find provider info for com.google.android.wearable.settings
03-29 22:04:16.504  3097 24872 E ActivityThread: Failed to find provider info for com.google.android.wearable.settings
03-29 22:04:17.524  3097 24872 E ActivityThread: Failed to find provider info for com.google.android.wearable.settings
03-29 22:04:18.427 26614 26614 I chatty  : uid=1000(system) expire 1 line
03-29 22:04:18.548  3097 24872 E ActivityThread: Failed to find provider info for com.google.android.wearable.settings
03-29 22:04:18.667  4606  4606 D StatusBarKeyguardViewManager: showKeyguard, but hide Bouncer
03-29 22:04:18.723  4606  4606 V KeyguardStatusView: refresh statusview showing:true
03-29 22:04:18.734  4606  4606 V KeyguardDisplayManager: show
03-29 22:04:19.569  3097 24872 E ActivityThread: Failed to find provider info for com.google.android.wearable.settings
03-29 22:04:20.592  3097 24872 E ActivityThread: Failed to find provider info for com.google.android.wearable.settings
03-29 22:04:21.612  3097 24872 E ActivityThread: Failed to find provider info for com.google.android.wearable.settings
03-29 22:04:22.637  3097 24872 E ActivityThread: Failed to find provider info for com.google.android.wearable.settings
03-29 22:04:22.692  1845  1845 I chatty  : uid=1000 system_server expire 10 lines
03-29 22:04:23.660  3097 24872 E ActivityThread: Failed to find provider info for com.google.android.wearable.settings
03-29 22:04:24.681  3097 24872 E ActivityThread: Failed to find provider info for com.google.android.wearable.settings
03-29 22:04:25.706  3097 24872 E ActivityThread: Failed to find provider info for com.google.android.wearable.settings
03-29 22:04:26.733  3097 24872 E ActivityThread: Failed to find provider info for com.google.android.wearable.settings
03-29 22:04:27.761  3097 24872 E ActivityThread: Failed to find provider info for com.google.android.wearable.settings
03-29 22:04:28.790  3097 22289 E ActivityThread: Failed to find provider info for com.google.android.wearable.settings
03-29 22:04:29.817  3097 26622 E ActivityThread: Failed to find provider info for com.google.android.wearable.settings
03-29 22:04:30.847  3097 26622 E ActivityThread: Failed to find provider info for com.google.android.wearable.settings
03-29 22:04:31.614  1845  4439 I chatty  : uid=1000(system) AlarmManager expire 11 lines
03-29 22:04:31.872  3097 26622 E ActivityThread: Failed to find provider info for com.google.android.wearable.settings
03-29 22:04:32.903  3097 26622 E ActivityThread: Failed to find provider info for com.google.android.wearable.settings
03-29 22:04:33.930  3097 26622 E ActivityThread: Failed to find provider info for com.google.android.wearable.settings
03-29 22:04:34.958  3097 26622 E ActivityThread: Failed to find provider info for com.google.android.wearable.settings
03-29 22:04:35.986  3097 22289 E ActivityThread: Failed to find provider info for com.google.android.wearable.settings
03-29 22:04:37.015  3097 22289 E ActivityThread: Failed to find provider info for com.google.android.wearable.settings
03-29 22:04:38.045  3097 24872 E ActivityThread: Failed to find provider info for com.google.android.wearable.settings
03-29 22:04:39.073  3097 24872 E ActivityThread: Failed to find provider info for com.google.android.wearable.settings
03-29 22:04:40.100  3097 24872 E ActivityThread: Failed to find provider info for com.google.android.wearable.settings
03-29 22:04:41.129  3097 24872 E ActivityThread: Failed to find provider info for com.google.android.wearable.settings
03-29 22:04:42.157  3097 24872 E ActivityThread: Failed to find provider info for com.google.android.wearable.settings
03-29 22:04:43.185  3097 24872 E ActivityThread: Failed to find provider info for com.google.android.wearable.settings
03-29 22:04:44.214  3097 24872 E ActivityThread: Failed to find provider info for com.google.android.wearable.settings
03-29 22:04:45.243  3097 24872 E ActivityThread: Failed to find provider info for com.google.android.wearable.settings
03-29 22:04:46.272  3097 24872 E ActivityThread: Failed to find provider info for com.google.android.wearable.settings
03-29 22:04:47.305  3097 24872 E ActivityThread: Failed to find provider info for com.google.android.wearable.settings
03-29 22:04:48.331  3097 24872 E ActivityThread: Failed to find provider info for com.google.android.wearable.settings
03-29 22:04:49.359  3097 24872 E ActivityThread: Failed to find provider info for com.google.android.wearable.settings
03-29 22:04:50.387  3097 24872 E ActivityThread: Failed to find provider info for com.google.android.wearable.settings
03-29 22:04:51.414  3097 24872 E ActivityThread: Failed to find provider info for com.google.android.wearable.settings
03-29 22:04:52.443  3097 24872 E ActivityThread: Failed to find provider info for com.google.android.wearable.settings
03-29 22:04:53.470  3097 24872 E ActivityThread: Failed to find provider info for com.google.android.wearable.settings
03-29 22:04:54.507  3097 24872 E ActivityThread: Failed to find provider info for com.google.android.wearable.settings
03-29 22:04:55.530  3097 24872 E ActivityThread: Failed to find provider info for com.google.android.wearable.settings
03-29 22:04:56.558  3097 24872 E ActivityThread: Failed to find provider info for com.google.android.wearable.settings
03-29 22:04:57.586  3097 24872 E ActivityThread: Failed to find provider info for com.google.android.wearable.settings
03-29 22:04:58.341  1845  1845 I chatty  : uid=1000 system_server expire 10 lines
03-29 22:04:58.615  3097 26674 E ActivityThread: Failed to find provider info for com.google.android.wearable.settings
03-29 22:04:59.645  3097 26674 E ActivityThread: Failed to find provider info for com.google.android.wearable.settings
03-29 22:05:00.674  3097 26674 E ActivityThread: Failed to find provider info for com.google.android.wearable.settings
03-29 22:05:01.703  3097 26674 E ActivityThread: Failed to find provider info for com.google.android.wearable.settings
03-29 22:05:02.732  3097 26674 E ActivityThread: Failed to find provider info for com.google.android.wearable.settings
03-29 22:05:03.763  3097 26674 E ActivityThread: Failed to find provider info for com.google.android.wearable.settings
03-29 22:05:04.790  3097 26674 E ActivityThread: Failed to find provider info for com.google.android.wearable.settings
03-29 22:05:05.821  3097 26674 E ActivityThread: Failed to find provider info for com.google.android.wearable.settings
03-29 22:05:06.850  3097 26674 E ActivityThread: Failed to find provider info for com.google.android.wearable.settings
03-29 22:05:07.895  3097 26674 E ActivityThread: Failed to find provider info for com.google.android.wearable.settings
03-29 22:05:08.909  3097 26674 E ActivityThread: Failed to find provider info for com.google.android.wearable.settings
03-29 22:05:09.937  3097 26674 E ActivityThread: Failed to find provider info for com.google.android.wearable.settings
03-29 22:05:10.967  3097 26674 E ActivityThread: Failed to find provider info for com.google.android.wearable.settings
03-29 22:05:11.995  3097 26674 E ActivityThread: Failed to find provider info for com.google.android.wearable.settings
03-29 22:05:12.245  1845  4439 I chatty  : uid=1000(system) AlarmManager expire 8 lines
03-29 22:05:13.025  3097 26674 E ActivityThread: Failed to find provider info for com.google.android.wearable.settings
03-29 22:05:14.054  3097 26674 E ActivityThread: Failed to find provider info for com.google.android.wearable.settings
03-29 22:05:15.083  3097 26674 E ActivityThread: Failed to find provider info for com.google.android.wearable.settings
03-29 22:05:16.113  3097 26674 E ActivityThread: Failed to find provider info for com.google.android.wearable.settings
03-29 22:05:17.143  3097 26674 E ActivityThread: Failed to find provider info for com.google.android.wearable.settings
03-29 22:05:18.173  3097 26622 E ActivityThread: Failed to find provider info for com.google.android.wearable.settings
03-29 22:05:19.201  3097 26622 E ActivityThread: Failed to find provider info for com.google.android.wearable.settings
03-29 22:05:20.231  3097 26622 E ActivityThread: Failed to find provider info for com.google.android.wearable.settings
03-29 22:05:21.261  3097 26622 E ActivityThread: Failed to find provider info for com.google.android.wearable.settings
03-29 22:05:22.290  3097 26622 E ActivityThread: Failed to find provider info for com.google.android.wearable.settings
03-29 22:05:23.319  3097 26622 E ActivityThread: Failed to find provider info for com.google.android.wearable.settings
03-29 22:05:24.348  3097 26622 E ActivityThread: Failed to find provider info for com.google.android.wearable.settings
03-29 22:05:25.378  3097 26622 E ActivityThread: Failed to find provider info for com.google.android.wearable.settings
03-29 22:05:26.408  3097 26622 E ActivityThread: Failed to find provider info for com.google.android.wearable.settings
03-29 22:05:27.437  3097 26674 E ActivityThread: Failed to find provider info for com.google.android.wearable.settings
03-29 22:05:28.468  3097 26674 E ActivityThread: Failed to find provider info for com.google.android.wearable.settings
03-29 22:05:29.496  3097 26674 E ActivityThread: Failed to find provider info for com.google.android.wearable.settings
03-29 22:05:30.527  3097 26674 E ActivityThread: Failed to find provider info for com.google.android.wearable.settings
03-29 22:05:31.555  3097 26674 E ActivityThread: Failed to find provider info for com.google.android.wearable.settings
03-29 22:05:32.587  3097 26674 E ActivityThread: Failed to find provider info for com.google.android.wearable.settings
03-29 22:05:33.616  3097 26674 E ActivityThread: Failed to find provider info for com.google.android.wearable.settings
03-29 22:05:34.652  3097 26674 E ActivityThread: Failed to find provider info for com.google.android.wearable.settings
03-29 22:05:35.682  3097 26674 E ActivityThread: Failed to find provider info for com.google.android.wearable.settings
03-29 22:05:36.709  3097 26674 E ActivityThread: Failed to find provider info for com.google.android.wearable.settings
03-29 22:05:37.742  3097 26674 E ActivityThread: Failed to find provider info for com.google.android.wearable.settings
03-29 22:05:38.768  3097 26674 E ActivityThread: Failed to find provider info for com.google.android.wearable.settings
03-29 22:05:39.795  3097 26674 E ActivityThread: Failed to find provider info for com.google.android.wearable.settings
03-29 22:05:40.825  3097 26674 E ActivityThread: Failed to find provider info for com.google.android.wearable.settings
03-29 22:05:41.851  3097 26674 E ActivityThread: Failed to find provider info for com.google.android.wearable.settings
03-29 22:05:42.880  3097 26674 E ActivityThread: Failed to find provider info for com.google.android.wearable.settings
03-29 22:05:43.911  3097 26674 E ActivityThread: Failed to find provider info for com.google.android.wearable.settings
03-29 22:05:44.935  3097 26674 E ActivityThread: Failed to find provider info for com.google.android.wearable.settings
03-29 22:05:45.965  3097 26674 E ActivityThread: Failed to find provider info for com.google.android.wearable.settings
03-29 22:05:46.995  3097 26674 E ActivityThread: Failed to find provider info for com.google.android.wearable.settings
03-29 22:05:47.680  1845  1845 I chatty  : uid=1000 system_server expire 10 lines
03-29 22:05:48.025  3097 26674 E ActivityThread: Failed to find provider info for com.google.android.wearable.settings
03-29 22:05:49.054  3097 26674 E ActivityThread: Failed to find provider info for com.google.android.wearable.settings
03-29 22:05:50.084  3097 26674 E ActivityThread: Failed to find provider info for com.google.android.wearable.settings
03-29 22:05:51.114  3097 26674 E ActivityThread: Failed to find provider info for com.google.android.wearable.settings
03-29 22:05:52.143  3097 26674 E ActivityThread: Failed to find provider info for com.google.android.wearable.settings
03-29 22:05:53.174  3097 26674 E ActivityThread: Failed to find provider info for com.google.android.wearable.settings
03-29 22:05:54.203  3097 26674 E ActivityThread: Failed to find provider info for com.google.android.wearable.settings
03-29 22:05:55.233  3097 26674 E ActivityThread: Failed to find provider info for com.google.android.wearable.settings
03-29 22:05:56.262  3097 26674 E ActivityThread: Failed to find provider info for com.google.android.wearable.settings
03-29 22:05:57.293  3097 26674 E ActivityThread: Failed to find provider info for com.google.android.wearable.settings
03-29 22:05:58.323  3097 26674 E ActivityThread: Failed to find provider info for com.google.android.wearable.settings
03-29 22:05:59.353  3097 26674 E ActivityThread: Failed to find provider info for com.google.android.wearable.settings
03-29 22:06:00.380  3097 26674 E ActivityThread: Failed to find provider info for com.google.android.wearable.settings
03-29 22:06:01.408  3097 26727 E ActivityThread: Failed to find provider info for com.google.android.wearable.settings
03-29 22:06:02.438  3097 26727 E ActivityThread: Failed to find provider info for com.google.android.wearable.settings
03-29 22:06:03.470  3097 26727 E ActivityThread: Failed to find provider info for com.google.android.wearable.settings
03-29 22:06:04.487  3097 26727 E ActivityThread: Failed to find provider info for com.google.android.wearable.settings
03-29 22:06:05.393  1845  4439 I chatty  : uid=1000(system) AlarmManager expire 10 lines
03-29 22:06:05.519  3097 26727 E ActivityThread: Failed to find provider info for com.google.android.wearable.settings
03-29 22:06:06.549  3097 26727 E ActivityThread: Failed to find provider info for com.google.android.wearable.settings
03-29 22:06:07.581  3097 26727 E ActivityThread: Failed to find provider info for com.google.android.wearable.settings
03-29 22:06:08.608  3097 26727 E ActivityThread: Failed to find provider info for com.google.android.wearable.settings
03-29 22:06:09.635  3097 26727 E ActivityThread: Failed to find provider info for com.google.android.wearable.settings
03-29 22:06:10.670  3097 26727 E ActivityThread: Failed to find provider info for com.google.android.wearable.settings
03-29 22:06:11.699  3097 26622 E ActivityThread: Failed to find provider info for com.google.android.wearable.settings
03-29 22:06:12.730  3097 26622 E ActivityThread: Failed to find provider info for com.google.android.wearable.settings
03-29 22:06:13.760  3097 26622 E ActivityThread: Failed to find provider info for com.google.android.wearable.settings
03-29 22:06:14.771  3097 26622 E ActivityThread: Failed to find provider info for com.google.android.wearable.settings
03-29 22:06:15.801  3097 26674 E ActivityThread: Failed to find provider info for com.google.android.wearable.settings
03-29 22:06:16.831  3097 26674 E ActivityThread: Failed to find provider info for com.google.android.wearable.settings
03-29 22:06:17.862  3097 26674 E ActivityThread: Failed to find provider info for com.google.android.wearable.settings
03-29 22:06:18.891  3097 26674 E ActivityThread: Failed to find provider info for com.google.android.wearable.settings
03-29 22:06:19.909  3097 26674 E ActivityThread: Failed to find provider info for com.google.android.wearable.settings
03-29 22:06:20.932  3097 26674 E ActivityThread: Failed to find provider info for com.google.android.wearable.settings
03-29 22:06:21.952  3097 26674 E ActivityThread: Failed to find provider info for com.google.android.wearable.settings
03-29 22:06:22.982  3097 26674 E ActivityThread: Failed to find provider info for com.google.android.wearable.settings
03-29 22:06:24.012  3097 26674 E ActivityThread: Failed to find provider info for com.google.android.wearable.settings
03-29 22:06:25.041  3097 26674 E ActivityThread: Failed to find provider info for com.google.android.wearable.settings
03-29 22:06:26.071  3097 26674 E ActivityThread: Failed to find provider info for com.google.android.wearable.settings
03-29 22:06:27.105  3097 26674 E ActivityThread: Failed to find provider info for com.google.android.wearable.settings
03-29 22:06:28.130  3097 26674 E ActivityThread: Failed to find provider info for com.google.android.wearable.settings
03-29 22:06:29.160  3097 26674 E ActivityThread: Failed to find provider info for com.google.android.wearable.settings
03-29 22:06:30.181  3097 26674 E ActivityThread: Failed to find provider info for com.google.android.wearable.settings
03-29 22:06:31.213  3097 26674 E ActivityThread: Failed to find provider info for com.google.android.wearable.settings
03-29 22:06:31.942  1845  1845 I chatty  : uid=1000 system_server expire 10 lines
03-29 22:06:32.241  3097 26674 E ActivityThread: Failed to find provider info for com.google.android.wearable.settings
03-29 22:06:33.270  3097 26674 E ActivityThread: Failed to find provider info for com.google.android.wearable.settings
03-29 22:06:34.301  3097 26674 E ActivityThread: Failed to find provider info for com.google.android.wearable.settings
03-29 22:06:35.328  3097 26674 E ActivityThread: Failed to find provider info for com.google.android.wearable.settings
03-29 22:06:36.357  3097 22321 E ActivityThread: Failed to find provider info for com.google.android.wearable.settings
03-29 22:06:36.478  1845  4650 I chatty  : uid=1000(system) Binder_4 expire 9 lines
03-29 22:06:36.585  1845  4436 I chatty  : uid=1000(system) UEventObserver expire 4 lines
03-29 22:06:36.586  1845  4630 I chatty  : uid=1000(system) Binder_3 expire 9 lines
03-29 22:06:37.391  3097 22321 E ActivityThread: Failed to find provider info for com.google.android.wearable.settings
03-29 22:06:38.416  3097 22321 E ActivityThread: Failed to find provider info for com.google.android.wearable.settings
03-29 22:06:39.445  3097 22321 E ActivityThread: Failed to find provider info for com.google.android.wearable.settings
03-29 22:06:40.472  3097 22321 E ActivityThread: Failed to find provider info for com.google.android.wearable.settings
03-29 22:06:41.503  3097 22321 E ActivityThread: Failed to find provider info for com.google.android.wearable.settings
03-29 22:06:42.534  3097 22321 E ActivityThread: Failed to find provider info for com.google.android.wearable.settings
03-29 22:06:43.553  3097 22321 E ActivityThread: Failed to find provider info for com.google.android.wearable.settings
03-29 22:06:44.573  3097 22321 E ActivityThread: Failed to find provider info for com.google.android.wearable.settings
03-29 22:06:45.594  3097 22321 E ActivityThread: Failed to find provider info for com.google.android.wearable.settings
03-29 22:06:46.497  1845  5389 I chatty  : uid=1000(system) Binder_A expire 9 lines
03-29 22:06:46.623  3097 26727 E ActivityThread: Failed to find provider info for com.google.android.wearable.settings
03-29 22:06:47.666  3097 26622 E ActivityThread: Failed to find provider info for com.google.android.wearable.settings
03-29 22:06:48.682  3097 26622 E ActivityThread: Failed to find provider info for com.google.android.wearable.settings
03-29 22:06:49.698  3097 26622 E ActivityThread: Failed to find provider info for com.google.android.wearable.settings
03-29 22:06:50.721  3097 26622 E ActivityThread: Failed to find provider info for com.google.android.wearable.settings
03-29 22:06:51.480  1845  4439 I chatty  : uid=1000(system) AlarmManager expire 12 lines
03-29 22:06:51.734  3097 26622 E ActivityThread: Failed to find provider info for com.google.android.wearable.settings
03-29 22:06:52.755  3097 26622 E ActivityThread: Failed to find provider info for com.google.android.wearable.settings
03-29 22:06:53.775  3097 26622 E ActivityThread: Failed to find provider info for com.google.android.wearable.settings
03-29 22:06:54.794  3097 26622 E ActivityThread: Failed to find provider info for com.google.android.wearable.settings
03-29 22:06:55.814  3097 26622 E ActivityThread: Failed to find provider info for com.google.android.wearable.settings
03-29 22:06:56.840  3097 26622 E ActivityThread: Failed to find provider info for com.google.android.wearable.settings
03-29 22:06:57.862  3097 26622 E ActivityThread: Failed to find provider info for com.google.android.wearable.settings
03-29 22:06:58.881  3097 26622 E ActivityThread: Failed to find provider info for com.google.android.wearable.settings
03-29 22:06:59.908  3097 26622 E ActivityThread: Failed to find provider info for com.google.android.wearable.settings
03-29 22:07:00.925  3097 26622 E ActivityThread: Failed to find provider info for com.google.android.wearable.settings
03-29 22:07:01.944  3097 26622 E ActivityThread: Failed to find provider info for com.google.android.wearable.settings
03-29 22:07:02.966  3097 26622 E ActivityThread: Failed to find provider info for com.google.android.wearable.settings
03-29 22:07:03.994  3097 26622 E ActivityThread: Failed to find provider info for com.google.android.wearable.settings
03-29 22:07:05.024  3097 26622 E ActivityThread: Failed to find provider info for com.google.android.wearable.settings
03-29 22:07:06.044  3097 26622 E ActivityThread: Failed to find provider info for com.google.android.wearable.settings
03-29 22:07:06.753  1845  5363 I chatty  : uid=1000(system) Binder_6 expire 6 lines
03-29 22:07:07.074  3097 26622 E ActivityThread: Failed to find provider info for com.google.android.wearable.settings
03-29 22:07:08.104  3097 26622 E ActivityThread: Failed to find provider info for com.google.android.wearable.settings
03-29 22:07:09.124  3097 26622 E ActivityThread: Failed to find provider info for com.google.android.wearable.settings
03-29 22:07:10.144  3097 26622 E ActivityThread: Failed to find provider info for com.google.android.wearable.settings
03-29 22:07:11.166  3097 26622 E ActivityThread: Failed to find provider info for com.google.android.wearable.settings
03-29 22:07:12.185  3097 26622 E ActivityThread: Failed to find provider info for com.google.android.wearable.settings
03-29 22:07:13.205  3097 26622 E ActivityThread: Failed to find provider info for com.google.android.wearable.settings
03-29 22:07:13.665  1845  1845 I chatty  : uid=1000 system_server expire 10 lines
03-29 22:07:14.235  3097 26622 E ActivityThread: Failed to find provider info for com.google.android.wearable.settings
03-29 22:07:15.255  3097 26622 E ActivityThread: Failed to find provider info for com.google.android.wearable.settings
03-29 22:07:16.275  3097 26622 E ActivityThread: Failed to find provider info for com.google.android.wearable.settings
03-29 22:07:17.306  3097 26622 E ActivityThread: Failed to find provider info for com.google.android.wearable.settings
03-29 22:07:18.335  3097 26622 E ActivityThread: Failed to find provider info for com.google.android.wearable.settings
03-29 22:07:19.354  3097 26622 E ActivityThread: Failed to find provider info for com.google.android.wearable.settings
03-29 22:07:20.375  3097 26622 E ActivityThread: Failed to find provider info for com.google.android.wearable.settings
03-29 22:07:21.396  3097 26622 E ActivityThread: Failed to find provider info for com.google.android.wearable.settings
03-29 22:07:22.415  3097 26622 E ActivityThread: Failed to find provider info for com.google.android.wearable.settings
03-29 22:07:23.436  3097 26622 E ActivityThread: Failed to find provider info for com.google.android.wearable.settings
03-29 22:07:24.456  3097 26622 E ActivityThread: Failed to find provider info for com.google.android.wearable.settings
03-29 22:07:25.476  3097 26622 E ActivityThread: Failed to find provider info for com.google.android.wearable.settings
03-29 22:07:26.498  3097 26622 E ActivityThread: Failed to find provider info for com.google.android.wearable.settings
03-29 22:07:26.745  1845  5407 I chatty  : uid=1000(system) Binder_C expire 3 lines
03-29 22:07:27.516  3097 26622 E ActivityThread: Failed to find provider info for com.google.android.wearable.settings
03-29 22:07:28.537  3097 26727 E ActivityThread: Failed to find provider info for com.google.android.wearable.settings
03-29 22:07:29.557  3097 26727 E ActivityThread: Failed to find provider info for com.google.android.wearable.settings
03-29 22:07:30.576  3097 26864 E ActivityThread: Failed to find provider info for com.google.android.wearable.settings
03-29 22:07:31.598  3097 26864 E ActivityThread: Failed to find provider info for com.google.android.wearable.settings
03-29 22:07:32.618  3097 26864 E ActivityThread: Failed to find provider info for com.google.android.wearable.settings
03-29 22:07:33.645  3097 26864 E ActivityThread: Failed to find provider info for com.google.android.wearable.settings
03-29 22:07:34.664  3097 26864 E ActivityThread: Failed to find provider info for com.google.android.wearable.settings
03-29 22:07:35.519  1845  4439 I chatty  : uid=1000(system) AlarmManager expire 10 lines
03-29 22:07:35.679  3097 26864 E ActivityThread: Failed to find provider info for com.google.android.wearable.settings
03-29 22:07:36.631  1845  1861 I chatty  : uid=1000(system) Binder_1 expire 6 lines
03-29 22:07:36.745  1845  5372 I chatty  : uid=1000(system) Binder_7 expire 6 lines
03-29 22:07:55.750  3097 26864 E ActivityThread: Failed to find provider info for com.google.android.wearable.settings
03-29 22:07:56.771  3097 26864 E ActivityThread: Failed to find provider info for com.google.android.wearable.settings
03-29 22:07:56.952  1845  1845 I chatty  : uid=1000 system_server expire 10 lines
03-29 22:07:57.765  1845  5362 I chatty  : uid=1000(system) Binder_5 expire 4 lines
03-29 22:07:57.786  3097 26864 E ActivityThread: Failed to find provider info for com.google.android.wearable.settings
03-29 22:07:57.789  1845  1862 I chatty  : uid=1000(system) Binder_2 expire 8 lines
03-29 22:07:58.804  3097 26864 E ActivityThread: Failed to find provider info for com.google.android.wearable.settings
03-29 22:07:59.825  3097 26864 E ActivityThread: Failed to find provider info for com.google.android.wearable.settings
03-29 22:08:00.847  3097 26864 E ActivityThread: Failed to find provider info for com.google.android.wearable.settings
03-29 22:08:01.871  3097 26864 E ActivityThread: Failed to find provider info for com.google.android.wearable.settings
03-29 22:08:02.892  3097 26864 E ActivityThread: Failed to find provider info for com.google.android.wearable.settings
03-29 22:08:03.907  3097 26864 E ActivityThread: Failed to find provider info for com.google.android.wearable.settings
03-29 22:08:04.927  3097 26864 E ActivityThread: Failed to find provider info for com.google.android.wearable.settings
03-29 22:08:05.949  3097 26864 E ActivityThread: Failed to find provider info for com.google.android.wearable.settings
03-29 22:08:06.968  3097 26864 E ActivityThread: Failed to find provider info for com.google.android.wearable.settings
03-29 22:08:07.990  3097 26864 E ActivityThread: Failed to find provider info for com.google.android.wearable.settings
03-29 22:08:09.008  3097 26864 E ActivityThread: Failed to find provider info for com.google.android.wearable.settings
03-29 22:08:10.028  3097 26864 E ActivityThread: Failed to find provider info for com.google.android.wearable.settings
03-29 22:08:11.048  3097 26864 E ActivityThread: Failed to find provider info for com.google.android.wearable.settings
03-29 22:08:16.675  3097 26864 E ActivityThread: Failed to find provider info for com.google.android.wearable.settings
03-29 22:08:21.633  3097 26864 E ActivityThread: Failed to find provider info for com.google.android.wearable.settings
03-29 22:08:22.652  3097 26864 E ActivityThread: Failed to find provider info for com.google.android.wearable.settings
03-29 22:08:23.673  3097 26864 E ActivityThread: Failed to find provider info for com.google.android.wearable.settings
03-29 22:08:25.073  3097 26864 E ActivityThread: Failed to find provider info for com.google.android.wearable.settings
03-29 22:08:26.093  3097 26864 E ActivityThread: Failed to find provider info for com.google.android.wearable.settings
03-29 22:08:26.710  1845  4439 I chatty  : uid=1000(system) AlarmManager expire 26 lines
03-29 22:08:30.995  1845  4473 I chatty  : uid=1000(system) WifiStateMachin expire 1 line
03-29 22:08:30.995  1845  4478 I chatty  : uid=1000(system) ConnectivitySer expire 36 lines
03-29 22:08:31.088  1845  4472 I chatty  : uid=1000(system) WifiP2pService expire 4 lines
03-29 22:08:32.194  3097 26864 E ActivityThread: Failed to find provider info for com.google.android.wearable.settings
03-29 22:08:32.941  1845  1845 I chatty  : uid=1000 system_server expire 20 lines
03-29 22:08:33.351  1845  6191 I chatty  : uid=1000(system) Binder_10 expire 5 lines
03-29 22:08:33.580  5316  5316 I chatty  : uid=1000(system) com.motorola.process.system expire 2 lines
03-29 22:08:33.645  1845  6190 I chatty  : uid=1000(system) Binder_F expire 4 lines
03-29 22:08:33.810  1845  6103 I chatty  : uid=1000(system) Binder_E expire 6 lines
03-29 22:08:33.895  1845  5385 I chatty  : uid=1000(system) Binder_9 expire 5 lines
03-29 22:08:34.575  1845  5378 I chatty  : uid=1000(system) Binder_8 expire 2 lines
03-29 22:08:34.588  1845  1896 I chatty  : uid=1000(system) ActivityManager expire 4 lines
03-29 22:08:36.622  1845  4477 I chatty  : uid=1000(system) WifiService expire 4 lines
03-29 22:08:36.660  1845  5405 I chatty  : uid=1000(system) Binder_B expire 11 lines
03-29 22:08:38.556  3097 22321 E ActivityThread: Failed to find provider info for com.google.android.wearable.settings
03-29 22:08:39.574  3097 22321 E ActivityThread: Failed to find provider info for com.google.android.wearable.settings
03-29 22:08:40.600  3097 22321 E ActivityThread: Failed to find provider info for com.google.android.wearable.settings
03-29 22:09:47.707  1845  1845 I chatty  : uid=1000 system_server expire 75 lines
03-29 22:09:56.164  1845  4439 I chatty  : uid=1000(system) AlarmManager expire 74 lines
03-29 22:09:59.660  1845  1862 I chatty  : uid=1000(system) Binder_2 expire 5 lines
03-29 22:10:32.873  1845  5372 I chatty  : uid=1000(system) Binder_7 expire 5 lines
03-29 22:10:37.225  1845  4436 I chatty  : uid=1000(system) UEventObserver expire 6 lines
03-29 22:10:37.226  1845  5378 I chatty  : uid=1000(system) Binder_8 expire 4 lines
03-29 22:11:33.946  1845  5385 I chatty  : uid=1000(system) Binder_9 expire 3 lines
03-29 22:11:37.287  1845  6191 I chatty  : uid=1000(system) Binder_10 expire 9 lines
03-29 22:12:29.996  1845  4650 I chatty  : uid=1000(system) Binder_4 expire 2 lines
03-29 22:12:30.199  1845  1935 I chatty  : uid=1000(system) android.display expire 3 lines
03-29 22:12:35.036  1845  5389 I chatty  : uid=1000(system) Binder_A expire 6 lines
03-29 22:12:37.447  1845  1861 I chatty  : uid=1000(system) Binder_1 expire 13 lines
03-29 22:12:37.545  1845  5362 I chatty  : uid=1000(system) Binder_5 expire 4 lines
03-29 22:12:43.052  1845  5407 I chatty  : uid=1000(system) Binder_C expire 5 lines
03-29 22:13:03.120  1845  4477 I chatty  : uid=1000(system) WifiService expire 6 lines
03-29 22:13:05.024  1845  6103 I chatty  : uid=1000(system) Binder_E expire 2 lines
03-29 22:13:05.055  1845  1896 I chatty  : uid=1000(system) ActivityManager expire 6 lines
03-29 22:13:05.857  1845  5363 I chatty  : uid=1000(system) Binder_6 expire 7 lines
03-29 22:13:37.765  1845  4630 I chatty  : uid=1000(system) Binder_3 expire 5 lines
03-29 22:15:47.817  1845  6190 I chatty  : uid=1000(system) Binder_F expire 1 line
03-29 22:15:49.524  1845  4478 I chatty  : uid=1000(system) ConnectivitySer expire 2 lines
03-29 22:15:51.805  1845  5413 I chatty  : uid=1000(system) Binder_D expire 1 line
03-29 22:16:01.910   486   679 I chatty  : uid=1000(system) EventThread expire 1 line
03-29 22:16:03.125  1845  4441 I chatty  : uid=1000(system) InputReader expire 1 line
03-29 22:16:03.148  1845  1900 I chatty  : uid=1000(system) android.fg expire 1 line
03-29 22:16:03.249  1845  4478 I chatty  : uid=1000(system) ConnectivitySer expire 2 lines
03-29 22:16:03.255  1845  1896 I chatty  : uid=1000(system) ActivityManager expire 4 lines
03-29 22:16:03.370 28740 28740 I chatty  : uid=1000(system) com.whatsapp expire 1 line
03-29 22:16:03.422  1845  1845 I chatty  : uid=1000 system_server expire 12 lines
03-29 22:16:04.789  1845  4439 I chatty  : uid=1000(system) AlarmManager expire 21 lines
03-29 22:16:04.937   486   679 I chatty  : uid=1000(system) EventThread expire 14 lines
03-29 22:16:05.021   486   486 I chatty  : uid=1000(system) /system/bin/surfaceflinger expire 24 lines
03-29 22:16:05.046  4606  4606 V KeyguardDisplayManager: hide
03-29 22:16:05.071  1845  4630 I chatty  : uid=1000(system) Binder_3 expire 3 lines
03-29 22:16:05.167  1845  5363 I chatty  : uid=1000(system) Binder_6 expire 3 lines
03-29 22:16:05.467  1845  1861 I chatty  : uid=1000(system) Binder_1 expire 8 lines
03-29 22:16:05.504  1845  5405 I chatty  : uid=1000(system) Binder_B expire 1 line
03-29 22:16:07.968  1845  4440 I chatty  : uid=1000(system) InputDispatcher expire 7 lines
03-29 22:16:08.970  1845  1935 I chatty  : uid=1000(system) android.display expire 10 lines
03-29 22:16:10.582  1845  5413 I chatty  : uid=1000(system) Binder_D expire 3 lines
03-29 22:16:10.609  1845  5362 I chatty  : uid=1000(system) Binder_5 expire 5 lines
03-29 22:16:10.751  1845  5372 I chatty  : uid=1000(system) Binder_7 expire 3 lines
03-29 22:16:11.021  1845  1862 I chatty  : uid=1000(system) Binder_2 expire 7 lines
03-29 22:16:11.808  1845  6190 I chatty  : uid=1000(system) Binder_F expire 7 lines
03-29 22:16:11.857  1845  4650 I chatty  : uid=1000(system) Binder_4 expire 5 lines
03-29 22:16:12.453 29023 29023 D ActivityThread: Loading provider com.whatsapp.provider.contact: com.whatsapp.contact.ContactProvider
03-29 22:16:14.001 28881 28881 E ActivityThread: Performing stop of activity that is not resumed: {com.google.android.googlequicksearchbox/com.google.android.launcher.GEL}
03-29 22:16:14.001 28881 28881 E ActivityThread: java.lang.RuntimeException: Performing stop of activity that is not resumed: {com.google.android.googlequicksearchbox/com.google.android.launcher.GEL}
03-29 22:16:14.001 28881 28881 E ActivityThread: 	at android.app.ActivityThread.performStopActivityInner(ActivityThread.java:3486)
03-29 22:16:14.001 28881 28881 E ActivityThread: 	at android.app.ActivityThread.handleStopActivity(ActivityThread.java:3571)
03-29 22:16:14.001 28881 28881 E ActivityThread: 	at android.app.ActivityThread.access$1200(ActivityThread.java:154)
03-29 22:16:14.001 28881 28881 E ActivityThread: 	at android.app.ActivityThread$H.handleMessage(ActivityThread.java:1383)
03-29 22:16:14.001 28881 28881 E ActivityThread: 	at android.os.Handler.dispatchMessage(Handler.java:102)
03-29 22:16:14.001 28881 28881 E ActivityThread: 	at android.os.Looper.loop(Looper.java:148)
03-29 22:16:14.001 28881 28881 E ActivityThread: 	at android.app.ActivityThread.main(ActivityThread.java:5443)
03-29 22:16:14.001 28881 28881 E ActivityThread: 	at java.lang.reflect.Method.invoke(Native Method)
03-29 22:16:14.001 28881 28881 E ActivityThread: 	at com.android.internal.os.ZygoteInit$MethodAndArgsCaller.run(ZygoteInit.java:728)
03-29 22:16:14.001 28881 28881 E ActivityThread: 	at com.android.internal.os.ZygoteInit.main(ZygoteInit.java:618)
03-29 22:16:18.818  1845  5378 I chatty  : uid=1000(system) Binder_8 expire 6 lines
03-29 22:16:21.728  1845  1845 I chatty  : uid=1000 system_server expire 18 lines
03-29 22:16:22.687  1845  5385 I chatty  : uid=1000(system) Binder_9 expire 7 lines
03-29 22:16:33.598  1845  6191 I chatty  : uid=1000(system) Binder_10 expire 2 lines
03-29 22:16:38.183  1845  4436 I chatty  : uid=1000(system) UEventObserver expire 3 lines
03-29 22:16:38.629  1845  5389 I chatty  : uid=1000(system) Binder_A expire 1 line
03-29 22:16:51.106  1845  6103 I chatty  : uid=1000(system) Binder_E expire 2 lines
03-29 22:16:53.177  1845  1974 I chatty  : uid=1000(system) PackageManager expire 1 line
03-29 22:17:04.530  3097 29295 E ActivityThread: Failed to find provider info for com.google.android.wearable.settings
03-29 22:17:04.750   486   486 I chatty  : uid=1000(system) /system/bin/surfaceflinger expire 20 lines
03-29 22:17:04.953  1845  4439 I chatty  : uid=1000(system) AlarmManager expire 16 lines
03-29 22:17:05.010  1845  1845 I chatty  : uid=1000 system_server expire 16 lines
03-29 22:17:07.070   486   679 I chatty  : uid=1000(system) EventThread expire 10 lines
03-29 22:17:16.920  1845  5407 I chatty  : uid=1000(system) Binder_C expire 6 lines
03-29 22:18:16.422  1845  4439 I chatty  : uid=1000(system) AlarmManager expire 43 lines
03-29 22:18:16.450  1845  1845 I chatty  : uid=1000 system_server expire 44 lines
03-29 22:18:18.870   486   679 I chatty  : uid=1000(system) EventThread expire 34 lines
03-29 22:18:18.887   486   486 I chatty  : uid=1000(system) /system/bin/surfaceflinger expire 69 lines
03-29 22:18:19.907  1845  6191 I chatty  : uid=1000(system) Binder_10 expire 2 lines
03-29 22:18:28.751  1845  1896 I chatty  : uid=1000(system) ActivityManager expire 4 lines
03-29 22:18:36.894  1845  5378 I chatty  : uid=1000(system) Binder_8 expire 2 lines
03-29 22:18:36.917  1845  5405 I chatty  : uid=1000(system) Binder_B expire 3 lines
03-29 22:18:36.917  1845  4477 I chatty  : uid=1000(system) WifiService expire 4 lines
03-29 22:18:36.918  1845  4478 I chatty  : uid=1000(system) ConnectivitySer expire 2 lines
03-29 22:18:38.368  1845  6103 I chatty  : uid=1000(system) Binder_E expire 3 lines
03-29 22:18:38.505  1845  4436 I chatty  : uid=1000(system) UEventObserver expire 3 lines
03-29 22:18:43.085  1845  1861 I chatty  : uid=1000(system) Binder_1 expire 2 lines
03-29 22:18:43.625  1845  6190 I chatty  : uid=1000(system) Binder_F expire 2 lines
03-29 22:18:44.136  1845  5372 I chatty  : uid=1000(system) Binder_7 expire 2 lines
03-29 22:19:12.797  1845  5362 I chatty  : uid=1000(system) Binder_5 expire 2 lines
03-29 22:19:38.666  1845  4630 I chatty  : uid=1000(system) Binder_3 expire 6 lines
03-29 22:19:40.114  1845  5413 I chatty  : uid=1000(system) Binder_D expire 2 lines
03-29 22:20:06.843  1845  4650 I chatty  : uid=1000(system) Binder_4 expire 2 lines
03-29 22:20:10.038  1845  5385 I chatty  : uid=1000(system) Binder_9 expire 1 line
03-29 22:20:19.323  1845  5363 I chatty  : uid=1000(system) Binder_6 expire 1 line
03-29 22:20:40.233  1845  5389 I chatty  : uid=1000(system) Binder_A expire 2 lines
03-29 22:20:41.563  1845  1894 I chatty  : uid=1000(system) android.bg expire 1 line
03-29 22:20:52.156  1845  1935 I chatty  : uid=1000(system) android.display expire 5 lines
03-29 22:21:34.569   486   486 I chatty  : uid=1000(system) /system/bin/surfaceflinger expire 18 lines
03-29 22:21:37.630  1845  4439 I chatty  : uid=1000(system) AlarmManager expire 10 lines
03-29 22:21:37.648  1845  1845 I chatty  : uid=1000 system_server expire 10 lines
03-29 22:21:38.887  1845  5389 I chatty  : uid=1000(system) Binder_A expire 5 lines
03-29 22:21:38.986  1845  4436 I chatty  : uid=1000(system) UEventObserver expire 4 lines
03-29 22:21:38.987  1845  6190 I chatty  : uid=1000(system) Binder_F expire 3 lines
03-29 22:21:40.380  1845  6103 I chatty  : uid=1000(system) Binder_E expire 1 line
03-29 22:21:41.152   486   679 I chatty  : uid=1000(system) EventThread expire 31 lines
03-29 22:21:45.415  1845  5407 I chatty  : uid=1000(system) Binder_C expire 1 line
03-29 22:22:25.930  4606  4606 V DeadZone: consuming errant click: (797.0,34.0)
03-29 22:22:26.552  1845  1899 I chatty  : uid=1000(system) android.ui expire 1 line
03-29 22:22:28.383   486   486 I chatty  : uid=1000(system) /system/bin/surfaceflinger expire 49 lines
03-29 22:22:28.391  1845  4439 I chatty  : uid=1000(system) AlarmManager expire 35 lines
03-29 22:22:28.395  1845  1845 I chatty  : uid=1000 system_server expire 34 lines
03-29 22:22:39.147  1845  5363 I chatty  : uid=1000(system) Binder_6 expire 4 lines
03-29 22:22:45.702  1845  5378 I chatty  : uid=1000(system) Binder_8 expire 6 lines
03-29 22:23:39.305  1845  5385 I chatty  : uid=1000(system) Binder_9 expire 2 lines
03-29 22:23:54.379  1845  5362 I chatty  : uid=1000(system) Binder_5 expire 2 lines
03-29 22:24:20.651  1845  1896 I chatty  : uid=1000(system) ActivityManager expire 1 line
03-29 22:24:24.871  1845  1862 I chatty  : uid=1000(system) Binder_2 expire 1 line
03-29 22:24:39.366  1845  4630 I chatty  : uid=1000(system) Binder_3 expire 4 lines
03-29 22:24:52.388  1845  1845 I chatty  : uid=1000 system_server expire 40 lines
03-29 22:24:54.576  1845  1896 I chatty  : uid=1000(system) ActivityManager expire 4 lines
03-29 22:24:54.928  1845  1862 I chatty  : uid=1000(system) Binder_2 expire 2 lines
03-29 22:24:54.940   486   486 I chatty  : uid=1000(system) /system/bin/surfaceflinger expire 80 lines
03-29 22:24:55.692  1845  1935 I chatty  : uid=1000(system) android.display expire 4 lines
03-29 22:24:57.015   486   679 I chatty  : uid=1000(system) EventThread expire 36 lines
03-29 22:24:57.020  1845  5405 I chatty  : uid=1000(system) Binder_B expire 2 lines
03-29 22:24:57.314  1845  4439 I chatty  : uid=1000(system) AlarmManager expire 39 lines
03-29 22:24:57.377  1845  4650 I chatty  : uid=1000(system) Binder_4 expire 4 lines
03-29 22:25:23.055  1845  6190 I chatty  : uid=1000(system) Binder_F expire 3 lines
03-29 22:25:23.587  1845  6191 I chatty  : uid=1000(system) Binder_10 expire 3 lines
03-29 22:25:24.042  1845  5362 I chatty  : uid=1000(system) Binder_5 expire 1 line
03-29 22:25:39.624  1845  4436 I chatty  : uid=1000(system) UEventObserver expire 4 lines
03-29 22:26:16.658  1845  5413 I chatty  : uid=1000(system) Binder_D expire 2 lines
03-29 22:26:32.506  1845  5389 I chatty  : uid=1000(system) Binder_A expire 3 lines
03-29 22:26:39.787  1845  5372 I chatty  : uid=1000(system) Binder_7 expire 2 lines
03-29 22:26:51.402  1845  5363 I chatty  : uid=1000(system) Binder_6 expire 2 lines
03-29 22:27:32.523  1845  5385 I chatty  : uid=1000(system) Binder_9 expire 1 line
03-29 22:27:44.589  1845  4478 I chatty  : uid=1000(system) ConnectivitySer expire 2 lines
03-29 22:28:08.963   486   679 I chatty  : uid=1000(system) EventThread expire 46 lines
03-29 22:28:09.674  1845  5389 I chatty  : uid=1000(system) Binder_A expire 1 line
03-29 22:28:12.145  1845  4439 I chatty  : uid=1000(system) AlarmManager expire 36 lines
03-29 22:28:12.164  1845  1845 I chatty  : uid=1000 system_server expire 36 lines
03-29 22:28:15.522   486   486 I chatty  : uid=1000(system) /system/bin/surfaceflinger expire 87 lines
03-29 22:28:16.283  1845  6103 I chatty  : uid=1000(system) Binder_E expire 4 lines
03-29 22:28:16.311  1845  6190 I chatty  : uid=1000(system) Binder_F expire 4 lines
03-29 22:28:32.554  1845  6191 I chatty  : uid=1000(system) Binder_10 expire 3 lines
03-29 22:28:39.999  1845  5407 I chatty  : uid=1000(system) Binder_C expire 3 lines
03-29 22:28:40.104  1845  4436 I chatty  : uid=1000(system) UEventObserver expire 4 lines
03-29 22:28:40.104  1845  5378 I chatty  : uid=1000(system) Binder_8 expire 3 lines
03-29 22:29:40.098  1845  1861 I chatty  : uid=1000(system) Binder_1 expire 1 line
03-29 22:29:40.164  1845  1862 I chatty  : uid=1000(system) Binder_2 expire 2 lines
03-29 22:30:06.843  1845  5362 I chatty  : uid=1000(system) Binder_5 expire 1 line
03-29 22:30:14.650  1845  1935 I chatty  : uid=1000(system) android.display expire 2 lines
03-29 22:30:40.425  1845  5372 I chatty  : uid=1000(system) Binder_7 expire 2 lines
03-29 22:30:40.735  1845  5385 I chatty  : uid=1000(system) Binder_9 expire 1 line
03-29 22:30:44.447  1845  5363 I chatty  : uid=1000(system) Binder_6 expire 3 lines
03-29 22:31:41.737  1845  4439 I chatty  : uid=1000(system) AlarmManager expire 67 lines
03-29 22:31:41.755  1845  1845 I chatty  : uid=1000 system_server expire 16 lines
03-29 22:31:41.778  1845  5407 I chatty  : uid=1000(system) Binder_C expire 2 lines
03-29 22:31:42.888   486   679 I chatty  : uid=1000(system) EventThread expire 8 lines
03-29 22:31:42.905   486   486 I chatty  : uid=1000(system) /system/bin/surfaceflinger expire 13 lines
03-29 22:31:45.441  1845  5385 I chatty  : uid=1000(system) Binder_9 expire 3 lines
03-29 22:32:10.606  1845  4441 I chatty  : uid=1000(system) InputReader expire 1 line
03-29 22:32:11.300  1845  1935 I chatty  : uid=1000(system) android.display expire 3 lines
03-29 22:32:11.475  1845  1941 I chatty  : uid=1000(system) PowerManagerSer expire 2 lines
03-29 22:32:11.476  1845  1900 I chatty  : uid=1000(system) android.fg expire 2 lines
03-29 22:32:11.804  1845  1896 I chatty  : uid=1000(system) ActivityManager expire 13 lines
03-29 22:32:11.960  1904  1904 I chatty  : uid=1000(system) expire 1 line
03-29 22:32:12.194  4606  4606 D StatusBarKeyguardViewManager: showKeyguard, but hide Bouncer
03-29 22:32:12.246  1845  1845 I chatty  : uid=1000 system_server expire 59 lines
03-29 22:32:12.252  4606  4606 V KeyguardStatusView: refresh statusview showing:true
03-29 22:32:12.262  4606  4606 V KeyguardDisplayManager: show
03-29 22:32:12.508   486   486 I chatty  : uid=1000(system) /system/bin/surfaceflinger expire 2 lines
03-29 22:32:41.866  1845  5362 I chatty  : uid=1000(system) Binder_5 expire 4 lines
03-29 22:32:45.094  1845  5413 I chatty  : uid=1000(system) Binder_D expire 12 lines
