03-29 23:58:24.543  1845  5372 I chatty  : uid=1000(system) Binder_7 expire 4 lines
03-29 23:58:24.796  1845  1845 I chatty  : uid=1000 system_server expire 12 lines
03-29 23:58:24.880  1845  5363 I chatty  : uid=1000(system) Binder_6 expire 3 lines
03-29 23:58:25.005 15427 15427 I chatty  : uid=1000(system) expire 1 line
03-29 23:58:26.229  1845  1862 I chatty  : uid=1000(system) Binder_2 expire 6 lines
03-29 23:58:26.451  1845  4650 I chatty  : uid=1000(system) Binder_4 expire 12 lines
03-29 23:58:27.450  1845  1861 I chatty  : uid=1000(system) Binder_1 expire 6 lines
03-29 23:58:38.406  1845  6190 I chatty  : uid=1000(system) Binder_F expire 6 lines
03-29 23:58:38.891  1845  4441 I chatty  : uid=1000(system) InputReader expire 1 line
03-29 23:58:40.402  4606  4606 V KeyguardDisplayManager: hide
03-29 23:58:40.436  1845  5413 I chatty  : uid=1000(system) Binder_D expire 12 lines
03-29 23:58:41.718  1845  1845 I chatty  : uid=1000 system_server expire 13 lines
03-29 23:58:42.596  1845  4436 I chatty  : uid=1000(system) UEventObserver expire 3 lines
03-29 23:59:22.112  1845  4478 I chatty  : uid=1000(system) ConnectivitySer expire 8 lines
03-29 23:59:42.757  1845  5362 I chatty  : uid=1000(system) Binder_5 expire 8 lines
03-30 00:00:00.695 15929 15929 D ActivityThread: Loading provider com.whatsapp.provider.contact: com.whatsapp.contact.ContactProvider
03-30 00:00:01.408  1845  1845 I chatty  : uid=1000 system_server expire 15 lines
03-30 00:00:01.811  1845  4439 I chatty  : uid=1000(system) AlarmManager expire 13 lines
03-30 00:00:04.084  1845  1974 I chatty  : uid=1000(system) PackageManager expire 1 line
03-30 00:00:04.403  1845  6103 I chatty  : uid=1000(system) Binder_E expire 2 lines
03-30 00:00:08.205  1845  4477 I chatty  : uid=1000(system) WifiService expire 2 lines
03-30 00:00:09.790  1845  6191 I chatty  : uid=1000(system) Binder_10 expire 3 lines
03-30 00:00:10.097  1845  5405 I chatty  : uid=1000(system) Binder_B expire 3 lines
03-30 00:00:13.159  1845  1894 I chatty  : uid=1000(system) android.bg expire 1 line
03-30 00:00:43.495  1845  5385 I chatty  : uid=1000(system) Binder_9 expire 13 lines
03-30 00:00:44.513  1845  1896 I chatty  : uid=1000(system) ActivityManager expire 13 lines
03-30 00:00:44.732  1845  6190 I chatty  : uid=1000(system) Binder_F expire 8 lines
03-30 00:00:45.342  1845  5413 I chatty  : uid=1000(system) Binder_D expire 16 lines
03-30 00:00:45.974  1845  6103 I chatty  : uid=1000(system) Binder_E expire 12 lines
03-30 00:00:47.211  1845  5389 I chatty  : uid=1000(system) Binder_A expire 19 lines
03-30 00:00:48.442  1845  1861 I chatty  : uid=1000(system) Binder_1 expire 4 lines
03-30 00:00:48.749  1845  1941 I chatty  : uid=1000(system) PowerManagerSer expire 3 lines
03-30 00:00:48.763   486   486 I chatty  : uid=1000(system) /system/bin/surfaceflinger expire 2 lines
03-30 00:00:49.385  1845  1935 I chatty  : uid=1000(system) android.display expire 1 line
03-30 00:00:49.387   486   679 I chatty  : uid=1000(system) EventThread expire 1 line
03-30 00:00:49.552  1845  1900 I chatty  : uid=1000(system) android.fg expire 2 lines
03-30 00:00:49.969 16893 16893 I chatty  : uid=1000(system) expire 1 line
03-30 00:00:50.004  1845  1845 I chatty  : uid=1000 system_server expire 20 lines
03-30 00:00:50.279  1845  1862 I chatty  : uid=1000(system) Binder_2 expire 5 lines
03-30 00:00:53.751  1845  4439 I chatty  : uid=1000(system) AlarmManager expire 14 lines
03-30 00:00:53.860  4606  4606 D StatusBarKeyguardViewManager: showKeyguard, but hide Bouncer
03-30 00:00:53.907  4606  4606 V KeyguardStatusView: refresh statusview showing:true
03-30 00:00:53.917  4606  4606 V KeyguardDisplayManager: show
03-30 00:00:58.472  1845  5372 I chatty  : uid=1000(system) Binder_7 expire 9 lines
03-30 00:00:58.476   363   394 E Cryptfs : not running with encryption, aborting
03-30 00:00:58.477  1845  4468 I chatty  : uid=1000(system) CryptdConnector expire 1 line
03-30 00:00:59.489  1845  1896 I chatty  : uid=1000(system) ActivityManager expire 52 lines
03-30 00:01:00.942  1845  4650 I chatty  : uid=1000(system) Binder_4 expire 7 lines
03-30 00:01:01.881  1845  5405 I chatty  : uid=1000(system) Binder_B expire 9 lines
03-30 00:01:03.465  1845  5362 I chatty  : uid=1000(system) Binder_5 expire 6 lines
03-30 00:01:04.581  1845  5407 I chatty  : uid=1000(system) Binder_C expire 3 lines
03-30 00:01:04.713  1845  5363 I chatty  : uid=1000(system) Binder_6 expire 8 lines
03-30 00:01:07.276  1845  6191 I chatty  : uid=1000(system) Binder_10 expire 12 lines
03-30 00:01:18.439  1845  4630 I chatty  : uid=1000(system) Binder_3 expire 4 lines
03-30 00:01:23.439  1845  5378 I chatty  : uid=1000(system) Binder_8 expire 8 lines
03-30 00:01:43.077  1845  4436 I chatty  : uid=1000(system) UEventObserver expire 1 line
03-30 00:01:54.063  1845  4477 I chatty  : uid=1000(system) WifiService expire 1 line
03-30 00:02:02.149  1845  1845 I chatty  : uid=1000 system_server expire 15 lines
03-30 00:02:03.030  1845  1896 I chatty  : uid=1000(system) ActivityManager expire 70 lines
03-30 00:02:03.277  1845  5362 I chatty  : uid=1000(system) Binder_5 expire 11 lines
03-30 00:02:04.518  1845  5363 I chatty  : uid=1000(system) Binder_6 expire 7 lines
03-30 00:02:04.767  1845  5407 I chatty  : uid=1000(system) Binder_C expire 10 lines
03-30 00:02:05.760  1845  4650 I chatty  : uid=1000(system) Binder_4 expire 16 lines
03-30 00:02:07.013  1845  5372 I chatty  : uid=1000(system) Binder_7 expire 17 lines
03-30 00:02:09.519  1845  1861 I chatty  : uid=1000(system) Binder_1 expire 8 lines
03-30 00:02:10.742  1845  6103 I chatty  : uid=1000(system) Binder_E expire 9 lines
03-30 00:02:15.692  1845  6190 I chatty  : uid=1000(system) Binder_F expire 11 lines
03-30 00:02:16.926  1845  5405 I chatty  : uid=1000(system) Binder_B expire 9 lines
03-30 00:02:18.186  1845  6191 I chatty  : uid=1000(system) Binder_10 expire 12 lines
03-30 00:02:18.270  1845  4439 I chatty  : uid=1000(system) AlarmManager expire 13 lines
03-30 00:02:19.414  1845  4630 I chatty  : uid=1000(system) Binder_3 expire 7 lines
03-30 00:02:21.892  1845  1862 I chatty  : uid=1000(system) Binder_2 expire 12 lines
03-30 00:02:24.400  1845  5413 I chatty  : uid=1000(system) Binder_D expire 10 lines
03-30 00:02:39.292  1845  5378 I chatty  : uid=1000(system) Binder_8 expire 9 lines
03-30 00:02:43.236  1845  4436 I chatty  : uid=1000(system) UEventObserver expire 1 line
03-30 00:02:48.146  1845  5385 I chatty  : uid=1000(system) Binder_9 expire 6 lines
03-30 00:03:15.560  1845  5389 I chatty  : uid=1000(system) Binder_A expire 8 lines
03-30 00:03:28.973  1845  4439 I chatty  : uid=1000(system) AlarmManager expire 12 lines
03-30 00:03:28.988  1845  1845 I chatty  : uid=1000 system_server expire 20 lines
03-30 00:03:29.667  1845  1896 I chatty  : uid=1000(system) ActivityManager expire 49 lines
03-30 00:03:29.905  1845  1862 I chatty  : uid=1000(system) Binder_2 expire 8 lines
03-30 00:03:31.142  1845  5405 I chatty  : uid=1000(system) Binder_B expire 13 lines
03-30 00:03:32.372  1845  5413 I chatty  : uid=1000(system) Binder_D expire 12 lines
03-30 00:03:33.600  1845  5362 I chatty  : uid=1000(system) Binder_5 expire 11 lines
03-30 00:03:37.345  1845  6190 I chatty  : uid=1000(system) Binder_F expire 9 lines
03-30 00:03:38.405  1845  4650 I chatty  : uid=1000(system) Binder_4 expire 10 lines
03-30 00:03:38.613  1845  6103 I chatty  : uid=1000(system) Binder_E expire 16 lines
03-30 00:03:43.397  1845  4436 I chatty  : uid=1000(system) UEventObserver expire 1 line
03-30 00:03:43.677  1845  4630 I chatty  : uid=1000(system) Binder_3 expire 6 lines
03-30 00:03:45.162  1845  1861 I chatty  : uid=1000(system) Binder_1 expire 5 lines
03-30 00:03:47.426  1845  6191 I chatty  : uid=1000(system) Binder_10 expire 6 lines
03-30 00:03:51.199  1845  5372 I chatty  : uid=1000(system) Binder_7 expire 9 lines
03-30 00:03:58.662  1845  1935 I chatty  : uid=1000(system) android.display expire 7 lines
03-30 00:03:58.782  1845  5385 I chatty  : uid=1000(system) Binder_9 expire 5 lines
03-30 00:03:58.882   486   679 I chatty  : uid=1000(system) EventThread expire 4 lines
03-30 00:04:07.813   486   486 I chatty  : uid=1000(system) /system/bin/surfaceflinger expire 10 lines
03-30 00:04:13.208  1845  4477 I chatty  : uid=1000(system) WifiService expire 2 lines
03-30 00:04:13.886  1845  5363 I chatty  : uid=1000(system) Binder_6 expire 3 lines
03-30 00:04:18.935  1845  5378 I chatty  : uid=1000(system) Binder_8 expire 5 lines
03-30 00:04:22.690  1845  5407 I chatty  : uid=1000(system) Binder_C expire 5 lines
03-30 00:04:24.537  1845  4441 I chatty  : uid=1000(system) InputReader expire 5 lines
03-30 00:04:24.624  1845  1900 I chatty  : uid=1000(system) android.fg expire 1 line
03-30 00:04:24.740 20335 20335 I chatty  : uid=1000(system) expire 1 line
03-30 00:04:28.480  4606  4606 V KeyguardDisplayManager: hide
03-30 00:04:28.822  1845  4650 I chatty  : uid=1000(system) Binder_4 expire 4 lines
03-30 00:04:28.824  1845  1896 I chatty  : uid=1000(system) ActivityManager expire 4 lines
03-30 00:04:28.895  1845  6103 I chatty  : uid=1000(system) Binder_E expire 2 lines
03-30 00:04:31.882  1845  4478 I chatty  : uid=1000(system) ConnectivitySer expire 8 lines
03-30 00:04:32.735  1845  5389 I chatty  : uid=1000(system) Binder_A expire 12 lines
03-30 00:04:32.790   486   679 I chatty  : uid=1000(system) EventThread expire 8 lines
03-30 00:04:33.615  1845  4630 I chatty  : uid=1000(system) Binder_3 expire 8 lines
03-30 00:04:33.665  1845  5372 I chatty  : uid=1000(system) Binder_7 expire 9 lines
03-30 00:04:33.762  1845  1896 I chatty  : uid=1000(system) ActivityManager expire 15 lines
03-30 00:04:34.041  1845  6190 I chatty  : uid=1000(system) Binder_F expire 11 lines
03-30 00:04:34.143   486   486 I chatty  : uid=1000(system) /system/bin/surfaceflinger expire 20 lines
03-30 00:04:34.562  1845  1935 I chatty  : uid=1000(system) android.display expire 5 lines
03-30 00:04:35.249  1845  4650 I chatty  : uid=1000(system) Binder_4 expire 6 lines
03-30 00:04:35.686  1845  4439 I chatty  : uid=1000(system) AlarmManager expire 15 lines
03-30 00:04:35.689  1845  1845 I chatty  : uid=1000 system_server expire 32 lines
03-30 00:04:36.445  1845  1862 I chatty  : uid=1000(system) Binder_2 expire 6 lines
03-30 00:04:37.971  1845  6103 I chatty  : uid=1000(system) Binder_E expire 6 lines
03-30 00:04:37.980  1845  8079 I chatty  : uid=1000(system) AsyncTask #4 expire 2 lines
03-30 00:04:38.024  1845  5405 I chatty  : uid=1000(system) Binder_B expire 9 lines
03-30 00:04:38.052  1845  5407 I chatty  : uid=1000(system) Binder_C expire 4 lines
03-30 00:04:39.160  1845  1861 I chatty  : uid=1000(system) Binder_1 expire 18 lines
03-30 00:04:39.176  1845  5363 I chatty  : uid=1000(system) Binder_6 expire 7 lines
03-30 00:04:39.199  1845  5362 I chatty  : uid=1000(system) Binder_5 expire 2 lines
03-30 00:04:39.214  1845  6191 I chatty  : uid=1000(system) Binder_10 expire 18 lines
03-30 00:04:39.236  4666  4666 I chatty  : uid=1000(system) com.motorola.modemservice expire 1 line
03-30 00:04:43.556  1845  4436 I chatty  : uid=1000(system) UEventObserver expire 2 lines
03-30 00:04:45.255  1845  5378 I chatty  : uid=1000(system) Binder_8 expire 3 lines
03-30 00:04:45.273  1845  5413 I chatty  : uid=1000(system) Binder_D expire 4 lines
03-30 00:05:15.034  1845  1974 I chatty  : uid=1000(system) PackageManager expire 10 lines
03-30 00:05:18.225 21037 21047 D DefContainer: Copying /data/local/tmp/flappy_beta_01v3.apk to base.apk
03-30 00:05:24.314  1845  1845 I chatty  : uid=1000 system_server expire 8 lines
03-30 00:05:27.231  1845  1896 I chatty  : uid=1000(system) ActivityManager expire 2 lines
03-30 00:05:28.139 21109 21109 I chatty  : uid=1000(system) expire 1 line
03-30 00:05:29.365  1845  5385 I chatty  : uid=1000(system) Binder_9 expire 3 lines
03-30 00:05:29.504  1845  1861 I chatty  : uid=1000(system) Binder_1 expire 3 lines
03-30 00:06:09.981  1845  6191 I chatty  : uid=1000(system) Binder_10 expire 1 line
03-30 00:06:10.282  1845  1935 I LaunchCheckinHandler: Displayed com.google.android.packageinstaller/com.android.packageinstaller.UninstallerActivity,cp,ca,314
03-30 00:06:10.991   486   486 I SFPerfTracer:      triggers: (rate: 1095:22918) (compose: 67:1645) (post: 1:105) (render: 1:1421) (17:1068085 frames) (18:1124759)
03-30 00:06:10.991   486   486 D SFPerfTracer:        layers: (6:11) (FocusedStackFrame (0xb744fd28): 0:3693)* (DimLayer (0xb74523b8): 0:43)* (DimLayer (0xb7455320): 0:2)* (StatusBar (0xb745a040): 0:210861) (com.android.systemui.ImageWallpaper (0xb74691e8): 0:6878) (DimLayer (0xb7473fd8): 10:1755) (DimLayer (0xb746e9f0): 0:383)* (NavigationBar (0xb744acc8): 0:157) (com.google.android.googlequicksearchbox/com.google.android.launcher.GEL (0xb74a4b28): 18:238) (com.google.android.packageinstaller/com.android.packageinstaller.UninstallerActivity (0xb74a78a0): 9:17) (com.google.android.packageinstaller/com.android.packageinstaller.UninstallerActivity (0xb745deb0): 0:5)* 
03-30 00:06:11.040  1845  5362 I ActivityManager: START u0 {act=android.intent.action.VIEW cmp=com.google.android.packageinstaller/com.android.packageinstaller.UninstallAppProgress (has extras)} from uid 10031 on display 0
03-30 00:06:11.206  1845  1935 I LaunchCheckinHandler: Displayed com.google.android.packageinstaller/com.android.packageinstaller.UninstallAppProgress,wp,ca,146
03-30 00:06:11.386  1845  1974 I ActivityManager: Start proc 21614:com.android.defcontainer/u0a20 for service com.android.defcontainer/.DefaultContainerService
03-30 00:06:11.386  1845  1974 I ActivityManager: Force stopping com.essejose.energygames.pullbirds appid=10187 user=0: pkg removed
03-30 00:06:11.402  1845  4650 I ActivityManager: moveHomeStack, setupComplete:true
03-30 00:06:11.507  1845  5385 I ActivityManager: Start proc 21628:com.android.keychain/1000 for broadcast com.android.keychain/.KeyChainBroadcastReceiver
03-30 00:06:11.602 21628 21628 W ContextImpl: Calling a method in the system process without a qualified user: android.app.ContextImpl.startService:1221 android.content.ContextWrapper.startService:581 android.content.ContextWrapper.startService:581 com.android.keychain.KeyChainBroadcastReceiver.onReceive:12 android.app.ActivityThread.handleReceiver:2743 
03-30 00:06:12.402  1845  1845 D JobSchedulerService: Receieved: android.intent.action.PACKAGE_REMOVED
03-30 00:06:12.420  1845  1845 I ActivityManager: Start proc 21668:com.android.documentsui/u0a77 for broadcast com.android.documentsui/.PackageReceiver
03-30 00:06:12.433   486   679 I SFPerfTracer:      triggers: (rate: 35:770) (1976253 sw vsyncs) (0 skipped) (49:1433239 vsyncs) (51:3484290)
03-30 00:06:12.546  1845  4630 I ActivityManager: Start proc 21681:com.android.externalstorage/u0a26 for content provider com.android.externalstorage/.ExternalStorageProvider
03-30 00:06:12.585  1845  4650 I ActivityManager: Killing 20427:com.google.android.partnersetup/u0a32 (adj 15): empty #13
03-30 00:06:12.705  1845  5413 I ActivityManager: Start proc 21697:com.android.shell/2000 for content provider com.android.shell/.BugreportStorageProvider
03-30 00:06:12.730  1845  5362 I ActivityManager: Killing 21175:com.motorola.invisiblenet/u0a35 (adj 15): empty #13
03-30 00:06:13.624   486   486 I SFPerfTracer:      triggers: (rate: 1095:22920) (compose: 67:1645) (post: 1:105) (render: 1:1421) (38:1068182 frames) (39:1124877)
03-30 00:06:13.624   486   486 D SFPerfTracer:        layers: (5:13) (FocusedStackFrame (0xb744fd28): 0:3701)* (DimLayer (0xb74523b8): 0:43)* (DimLayer (0xb7455320): 0:2)* (StatusBar (0xb745a040): 1:210864) (com.android.systemui.ImageWallpaper (0xb74691e8): 0:6878) (DimLayer (0xb7473fd8): 0:1768)* (DimLayer (0xb746e9f0): 0:385)* (NavigationBar (0xb744acc8): 0:157) (com.google.android.googlequicksearchbox/com.google.android.launcher.GEL (0xb74a4b28): 38:299) (com.google.android.packageinstaller/com.android.packageinstaller.UninstallerActivity (0xb74a78a0): 0:31)- (com.google.android.packageinstaller/com.android.packageinstaller.UninstallerActivity (0xb745deb0): 0:6)- (com.google.android.packageinstaller/com.android.packageinstaller.UninstallAppProgress (0xb7484c00): 0:41)- (Toast (0xb74887c0): 0:40) 
03-30 00:06:14.903  1845  1845 I ActivityManager: Killing 21211:com.ketchapp.stack/u0a116 (adj 15): empty #13
03-30 00:06:15.507  1845  6103 I ActivityManager: START u0 {act=android.intent.action.DELETE dat=package:com.essejose.energygames.flappingbirds flg=0x10800000 cmp=com.google.android.packageinstaller/com.android.packageinstaller.UninstallerActivity (has extras)} from uid 10060 on display 0
03-30 00:06:15.638  1845  1935 I LaunchCheckinHandler: Displayed com.google.android.packageinstaller/com.android.packageinstaller.UninstallerActivity,wp,ca,95
03-30 00:06:16.280   486   679 I SFPerfTracer:      triggers: (rate: 35:770) (1976253 sw vsyncs) (0 skipped) (113:1433422 vsyncs) (115:3484488)
03-30 00:06:16.300   486   486 I SFPerfTracer:      triggers: (rate: 1095:22922) (compose: 67:1645) (post: 1:105) (render: 1:1421) (32:1068291 frames) (33:1125001)
03-30 00:06:16.300   486   486 D SFPerfTracer:        layers: (6:12) (FocusedStackFrame (0xb744fd28): 0:3703)* (DimLayer (0xb74523b8): 0:43)* (DimLayer (0xb7455320): 0:2)* (StatusBar (0xb745a040): 0:210869) (com.android.systemui.ImageWallpaper (0xb74691e8): 0:6878) (DimLayer (0xb7473fd8): 10:1778) (DimLayer (0xb746e9f0): 0:385)* (NavigationBar (0xb744acc8): 0:157) (com.google.android.googlequicksearchbox/com.google.android.launcher.GEL (0xb74a4b28): 33:419) (Toast (0xb74887c0): 0:71)- (com.google.android.packageinstaller/com.android.packageinstaller.UninstallerActivity (0xb74a78a0): 9:13) (com.google.android.packageinstaller/com.android.packageinstaller.UninstallerActivity (0xb7490520): 0:3)* 
03-30 00:06:16.331  1845  5389 I ActivityManager: START u0 {act=android.intent.action.VIEW cmp=com.google.android.packageinstaller/com.android.packageinstaller.UninstallAppProgress (has extras)} from uid 10031 on display 0
03-30 00:06:16.442  1845  1935 I LaunchCheckinHandler: Displayed com.google.android.packageinstaller/com.android.packageinstaller.UninstallAppProgress,wp,ca,94
03-30 00:06:16.627  1845  5362 I ActivityManager: moveHomeStack, setupComplete:true
03-30 00:06:16.667  1845  1974 I ActivityManager: Force stopping com.essejose.energygames.flappingbirds appid=10188 user=0: pkg removed
03-30 00:06:16.710 21628 21628 W ContextImpl: Calling a method in the system process without a qualified user: android.app.ContextImpl.startService:1221 android.content.ContextWrapper.startService:581 android.content.ContextWrapper.startService:581 com.android.keychain.KeyChainBroadcastReceiver.onReceive:12 android.app.ActivityThread.handleReceiver:2743 
03-30 00:06:17.100  1845  1845 D JobSchedulerService: Receieved: android.intent.action.PACKAGE_REMOVED
03-30 00:06:20.127   486   679 I SFPerfTracer:      triggers: (rate: 35:770) (1976253 sw vsyncs) (0 skipped) (84:1433583 vsyncs) (86:3484663)
03-30 00:06:20.163   486   486 I SFPerfTracer:      triggers: (rate: 1095:22923) (compose: 67:1645) (post: 1:105) (render: 1:1421) (84:1068439 frames) (85:1125171)
03-30 00:06:20.163   486   486 D SFPerfTracer:        layers: (5:13) (FocusedStackFrame (0xb744fd28): 0:3711)* (DimLayer (0xb74523b8): 0:43)* (DimLayer (0xb7455320): 0:2)* (StatusBar (0xb745a040): 0:210869) (com.android.systemui.ImageWallpaper (0xb74691e8): 0:6878) (DimLayer (0xb7473fd8): 0:1791)* (DimLayer (0xb746e9f0): 0:387)* (NavigationBar (0xb744acc8): 0:157) (com.google.android.googlequicksearchbox/com.google.android.launcher.GEL (0xb74a4b28): 85:549) (com.google.android.packageinstaller/com.android.packageinstaller.UninstallerActivity (0xb74a78a0): 0:26)- (com.google.android.packageinstaller/com.android.packageinstaller.UninstallerActivity (0xb7490520): 0:4)- (com.google.android.packageinstaller/com.android.packageinstaller.UninstallAppProgress (0xb745deb0): 0:40)- (Toast (0xb7487bf8): 0:34) 
03-30 00:06:21.710  1845  4439 V AlarmManager: sending alarm {5a1cf17 type 2 *walarm*:com.google.android.location.ALARM_WAKEUP_LOCATOR}
03-30 00:06:21.716  1845  6190 D WifiService: acquireWifiLockLocked: WifiLock{NlpWifiLock type=2 binder=android.os.BinderProxy@5e4723}
03-30 00:06:21.723  1845  1845 V AlarmManager: done {5a1cf17, *walarm*:com.google.android.location.ALARM_WAKEUP_LOCATOR} [13ms]
03-30 00:06:22.322   486   679 I SFPerfTracer:      triggers: (rate: 35:770) (1976253 sw vsyncs) (0 skipped) (37:1433705 vsyncs) (39:3484791)
03-30 00:06:22.373   486   486 I SFPerfTracer:      triggers: (rate: 1095:22923) (compose: 67:1645) (post: 1:105) (render: 1:1421) (35:1068554 frames) (36:1125291)
03-30 00:06:22.373   486   486 D SFPerfTracer:        layers: (4:10) (FocusedStackFrame (0xb744fd28): 0:3711)* (DimLayer (0xb74523b8): 0:43)* (DimLayer (0xb7455320): 0:2)* (StatusBar (0xb745a040): 0:210870) (com.android.systemui.ImageWallpaper (0xb74691e8): 0:6878) (DimLayer (0xb7473fd8): 0:1791)* (DimLayer (0xb746e9f0): 0:387)* (NavigationBar (0xb744acc8): 0:157) (com.google.android.googlequicksearchbox/com.google.android.launcher.GEL (0xb74a4b28): 36:666) (Toast (0xb7487bf8): 0:65)- 
03-30 00:06:24.286   486   679 I SFPerfTracer:      triggers: (rate: 35:770) (1976253 sw vsyncs) (0 skipped) (114:1433819 vsyncs) (116:3484907)
03-30 00:06:24.303   486   486 I SFPerfTracer:      triggers: (rate: 1095:22923) (compose: 67:1645) (post: 1:105) (render: 1:1421) (112:1068666 frames) (113:1125404)
03-30 00:06:24.303   486   486 D SFPerfTracer:        layers: (4:9) (FocusedStackFrame (0xb744fd28): 0:3711)* (DimLayer (0xb74523b8): 0:43)* (DimLayer (0xb7455320): 0:2)* (StatusBar (0xb745a040): 5:210875) (com.android.systemui.ImageWallpaper (0xb74691e8): 0:6878) (DimLayer (0xb7473fd8): 0:1791)* (DimLayer (0xb746e9f0): 0:387)* (NavigationBar (0xb744acc8): 0:157) (com.google.android.googlequicksearchbox/com.google.android.launcher.GEL (0xb74a4b28): 113:779) 
03-30 00:06:25.236  1845  5362 D WifiService: releaseWifiLockLocked: WifiLock{NlpWifiLock type=2 binder=android.os.BinderProxy@5e4723}
03-30 00:06:26.266   486   679 I SFPerfTracer:      triggers: (rate: 35:770) (1976253 sw vsyncs) (0 skipped) (21:1433911 vsyncs) (23:3485010)
03-30 00:06:26.713   486   486 I SFPerfTracer:      triggers: (rate: 1095:22923) (compose: 67:1645) (post: 1:105) (render: 1:1421) (18:1068774 frames) (19:1125519)
03-30 00:06:26.713   486   486 D SFPerfTracer:        layers: (4:9) (FocusedStackFrame (0xb744fd28): 0:3711)* (DimLayer (0xb74523b8): 0:43)* (DimLayer (0xb7455320): 0:2)* (StatusBar (0xb745a040): 1:210878) (com.android.systemui.ImageWallpaper (0xb74691e8): 0:6878) (DimLayer (0xb7473fd8): 0:1791)* (DimLayer (0xb746e9f0): 0:387)* (NavigationBar (0xb744acc8): 0:157) (com.google.android.googlequicksearchbox/com.google.android.launcher.GEL (0xb74a4b28): 19:893) 
03-30 00:06:29.237   486   679 I SFPerfTracer:      triggers: (rate: 35:770) (1976253 sw vsyncs) (0 skipped) (23:1434027 vsyncs) (25:3485134)
03-30 00:06:29.963   486   486 I SFPerfTracer:      triggers: (rate: 1095:22923) (compose: 67:1645) (post: 1:105) (render: 1:1421) (2:1068867 frames) (3:1125621)
03-30 00:06:29.963   486   486 D SFPerfTracer:        layers: (5:10) (FocusedStackFrame (0xb744fd28): 0:3711)* (DimLayer (0xb74523b8): 0:43)* (DimLayer (0xb7455320): 0:2)* (StatusBar (0xb745a040): 0:210878) (com.android.systemui.ImageWallpaper (0xb74691e8): 0:6878) (DimLayer (0xb7473fd8): 0:1791)* (DimLayer (0xb746e9f0): 0:387)* (NavigationBar (0xb744acc8): 0:158) (com.google.android.googlequicksearchbox/com.google.android.launcher.GEL (0xb74a4b28): 2:974) (InputMethod (0xb74a78a0): 2:23) 
03-30 00:06:32.391  1845  4439 V AlarmManager: sending alarm {70a4fe5 type 0 *walarm*:com.exacttarget.etsdk.registration_check}
03-30 00:06:32.401  1845  1845 V AlarmManager: done {70a4fe5, *walarm*:com.exacttarget.etsdk.registration_check} [10ms]
03-30 00:06:32.456  1845  4650 I ActivityManager: Killing 21230:com.google.android.apps.photos/u0a106 (adj 15): empty #13
03-30 00:06:38.407  1845  5405 D BatteryService: Processing new values: chargerAcOnline=false, chargerUsbOnline=true, chargerWirelessOnline=false, maxChargingCurrent500000, batteryStatus=2, batteryHealth=2, batteryPresent=true, batteryLevel=23, batteryTechnology=Li-ion, batteryVoltage=3762, batteryTemperature=365, mBatteryLevelCritical=false, mPlugType=2, mChargeRate=1, modLevel=-1, modStatus=-1, modFlag=0
03-30 00:06:38.407  1845  5405 D BatteryService: Sending ACTION_BATTERY_CHANGED.  level:23, scale:100, status:2, health:2, present:true, voltage: 3762, temperature: 365, technology: Li-ion, AC powered:false, USB powered:true, Wireless powered:false, icon:17303122, invalid charger:0, maxChargingCurrent:500000, charge rate:1, MOD powered:false, mod level:-1, mod status:-1, mod flag:0
03-30 00:06:41.716  1845  4439 V AlarmManager: sending alarm {8055e1a type 0 *walarm*:com.android.vending/com.google.android.finsky.services.ContentSyncService}
03-30 00:06:41.722  1845  4439 V AlarmManager: sending alarm {5a1cf17 type 2 *walarm*:com.google.android.location.ALARM_WAKEUP_LOCATOR}
03-30 00:06:41.722  1845  4439 V AlarmManager: sending alarm {bf4fdf1 type 3 *alarm*:com.google.android.apps.fitness/.wearable.WearableSyncReceiver}
03-30 00:06:41.725  1845  1845 V AlarmManager: done {8055e1a, *walarm*:com.android.vending/com.google.android.finsky.services.ContentSyncService} [9ms]
03-30 00:06:41.776  1845  5372 D WifiService: acquireWifiLockLocked: WifiLock{NlpWifiLock type=2 binder=android.os.BinderProxy@91f5328}
03-30 00:06:41.779  1845  1845 V AlarmManager: done {5a1cf17, *walarm*:com.google.android.location.ALARM_WAKEUP_LOCATOR} [63ms]
03-30 00:06:41.939  1845  1845 V AlarmManager: done {bf4fdf1, *alarm*:com.google.android.apps.fitness/.wearable.WearableSyncReceiver} [223ms]
03-30 00:06:43.877  1845  4436 D BatteryService: uevent={POWER_SUPPLY_TEMP=365, POWER_SUPPLY_STATUS=Charging, POWER_SUPPLY_CAPACITY=23, ACTION=change, DEVPATH=/devices/soc.0/qpnp-smbcharger-f6e04600/power_supply/battery, POWER_SUPPLY_AGE=92, POWER_SUPPLY_VOLTAGE_MAX=4350, SUBSYSTEM=power_supply, POWER_SUPPLY_NUM_SYSTEM_TEMP_LEVELS=8, POWER_SUPPLY_INPUT_CURRENT_MAX=1500000, POWER_SUPPLY_VOLTAGE_MAX_DESIGN=4350000, POWER_SUPPLY_CHARGE_FULL=2831896, POWER_SUPPLY_NAME=battery, POWER_SUPPLY_FLASH_CURRENT_MAX=1721394, POWER_SUPPLY_HEALTH=Good, POWER_SUPPLY_CYCLE_COUNT=1, POWER_SUPPLY_TECHNOLOGY=Li-ion, POWER_SUPPLY_CHARGE_TYPE=Fast, POWER_SUPPLY_CONSTANT_CHARGE_CURRENT_MAX=2500000, POWER_SUPPLY_PRESENT=1, POWER_SUPPLY_TEMP_HOTSPOT=0, POWER_SUPPLY_INPUT_CURRENT_SETTLED=0, POWER_SUPPLY_SAFETY_TIMER_ENABLED=0, POWER_SUPPLY_FLASH_ACTIVE=0, POWER_SUPPLY_VOLTAGE_NOW=3760354, SEQNUM=25951, POWER_SUPPLY_CHARGE_FULL_DESIGN=3059000, POWER_SUPPLY_CURRENT_NOW=-119780, POWER_SUPPLY_CHARGE_COUNTER=864865, POWER_SUPPLY_SYSTEM_TEMP_LEVEL=0, POWER_SUPPLY_CHARGE_RATE=Normal, POWER_SUPPLY_CHARGING_ENABLED=1, POWER_SUPPLY_BATTERY_CHARGING_ENABLED=1}
03-30 00:06:43.878  1845  5407 D BatteryService: Processing new values: chargerAcOnline=false, chargerUsbOnline=true, chargerWirelessOnline=false, maxChargingCurrent500000, batteryStatus=2, batteryHealth=2, batteryPresent=true, batteryLevel=23, batteryTechnology=Li-ion, batteryVoltage=3760, batteryTemperature=365, mBatteryLevelCritical=false, mPlugType=2, mChargeRate=1, modLevel=-1, modStatus=-1, modFlag=0
03-30 00:06:43.879  1845  5407 D BatteryService: Sending ACTION_BATTERY_CHANGED.  level:23, scale:100, status:2, health:2, present:true, voltage: 3760, temperature: 365, technology: Li-ion, AC powered:false, USB powered:true, Wireless powered:false, icon:17303122, invalid charger:0, maxChargingCurrent:500000, charge rate:1, MOD powered:false, mod level:-1, mod status:-1, mod flag:0
03-30 00:06:44.724  1845  4439 V AlarmManager: sending alarm {c3a1696 type 3 *alarm*:com.google.android.gms/.lockbox.LockboxAlarmReceiver}
03-30 00:06:44.731  1845  1845 V AlarmManager: done {c3a1696, *alarm*:com.google.android.gms/.lockbox.LockboxAlarmReceiver} [7ms]
03-30 00:06:45.261  1845  5363 D WifiService: releaseWifiLockLocked: WifiLock{NlpWifiLock type=2 binder=android.os.BinderProxy@91f5328}
03-30 00:06:55.609   486   679 I SFPerfTracer:      triggers: (rate: 35:770) (1976253 sw vsyncs) (0 skipped) (0:1434044 vsyncs) (1:3485235)
03-30 00:07:00.001  1845  4439 V AlarmManager: sending alarm {aca1fe0 type 3 *alarm*:android.intent.action.TIME_TICK}
03-30 00:07:00.071  1845  1845 V AlarmManager: done {aca1fe0, *alarm*:android.intent.action.TIME_TICK} [70ms]
03-30 00:07:00.144   486   486 I SFPerfTracer:      triggers: (rate: 1095:22923) (compose: 67:1645) (post: 1:105) (render: 1:1421) (3:1068888 frames) (4:1125723)
03-30 00:07:00.144   486   486 D SFPerfTracer:        layers: (5:10) (FocusedStackFrame (0xb744fd28): 0:3711)* (DimLayer (0xb74523b8): 0:43)* (DimLayer (0xb7455320): 0:2)* (StatusBar (0xb745a040): 4:210907) (com.android.systemui.ImageWallpaper (0xb74691e8): 0:6878) (DimLayer (0xb7473fd8): 0:1791)* (DimLayer (0xb746e9f0): 0:387)* (NavigationBar (0xb744acc8): 0:158) (com.google.android.googlequicksearchbox/com.google.android.launcher.GEL (0xb74a4b28): 0:1047) (InputMethod (0xb74a78a0): 0:27) 
03-30 00:07:01.776  1845  4439 V AlarmManager: sending alarm {5a1cf17 type 2 *walarm*:com.google.android.location.ALARM_WAKEUP_LOCATOR}
03-30 00:07:01.781  1845  1862 D WifiService: acquireWifiLockLocked: WifiLock{NlpWifiLock type=2 binder=android.os.BinderProxy@91f5328}
03-30 00:07:01.787  1845  1845 V AlarmManager: done {5a1cf17, *walarm*:com.google.android.location.ALARM_WAKEUP_LOCATOR} [10ms]
03-30 00:07:05.356  1845  6103 D WifiService: releaseWifiLockLocked: WifiLock{NlpWifiLock type=2 binder=android.os.BinderProxy@91f5328}
03-30 00:07:21.781  1845  4439 V AlarmManager: sending alarm {5a1cf17 type 2 *walarm*:com.google.android.location.ALARM_WAKEUP_LOCATOR}
03-30 00:07:21.786  1845  5385 D WifiService: acquireWifiLockLocked: WifiLock{NlpWifiLock type=2 binder=android.os.BinderProxy@5049d3e}
03-30 00:07:21.793  1845  1845 V AlarmManager: done {5a1cf17, *walarm*:com.google.android.location.ALARM_WAKEUP_LOCATOR} [11ms]
03-30 00:07:25.411  1845  5363 D WifiService: releaseWifiLockLocked: WifiLock{NlpWifiLock type=2 binder=android.os.BinderProxy@5049d3e}
03-30 00:07:29.928  1845  1941 I PowerManagerService: Going to sleep due to screen timeout (uid 1000)...
03-30 00:07:29.975   486   679 I SFPerfTracer:      triggers: (rate: 35:770) (1976253 sw vsyncs) (0 skipped) (0:1434048 vsyncs) (1:3485336)
03-30 00:07:30.550  1845  1935 I DisplayManagerService: Display device changed state: "Tela integrada", OFF
03-30 00:07:30.703   486   486 I SFPerfTracer:      triggers: (rate: 1095:22924) (compose: 67:1645) (post: 1:105) (render: 1:1421) (28:1068922 frames) (29:1125838)
03-30 00:07:30.703   486   486 D SFPerfTracer:        layers: (1:11) (FocusedStackFrame (0xb744fd28): 0:3711)* (DimLayer (0xb74523b8): 0:43)* (DimLayer (0xb7455320): 0:2)* (StatusBar (0xb745a040): 0:210930)* (com.android.systemui.ImageWallpaper (0xb74691e8): 0:6878)* (DimLayer (0xb7473fd8): 0:1791)* (DimLayer (0xb746e9f0): 0:387)* (NavigationBar (0xb744acc8): 0:160)* (com.google.android.googlequicksearchbox/com.google.android.launcher.GEL (0xb74a4b28): 1:1108)* (InputMethod (0xb74a78a0): 0:28)* (ColorFade (0xb74926f0): 29:30) 
03-30 00:07:30.714  1845  1941 I DreamManagerService: Entering dreamland.
03-30 00:07:30.714  1845  1941 I PowerManagerService: Dozing...
03-30 00:07:30.715  1845  1900 I DreamController: Starting dream: name=ComponentInfo{com.motorola.motodisplay/com.motorola.motodisplay.DozeService}, isTest=false, canDoze=true, userId=0
03-30 00:07:30.789  1845  1896 I ActivityManager: Start proc 21801:com.android.settings/1000 for broadcast com.android.settings/com.motorola.settings.notification.HiddenListenerSettingsReceiver
03-30 00:07:30.891 21801 21801 W ContextImpl: Calling a method in the system process without a qualified user: android.app.ContextImpl.startService:1221 android.content.ContextWrapper.startService:581 android.content.ContextWrapper.startService:581 com.motorola.settings.notification.HiddenListenerSettingsReceiver.onReceive:35 android.app.ActivityThread.handleReceiver:2743 
03-30 00:07:30.982  1845  1845 V NotificationListeners: disabling notification listener for user 0: ComponentInfo{com.garmin.android.apps.connectmobile/com.garmin.android.gncs.GNCSListenerService}
03-30 00:07:30.984  1845  1845 V NotificationListeners: disabling notification listener for user 0: ComponentInfo{com.garmin.android.apps.connectmobile/com.garmin.android.apps.connectmobile.smartrequest.MusicControlListenerService}
03-30 00:07:30.986  1845  1845 V NotificationListeners: enabling notification listener for user 0: ComponentInfo{com.motorola.motodisplay/com.motorola.motodisplay.MDNotificationListenerService}
03-30 00:07:30.999  1845  1845 V NotificationListeners: enabling notification listener for user 0: ComponentInfo{com.garmin.android.apps.connectmobile/com.garmin.android.gncs.GNCSListenerService}
03-30 00:07:31.002  1845  1845 V NotificationListeners: enabling notification listener for user 0: ComponentInfo{com.garmin.android.apps.connectmobile/com.garmin.android.apps.connectmobile.smartrequest.MusicControlListenerService}
03-30 00:07:31.004  1845  1845 V NotificationListeners: enabling notification listener for user 0: ComponentInfo{com.musixmatch.android.lyrify/com.designfuture.music.scrobbler.notifications.MXMNotificationListenerService}
03-30 00:07:31.007  1845  1845 W ActivityManager: Unable to start service Intent { act=android.service.notification.NotificationListenerService cmp=com.musixmatch.android.lyrify/com.designfuture.music.scrobbler.notifications.MXMNotificationListenerService } U=0: not found
03-30 00:07:31.007  1845  1845 W NotificationListeners: Unable to bind notification listener service: Intent { act=android.service.notification.NotificationListenerService cmp=com.musixmatch.android.lyrify/com.designfuture.music.scrobbler.notifications.MXMNotificationListenerService (has extras) }
03-30 00:07:34.933  1845  4439 V AlarmManager: sending alarm {396ede3 type 2 *walarm*:com.android.internal.policy.impl.PhoneWindowManager.DELAYED_KEYGUARD}
03-30 00:07:34.942  1845  1845 V AlarmManager: done {396ede3, *walarm*:com.android.internal.policy.impl.PhoneWindowManager.DELAYED_KEYGUARD} [9ms]
03-30 00:07:35.017  4606  4606 D StatusBarKeyguardViewManager: showKeyguard, but hide Bouncer
03-30 00:07:35.072  4606  4606 V KeyguardStatusView: refresh statusview showing:true
03-30 00:07:35.082  4606  4606 V KeyguardDisplayManager: show
03-30 00:07:38.407  1845  6190 D BatteryService: Processing new values: chargerAcOnline=false, chargerUsbOnline=true, chargerWirelessOnline=false, maxChargingCurrent500000, batteryStatus=2, batteryHealth=2, batteryPresent=true, batteryLevel=23, batteryTechnology=Li-ion, batteryVoltage=3751, batteryTemperature=360, mBatteryLevelCritical=false, mPlugType=2, mChargeRate=1, modLevel=-1, modStatus=-1, modFlag=0
03-30 00:07:38.407  1845  6190 D BatteryService: Sending ACTION_BATTERY_CHANGED.  level:23, scale:100, status:2, health:2, present:true, voltage: 3751, temperature: 360, technology: Li-ion, AC powered:false, USB powered:true, Wireless powered:false, icon:17303122, invalid charger:0, maxChargingCurrent:500000, charge rate:1, MOD powered:false, mod level:-1, mod status:-1, mod flag:0
03-30 00:07:38.708  1845  5372 D WifiService: acquireWifiLockLocked: WifiLock{NlpWifiLock type=2 binder=android.os.BinderProxy@5c3cce6}
03-30 00:07:40.631  1845  5363 I ActivityManager: Killing 21336:com.instagram.android/u0a161 (adj 15): empty #13
03-30 00:07:42.244  1845  5372 D WifiService: releaseWifiLockLocked: WifiLock{NlpWifiLock type=2 binder=android.os.BinderProxy@5c3cce6}
03-30 00:07:44.038  1845  4436 D BatteryService: uevent={POWER_SUPPLY_TEMP=360, POWER_SUPPLY_STATUS=Charging, POWER_SUPPLY_CAPACITY=23, ACTION=change, DEVPATH=/devices/soc.0/qpnp-smbcharger-f6e04600/power_supply/battery, POWER_SUPPLY_AGE=92, POWER_SUPPLY_VOLTAGE_MAX=4350, SUBSYSTEM=power_supply, POWER_SUPPLY_NUM_SYSTEM_TEMP_LEVELS=8, POWER_SUPPLY_INPUT_CURRENT_MAX=1500000, POWER_SUPPLY_VOLTAGE_MAX_DESIGN=4350000, POWER_SUPPLY_CHARGE_FULL=2831896, POWER_SUPPLY_NAME=battery, POWER_SUPPLY_FLASH_CURRENT_MAX=1724072, POWER_SUPPLY_HEALTH=Good, POWER_SUPPLY_CYCLE_COUNT=1, POWER_SUPPLY_TECHNOLOGY=Li-ion, POWER_SUPPLY_CHARGE_TYPE=Fast, POWER_SUPPLY_CONSTANT_CHARGE_CURRENT_MAX=2500000, POWER_SUPPLY_PRESENT=1, POWER_SUPPLY_TEMP_HOTSPOT=0, POWER_SUPPLY_INPUT_CURRENT_SETTLED=0, POWER_SUPPLY_SAFETY_TIMER_ENABLED=0, POWER_SUPPLY_FLASH_ACTIVE=0, POWER_SUPPLY_VOLTAGE_NOW=3789345, SEQNUM=25952, POWER_SUPPLY_CHARGE_FULL_DESIGN=3059000, POWER_SUPPLY_CURRENT_NOW=-257719, POWER_SUPPLY_CHARGE_COUNTER=867065, POWER_SUPPLY_SYSTEM_TEMP_LEVEL=0, POWER_SUPPLY_CHARGE_RATE=Normal, POWER_SUPPLY_CHARGING_ENABLED=1, POWER_SUPPLY_BATTERY_CHARGING_ENABLED=1}
03-30 00:07:44.040  1845  5363 D BatteryService: Processing new values: chargerAcOnline=false, chargerUsbOnline=true, chargerWirelessOnline=false, maxChargingCurrent500000, batteryStatus=2, batteryHealth=2, batteryPresent=true, batteryLevel=23, batteryTechnology=Li-ion, batteryVoltage=3789, batteryTemperature=360, mBatteryLevelCritical=false, mPlugType=2, mChargeRate=1, modLevel=-1, modStatus=-1, modFlag=0
03-30 00:07:44.040  1845  5363 D BatteryService: Sending ACTION_BATTERY_CHANGED.  level:23, scale:100, status:2, health:2, present:true, voltage: 3789, temperature: 360, technology: Li-ion, AC powered:false, USB powered:true, Wireless powered:false, icon:17303122, invalid charger:0, maxChargingCurrent:500000, charge rate:1, MOD powered:false, mod level:-1, mod status:-1, mod flag:0
03-30 00:07:44.770  1845  4439 V AlarmManager: sending alarm {4909329 type 2 *walarm*:com.google.android.gms.gcm.ACTION_CHECK_QUEUE}
03-30 00:07:44.773  1845  4439 V AlarmManager: sending alarm {c3a1696 type 3 *alarm*:com.google.android.gms/.lockbox.LockboxAlarmReceiver}
03-30 00:07:44.774  1845  4439 V AlarmManager: sending alarm {b1a7e0f type 3 *alarm*:send_events}
03-30 00:07:44.778  1845  1845 V AlarmManager: done {b1a7e0f, *alarm*:send_events} [7ms]
03-30 00:07:44.779  1845  1845 V AlarmManager: done {4909329, *walarm*:com.google.android.gms.gcm.ACTION_CHECK_QUEUE} [9ms]
03-30 00:07:44.799  1845  1845 V AlarmManager: done {c3a1696, *alarm*:com.google.android.gms/.lockbox.LockboxAlarmReceiver} [28ms]
03-30 00:07:47.772  1845  4439 V AlarmManager: sending alarm {748586f type 0 *walarm*:AlarmTaskSchedule.com.meitu.makeup}
03-30 00:07:47.776  1845  1845 V AlarmManager: done {748586f, *walarm*:AlarmTaskSchedule.com.meitu.makeup} [3ms]
03-30 00:07:54.013  1845  4439 V AlarmManager: sending alarm {c5052ad type 0 *walarm*:Thread-50291}
03-30 00:07:54.015  1845  1845 V AlarmManager: done {c5052ad, *walarm*:Thread-50291} [1ms]
03-30 00:07:58.712  1845  4439 V AlarmManager: sending alarm {5a1cf17 type 2 *walarm*:com.google.android.location.ALARM_WAKEUP_LOCATOR}
03-30 00:07:58.721  1845  4630 D WifiService: acquireWifiLockLocked: WifiLock{NlpWifiLock type=2 binder=android.os.BinderProxy@5c3cce6}
03-30 00:07:58.726  1845  1845 V AlarmManager: done {5a1cf17, *walarm*:com.google.android.location.ALARM_WAKEUP_LOCATOR} [16ms]
03-30 00:08:02.439  1845  4630 D WifiService: releaseWifiLockLocked: WifiLock{NlpWifiLock type=2 binder=android.os.BinderProxy@5c3cce6}
03-30 00:08:15.335  1845  4439 V AlarmManager: sending alarm {aca1fe0 type 3 *alarm*:android.intent.action.TIME_TICK}
03-30 00:08:15.336  1845  4439 V AlarmManager: sending alarm {748586f type 0 *walarm*:AlarmTaskSchedule.com.meitu.makeup}
03-30 00:08:15.344  1845  1845 V AlarmManager: done {748586f, *walarm*:AlarmTaskSchedule.com.meitu.makeup} [9ms]
03-30 00:08:15.468  1845  1845 V AlarmManager: done {aca1fe0, *alarm*:android.intent.action.TIME_TICK} [133ms]
03-30 00:08:18.704  1845  5378 D WifiService: acquireWifiLockLocked: WifiLock{NlpWifiLock type=2 binder=android.os.BinderProxy@5c3cce6}
03-30 00:08:22.360  1845  5372 D WifiService: releaseWifiLockLocked: WifiLock{NlpWifiLock type=2 binder=android.os.BinderProxy@5c3cce6}
03-30 00:08:38.407  1845  1861 D BatteryService: Processing new values: chargerAcOnline=false, chargerUsbOnline=true, chargerWirelessOnline=false, maxChargingCurrent500000, batteryStatus=2, batteryHealth=2, batteryPresent=true, batteryLevel=23, batteryTechnology=Li-ion, batteryVoltage=3791, batteryTemperature=352, mBatteryLevelCritical=false, mPlugType=2, mChargeRate=1, modLevel=-1, modStatus=-1, modFlag=0
03-30 00:08:38.407  1845  1861 D BatteryService: Sending ACTION_BATTERY_CHANGED.  level:23, scale:100, status:2, health:2, present:true, voltage: 3791, temperature: 352, technology: Li-ion, AC powered:false, USB powered:true, Wireless powered:false, icon:17303122, invalid charger:0, maxChargingCurrent:500000, charge rate:1, MOD powered:false, mod level:-1, mod status:-1, mod flag:0
03-30 00:08:38.705  1845  4439 V AlarmManager: sending alarm {985ea49 type 2 *walarm*:com.whatsapp.messaging.j.CLIENT_PINGER_ACTION}
03-30 00:08:38.710  1845  4439 V AlarmManager: sending alarm {5a1cf17 type 2 *walarm*:com.google.android.location.ALARM_WAKEUP_LOCATOR}
03-30 00:08:38.711  1845  1845 V AlarmManager: done {985ea49, *walarm*:com.whatsapp.messaging.j.CLIENT_PINGER_ACTION} [6ms]
03-30 00:08:38.718  1845  5385 D WifiService: acquireWifiLockLocked: WifiLock{NlpWifiLock type=2 binder=android.os.BinderProxy@5c3cce6}
03-30 00:08:38.721  1845  1845 V AlarmManager: done {5a1cf17, *walarm*:com.google.android.location.ALARM_WAKEUP_LOCATOR} [16ms]
03-30 00:08:42.310  1845  6103 D WifiService: releaseWifiLockLocked: WifiLock{NlpWifiLock type=2 binder=android.os.BinderProxy@5c3cce6}
03-30 00:08:44.198  1845  4436 D BatteryService: uevent={POWER_SUPPLY_TEMP=352, POWER_SUPPLY_STATUS=Charging, POWER_SUPPLY_CAPACITY=23, ACTION=change, DEVPATH=/devices/soc.0/qpnp-smbcharger-f6e04600/power_supply/battery, POWER_SUPPLY_AGE=92, POWER_SUPPLY_VOLTAGE_MAX=4350, SUBSYSTEM=power_supply, POWER_SUPPLY_NUM_SYSTEM_TEMP_LEVELS=8, POWER_SUPPLY_INPUT_CURRENT_MAX=1500000, POWER_SUPPLY_VOLTAGE_MAX_DESIGN=4350000, POWER_SUPPLY_CHARGE_FULL=2831896, POWER_SUPPLY_NAME=battery, POWER_SUPPLY_FLASH_CURRENT_MAX=1810158, POWER_SUPPLY_HEALTH=Good, POWER_SUPPLY_CYCLE_COUNT=1, POWER_SUPPLY_TECHNOLOGY=Li-ion, POWER_SUPPLY_CHARGE_TYPE=Fast, POWER_SUPPLY_CONSTANT_CHARGE_CURRENT_MAX=2500000, POWER_SUPPLY_PRESENT=1, POWER_SUPPLY_TEMP_HOTSPOT=0, POWER_SUPPLY_INPUT_CURRENT_SETTLED=0, POWER_SUPPLY_SAFETY_TIMER_ENABLED=0, POWER_SUPPLY_FLASH_ACTIVE=0, POWER_SUPPLY_VOLTAGE_NOW=3787361, SEQNUM=25953, POWER_SUPPLY_CHARGE_FULL_DESIGN=3059000, POWER_SUPPLY_CURRENT_NOW=-208433, POWER_SUPPLY_CHARGE_COUNTER=870716, POWER_SUPPLY_SYSTEM_TEMP_LEVEL=0, POWER_SUPPLY_CHARGE_RATE=Normal, POWER_SUPPLY_CHARGING_ENABLED=1, POWER_SUPPLY_BATTERY_CHARGING_ENABLED=1}
03-30 00:08:44.199  1845  1862 D BatteryService: Processing new values: chargerAcOnline=false, chargerUsbOnline=true, chargerWirelessOnline=false, maxChargingCurrent500000, batteryStatus=2, batteryHealth=2, batteryPresent=true, batteryLevel=23, batteryTechnology=Li-ion, batteryVoltage=3787, batteryTemperature=352, mBatteryLevelCritical=false, mPlugType=2, mChargeRate=1, modLevel=-1, modStatus=-1, modFlag=0
03-30 00:08:44.200  1845  1862 D BatteryService: Sending ACTION_BATTERY_CHANGED.  level:23, scale:100, status:2, health:2, present:true, voltage: 3787, temperature: 352, technology: Li-ion, AC powered:false, USB powered:true, Wireless powered:false, icon:17303122, invalid charger:0, maxChargingCurrent:500000, charge rate:1, MOD powered:false, mod level:-1, mod status:-1, mod flag:0
03-30 00:08:58.719  1845  4439 V AlarmManager: sending alarm {c3a1696 type 3 *alarm*:com.google.android.gms/.lockbox.LockboxAlarmReceiver}
03-30 00:08:58.720  1845  4439 V AlarmManager: sending alarm {5a1cf17 type 2 *walarm*:com.google.android.location.ALARM_WAKEUP_LOCATOR}
03-30 00:08:58.725  1845  1845 V AlarmManager: done {c3a1696, *alarm*:com.google.android.gms/.lockbox.LockboxAlarmReceiver} [7ms]
03-30 00:08:58.729  1845  5362 D WifiService: acquireWifiLockLocked: WifiLock{NlpWifiLock type=2 binder=android.os.BinderProxy@5c3cce6}
03-30 00:08:58.732  1845  1845 V AlarmManager: done {5a1cf17, *walarm*:com.google.android.location.ALARM_WAKEUP_LOCATOR} [14ms]
03-30 00:09:02.320  1845  4630 D WifiService: releaseWifiLockLocked: WifiLock{NlpWifiLock type=2 binder=android.os.BinderProxy@5c3cce6}
03-30 00:09:04.675  1845  4439 V AlarmManager: sending alarm {aca1fe0 type 3 *alarm*:android.intent.action.TIME_TICK}
03-30 00:09:04.676  1845  4439 V AlarmManager: sending alarm {504de2b type 2 *walarm*:com.google.android.location.ALARM_WAKEUP_ACTIVITY_DETECTION}
03-30 00:09:04.697  1845  1845 V AlarmManager: done {504de2b, *walarm*:com.google.android.location.ALARM_WAKEUP_ACTIVITY_DETECTION} [22ms]
03-30 00:09:04.809  1845  1845 V AlarmManager: done {aca1fe0, *alarm*:android.intent.action.TIME_TICK} [133ms]
03-30 00:09:18.729  1845  4439 V AlarmManager: sending alarm {5a1cf17 type 2 *walarm*:com.google.android.location.ALARM_WAKEUP_LOCATOR}
03-30 00:09:18.734  1845  1861 D WifiService: acquireWifiLockLocked: WifiLock{NlpWifiLock type=2 binder=android.os.BinderProxy@78a1dd5}
03-30 00:09:18.742  1845  1845 V AlarmManager: done {5a1cf17, *walarm*:com.google.android.location.ALARM_WAKEUP_LOCATOR} [13ms]
03-30 00:09:22.214  1845  4478 D ConnectivityService: Setting Dns servers for network 135 to [/192.168.25.1]
03-30 00:09:22.271  1845  4478 D ConnectivityService: notifyType IP_CHANGED for NetworkAgentInfo [WIFI () - 135]
03-30 00:09:22.340  1845  4472 D WifiP2pService: InactiveState{ when=-1ms what=143375 target=com.android.internal.util.StateMachine$SmHandler }
03-30 00:09:22.340  1845  4472 D WifiP2pService: P2pEnabledState{ when=-2ms what=143375 target=com.android.internal.util.StateMachine$SmHandler }
03-30 00:09:22.352  1845  4478 D ConnectivityService: NetworkAgentInfo [WIFI () - 135] EVENT_NETWORK_INFO_CHANGED, going from CONNECTED to DISCONNECTED
03-30 00:09:22.352  1845  4478 D ConnectivityService: NetworkAgentInfo [WIFI () - 135] got DISCONNECTED, was satisfying 6
03-30 00:09:22.352  1845  4478 D ConnectivityService: notifyType LOST for NetworkAgentInfo [WIFI () - 135]
03-30 00:09:22.378  1845  4472 D WifiP2pService: InactiveState{ when=0 what=143375 target=com.android.internal.util.StateMachine$SmHandler }
03-30 00:09:22.378  1845  4472 D WifiP2pService: P2pEnabledState{ when=0 what=143375 target=com.android.internal.util.StateMachine$SmHandler }
03-30 00:09:22.517  1845  4630 I ActivityManager: Killing 15929:com.whatsapp/u0a156 (adj 15): empty #13
03-30 00:09:22.552  1845  4478 D CSLegacyTypeTracker: Sending DISCONNECTED broadcast for type 1 NetworkAgentInfo [WIFI () - 135] isDefaultNetwork=true
03-30 00:09:22.552  1845  4478 D ConnectivityService: sendStickyBroadcast: action=android.net.conn.CONNECTIVITY_CHANGE
03-30 00:09:22.678  5316  5316 W ContextImpl: Calling a method in the system process without a qualified user: android.app.ContextImpl.sendBroadcast:778 android.content.ContextWrapper.sendBroadcast:401 com.motorola.blur.service.blur.BSUtils.sendBroadcast:135 com.motorola.blur.service.blur.BSUtils.sendBroadcast:131 com.motorola.ccc.plm.pollingmanager.PollingManagerService$MyConnectivityReceiver.sendConnectivityIntent:570 
03-30 00:09:22.707  1845  5405 I ActivityManager: Start proc 21899:com.motorola.msimsettings/u0a38 for broadcast com.motorola.msimsettings/com.motorola.smartsim.bestcost.SmartSimConnectivityReceiver
03-30 00:09:22.865  1845  5372 I ActivityManager: Killing 21681:com.android.externalstorage/u0a26 (adj 15): empty #13
03-30 00:09:22.919  1845  6190 I ActivityManager: Start proc 21918:com.android.sdm.plugins.sprintdm/1001 for broadcast com.android.sdm.plugins.sprintdm/.SprintDMReceiver
03-30 00:09:22.973  1845  5413 D WifiService: releaseWifiLockLocked: WifiLock{NlpWifiLock type=2 binder=android.os.BinderProxy@78a1dd5}
03-30 00:09:23.042  1845  6190 I ActivityManager: Killing 21697:com.android.shell/2000 (adj 15): empty #13
03-30 00:09:23.099  1845  4478 E ConnectivityService: EVENT_NETWORK_INFO_CHANGED from unknown NetworkAgent
03-30 00:09:23.112  1845  1861 I ActivityManager: Start proc 21942:com.google.android.apps.photos/u0a106 for broadcast com.google.android.apps.photos/.actionqueue.SystemReceiver
03-30 00:09:23.591  1845  1862 I ActivityManager: Start proc 21955:com.udemy.android/u0a165 for broadcast com.udemy.android/.receivers.ConnectivityBroadcastReceiver
03-30 00:09:24.468  1845  4439 V AlarmManager: sending alarm {749fa32 type 2 *walarm*:com.google.android.intent.action.GCM_RECONNECT}
03-30 00:09:24.962  1845  5407 I ActivityManager: Start proc 22011:com.turner.amateursurgeon4/u0a178 for broadcast com.turner.amateursurgeon4/com.upsight.android.analytics.internal.dispatcher.schema.NetworkChangeBroadcastReceiver
03-30 00:09:24.964  1845  5407 I ActivityManager: Killing 21614:com.android.defcontainer/u0a20 (adj 15): empty #13
03-30 00:09:25.570  1845  4630 I ActivityManager: Start proc 22032:com.nianticlabs.pokemongo/u0a121 for broadcast com.nianticlabs.pokemongo/com.upsight.android.analytics.internal.dispatcher.schema.NetworkChangeBroadcastReceiver
03-30 00:09:25.571  1845  4630 I ActivityManager: Killing 21628:com.android.keychain/1000 (adj 15): empty #13
03-30 00:09:25.959  1845  4650 I ActivityManager: Killing 21598:com.google.android.packageinstaller/u0a31 (adj 15): empty #13
03-30 00:09:26.115  1845  5407 I ActivityManager: Start proc 22054:com.millenium.treino/u0a179 for broadcast com.millenium.treino/com.appyet.provider.WidgetProvider
