03-29 21:21:04.147  3097 17021 E ActivityThread: Failed to find provider info for com.google.android.wearable.settings
03-29 21:21:05.168  3097 17021 E ActivityThread: Failed to find provider info for com.google.android.wearable.settings
03-29 21:21:06.189  3097 17021 E ActivityThread: Failed to find provider info for com.google.android.wearable.settings
03-29 21:21:06.721 17049 17049 D ActivityThread: Loading provider com.whatsapp.provider.contact: com.whatsapp.contact.ContactProvider
03-29 21:21:07.212  3097 16993 E ActivityThread: Failed to find provider info for com.google.android.wearable.settings
03-29 21:21:08.243  3097 17021 E ActivityThread: Failed to find provider info for com.google.android.wearable.settings
03-29 21:21:09.260  3097 16993 E ActivityThread: Failed to find provider info for com.google.android.wearable.settings
03-29 21:21:10.289  3097 17021 E ActivityThread: Failed to find provider info for com.google.android.wearable.settings
03-29 21:21:11.315  3097 17021 E ActivityThread: Failed to find provider info for com.google.android.wearable.settings
03-29 21:21:12.345  3097 15966 E ActivityThread: Failed to find provider info for com.google.android.wearable.settings
03-29 21:21:13.367  3097 17021 E ActivityThread: Failed to find provider info for com.google.android.wearable.settings
03-29 21:21:14.387  3097 15966 E ActivityThread: Failed to find provider info for com.google.android.wearable.settings
03-29 21:21:15.416  3097 17021 E ActivityThread: Failed to find provider info for com.google.android.wearable.settings
03-29 21:21:16.438  3097 17035 E ActivityThread: Failed to find provider info for com.google.android.wearable.settings
03-29 21:21:17.465  3097 17035 E ActivityThread: Failed to find provider info for com.google.android.wearable.settings
03-29 21:21:18.496  3097 17035 E ActivityThread: Failed to find provider info for com.google.android.wearable.settings
03-29 21:21:19.517  3097 17035 E ActivityThread: Failed to find provider info for com.google.android.wearable.settings
03-29 21:21:20.538  3097 15966 E ActivityThread: Failed to find provider info for com.google.android.wearable.settings
03-29 21:21:21.558  3097 15966 E ActivityThread: Failed to find provider info for com.google.android.wearable.settings
03-29 21:21:22.585  3097 16993 E ActivityThread: Failed to find provider info for com.google.android.wearable.settings
03-29 21:21:23.524  1845  4439 I chatty  : uid=1000(system) AlarmManager expire 10 lines
03-29 21:21:23.550  1845  1845 I chatty  : uid=1000 system_server expire 10 lines
03-29 21:21:23.601  3097 16993 E ActivityThread: Failed to find provider info for com.google.android.wearable.settings
03-29 21:21:24.623  3097 15966 E ActivityThread: Failed to find provider info for com.google.android.wearable.settings
03-29 21:21:25.644  3097 16993 E ActivityThread: Failed to find provider info for com.google.android.wearable.settings
03-29 21:21:26.666  3097 16993 E ActivityThread: Failed to find provider info for com.google.android.wearable.settings
03-29 21:21:27.690  3097 15966 E ActivityThread: Failed to find provider info for com.google.android.wearable.settings
03-29 21:21:28.715  3097 16993 E ActivityThread: Failed to find provider info for com.google.android.wearable.settings
03-29 21:21:29.737  3097 15966 E ActivityThread: Failed to find provider info for com.google.android.wearable.settings
03-29 21:21:30.760  3097 16993 E ActivityThread: Failed to find provider info for com.google.android.wearable.settings
03-29 21:21:31.785  3097 15966 E ActivityThread: Failed to find provider info for com.google.android.wearable.settings
03-29 21:21:32.802  3097 17021 E ActivityThread: Failed to find provider info for com.google.android.wearable.settings
03-29 21:21:33.822  3097 17021 E ActivityThread: Failed to find provider info for com.google.android.wearable.settings
03-29 21:21:34.845  3097 17021 E ActivityThread: Failed to find provider info for com.google.android.wearable.settings
03-29 21:21:35.858  3097 15966 E ActivityThread: Failed to find provider info for com.google.android.wearable.settings
03-29 21:21:36.880  3097 15966 E ActivityThread: Failed to find provider info for com.google.android.wearable.settings
03-29 21:21:37.902  3097 15966 E ActivityThread: Failed to find provider info for com.google.android.wearable.settings
03-29 21:21:38.924  3097 15966 E ActivityThread: Failed to find provider info for com.google.android.wearable.settings
03-29 21:21:39.946  3097 15966 E ActivityThread: Failed to find provider info for com.google.android.wearable.settings
03-29 21:21:40.968  3097 16993 E ActivityThread: Failed to find provider info for com.google.android.wearable.settings
03-29 21:21:41.989  3097 15966 E ActivityThread: Failed to find provider info for com.google.android.wearable.settings
03-29 21:21:43.010  3097 16993 E ActivityThread: Failed to find provider info for com.google.android.wearable.settings
03-29 21:21:43.230  1845  4439 I chatty  : uid=1000(system) AlarmManager expire 10 lines
03-29 21:21:43.261  1845  1845 I chatty  : uid=1000 system_server expire 10 lines
03-29 21:21:44.031  3097 15966 E ActivityThread: Failed to find provider info for com.google.android.wearable.settings
03-29 21:21:45.054  3097 16993 E ActivityThread: Failed to find provider info for com.google.android.wearable.settings
03-29 21:21:46.075  3097 16993 E ActivityThread: Failed to find provider info for com.google.android.wearable.settings
03-29 21:21:47.097  3097 16993 E ActivityThread: Failed to find provider info for com.google.android.wearable.settings
03-29 21:21:48.118  3097 15966 E ActivityThread: Failed to find provider info for com.google.android.wearable.settings
03-29 21:21:49.142  3097 15966 E ActivityThread: Failed to find provider info for com.google.android.wearable.settings
03-29 21:21:50.161  3097 15966 E ActivityThread: Failed to find provider info for com.google.android.wearable.settings
03-29 21:21:51.184  3097 15966 E ActivityThread: Failed to find provider info for com.google.android.wearable.settings
03-29 21:21:52.207  3097 15966 E ActivityThread: Failed to find provider info for com.google.android.wearable.settings
03-29 21:21:53.230  3097 16993 E ActivityThread: Failed to find provider info for com.google.android.wearable.settings
03-29 21:21:54.251  3097 17021 E ActivityThread: Failed to find provider info for com.google.android.wearable.settings
03-29 21:21:55.271  3097 17021 E ActivityThread: Failed to find provider info for com.google.android.wearable.settings
03-29 21:21:56.292  3097 17021 E ActivityThread: Failed to find provider info for com.google.android.wearable.settings
03-29 21:21:57.314  3097 17156 E ActivityThread: Failed to find provider info for com.google.android.wearable.settings
03-29 21:21:58.335  3097 15966 E ActivityThread: Failed to find provider info for com.google.android.wearable.settings
03-29 21:21:59.358  3097 15966 E ActivityThread: Failed to find provider info for com.google.android.wearable.settings
03-29 21:22:00.376  3097 17021 E ActivityThread: Failed to find provider info for com.google.android.wearable.settings
03-29 21:22:01.399  3097 15966 E ActivityThread: Failed to find provider info for com.google.android.wearable.settings
03-29 21:22:02.420  3097 17021 E ActivityThread: Failed to find provider info for com.google.android.wearable.settings
03-29 21:22:03.440  3097 17156 E ActivityThread: Failed to find provider info for com.google.android.wearable.settings
03-29 21:22:04.463  3097 16993 E ActivityThread: Failed to find provider info for com.google.android.wearable.settings
03-29 21:22:05.485  3097 17021 E ActivityThread: Failed to find provider info for com.google.android.wearable.settings
03-29 21:22:06.506  3097 15966 E ActivityThread: Failed to find provider info for com.google.android.wearable.settings
03-29 21:22:07.528  3097 15966 E ActivityThread: Failed to find provider info for com.google.android.wearable.settings
03-29 21:22:08.549  3097 17156 E ActivityThread: Failed to find provider info for com.google.android.wearable.settings
03-29 21:22:09.571  3097 17156 E ActivityThread: Failed to find provider info for com.google.android.wearable.settings
03-29 21:22:10.592  3097 17156 E ActivityThread: Failed to find provider info for com.google.android.wearable.settings
03-29 21:22:11.621  3097 15966 E ActivityThread: Failed to find provider info for com.google.android.wearable.settings
03-29 21:22:12.641  3097 17156 E ActivityThread: Failed to find provider info for com.google.android.wearable.settings
03-29 21:22:13.663  3097 15966 E ActivityThread: Failed to find provider info for com.google.android.wearable.settings
03-29 21:22:14.685  3097 17156 E ActivityThread: Failed to find provider info for com.google.android.wearable.settings
03-29 21:22:15.708  3097 17156 E ActivityThread: Failed to find provider info for com.google.android.wearable.settings
03-29 21:22:16.733  3097 17156 E ActivityThread: Failed to find provider info for com.google.android.wearable.settings
03-29 21:22:17.748  3097 15966 E ActivityThread: Failed to find provider info for com.google.android.wearable.settings
03-29 21:22:18.764  3097 15966 E ActivityThread: Failed to find provider info for com.google.android.wearable.settings
03-29 21:22:19.785  3097 17156 E ActivityThread: Failed to find provider info for com.google.android.wearable.settings
03-29 21:22:20.807  3097 17156 E ActivityThread: Failed to find provider info for com.google.android.wearable.settings
03-29 21:22:21.829  3097 17156 E ActivityThread: Failed to find provider info for com.google.android.wearable.settings
03-29 21:22:22.851  3097 17156 E ActivityThread: Failed to find provider info for com.google.android.wearable.settings
03-29 21:22:23.873  3097 17156 E ActivityThread: Failed to find provider info for com.google.android.wearable.settings
03-29 21:22:24.898  3097 17156 E ActivityThread: Failed to find provider info for com.google.android.wearable.settings
03-29 21:22:25.916  3097 17180 E ActivityThread: Failed to find provider info for com.google.android.wearable.settings
03-29 21:22:26.937  3097 17156 E ActivityThread: Failed to find provider info for com.google.android.wearable.settings
03-29 21:22:32.034  1845  5378 I chatty  : uid=1000(system) Binder_8 expire 6 lines
03-29 21:22:32.236  1845  4439 I chatty  : uid=1000(system) AlarmManager expire 11 lines
03-29 21:22:32.255  1845  1896 I chatty  : uid=1000(system) ActivityManager expire 10 lines
03-29 21:22:32.539  1845  5372 I chatty  : uid=1000(system) Binder_7 expire 5 lines
03-29 21:22:32.580  1845  6103 I chatty  : uid=1000(system) Binder_E expire 5 lines
03-29 21:22:32.600  1845  5407 I chatty  : uid=1000(system) Binder_C expire 3 lines
03-29 21:22:32.630  1845  5405 I chatty  : uid=1000(system) Binder_B expire 2 lines
03-29 21:22:32.657  1845  6190 I chatty  : uid=1000(system) Binder_F expire 9 lines
03-29 21:22:32.672  1845  4478 I chatty  : uid=1000(system) ConnectivitySer expire 3 lines
03-29 21:22:32.677  1845  1861 I chatty  : uid=1000(system) Binder_1 expire 2 lines
03-29 21:22:32.709  1845  5385 I chatty  : uid=1000(system) Binder_9 expire 3 lines
03-29 21:22:32.754  1845  1845 I chatty  : uid=1000 system_server expire 11 lines
03-29 21:22:39.073  3097 17156 E ActivityThread: Failed to find provider info for com.google.android.wearable.settings
03-29 21:22:40.088  3097 17156 E ActivityThread: Failed to find provider info for com.google.android.wearable.settings
03-29 21:22:40.225  1845  5389 I chatty  : uid=1000(system) Binder_A expire 4 lines
03-29 21:22:41.109  3097 17156 E ActivityThread: Failed to find provider info for com.google.android.wearable.settings
03-29 21:22:42.130  3097 15966 E ActivityThread: Failed to find provider info for com.google.android.wearable.settings
03-29 21:22:43.152  3097 15966 E ActivityThread: Failed to find provider info for com.google.android.wearable.settings
03-29 21:22:43.813  1845  4630 I chatty  : uid=1000(system) Binder_3 expire 2 lines
03-29 21:22:44.178  3097 17156 E ActivityThread: Failed to find provider info for com.google.android.wearable.settings
03-29 21:22:45.195  3097 15966 E ActivityThread: Failed to find provider info for com.google.android.wearable.settings
03-29 21:22:46.217  3097 17272 E ActivityThread: Failed to find provider info for com.google.android.wearable.settings
03-29 21:22:47.241  3097 17272 E ActivityThread: Failed to find provider info for com.google.android.wearable.settings
03-29 21:22:48.265  3097 15966 E ActivityThread: Failed to find provider info for com.google.android.wearable.settings
03-29 21:23:00.420  1845  1935 I chatty  : uid=1000(system) android.display expire 4 lines
03-29 21:23:00.642   486   679 I chatty  : uid=1000(system) EventThread expire 5 lines
03-29 21:23:04.270  3097 15966 E ActivityThread: Failed to find provider info for com.google.android.wearable.settings
03-29 21:23:05.237  1845  4439 I chatty  : uid=1000(system) AlarmManager expire 31 lines
03-29 21:23:05.287  3097 17021 E ActivityThread: Failed to find provider info for com.google.android.wearable.settings
03-29 21:23:05.293  1845  1845 I chatty  : uid=1000 system_server expire 22 lines
03-29 21:23:05.348  1845  4441 I chatty  : uid=1000(system) InputReader expire 2 lines
03-29 21:23:05.400  1845  1900 I chatty  : uid=1000(system) android.fg expire 2 lines
03-29 21:23:05.758 17350 17350 I chatty  : uid=1000(system) expire 2 lines
03-29 21:23:05.802   486   486 I chatty  : uid=1000(system) /system/bin/surfaceflinger expire 6 lines
03-29 21:23:06.309  3097 15966 E ActivityThread: Failed to find provider info for com.google.android.wearable.settings
03-29 21:23:06.316  1845  5362 I chatty  : uid=1000(system) Binder_5 expire 5 lines
03-29 21:23:07.330  3097 17021 E ActivityThread: Failed to find provider info for com.google.android.wearable.settings
03-29 21:23:08.352  3097 17021 E ActivityThread: Failed to find provider info for com.google.android.wearable.settings
03-29 21:23:09.374  3097 17296 E ActivityThread: Failed to find provider info for com.google.android.wearable.settings
03-29 21:23:10.395  3097 17021 E ActivityThread: Failed to find provider info for com.google.android.wearable.settings
03-29 21:23:11.418  3097 17272 E ActivityThread: Failed to find provider info for com.google.android.wearable.settings
03-29 21:23:11.707  1845  1941 I chatty  : uid=1000(system) PowerManagerSer expire 2 lines
03-29 21:23:11.843  4606  4606 D StatusBarKeyguardViewManager: showKeyguard, but hide Bouncer
03-29 21:23:12.439  3097 17296 E ActivityThread: Failed to find provider info for com.google.android.wearable.settings
03-29 21:23:13.463  3097 17272 E ActivityThread: Failed to find provider info for com.google.android.wearable.settings
03-29 21:23:14.494  3097 17272 E ActivityThread: Failed to find provider info for com.google.android.wearable.settings
03-29 21:23:15.514  3097 17296 E ActivityThread: Failed to find provider info for com.google.android.wearable.settings
03-29 21:23:22.345  1845  1845 I chatty  : uid=1000 system_server expire 25 lines
03-29 21:23:29.454  3097 17272 E ActivityThread: Failed to find provider info for com.google.android.wearable.settings
03-29 21:23:30.416  1845  4436 I chatty  : uid=1000(system) UEventObserver expire 4 lines
03-29 21:23:30.468  3097 17296 E ActivityThread: Failed to find provider info for com.google.android.wearable.settings
03-29 21:23:31.492  3097 17272 E ActivityThread: Failed to find provider info for com.google.android.wearable.settings
03-29 21:23:42.879  1845  6191 I chatty  : uid=1000(system) Binder_10 expire 4 lines
03-29 21:24:02.240  1845  5363 I chatty  : uid=1000(system) Binder_6 expire 1 line
03-29 21:24:05.889  1845  4650 I chatty  : uid=1000(system) Binder_4 expire 4 lines
03-29 21:24:22.273  1845  5413 I chatty  : uid=1000(system) Binder_D expire 1 line
03-29 21:24:42.281  1845  1862 I chatty  : uid=1000(system) Binder_2 expire 1 line
03-29 21:25:06.466  3097 17272 E ActivityThread: Failed to find provider info for com.google.android.wearable.settings
03-29 21:25:07.489  3097 17272 E ActivityThread: Failed to find provider info for com.google.android.wearable.settings
03-29 21:25:08.509  3097 17522 E ActivityThread: Failed to find provider info for com.google.android.wearable.settings
03-29 21:25:09.531  3097 17272 E ActivityThread: Failed to find provider info for com.google.android.wearable.settings
03-29 21:25:10.551  3097 17272 E ActivityThread: Failed to find provider info for com.google.android.wearable.settings
03-29 21:25:11.847  1845  4439 I chatty  : uid=1000(system) AlarmManager expire 20 lines
03-29 21:25:11.881  1845  1845 I chatty  : uid=1000 system_server expire 20 lines
03-29 21:25:23.650  3097 17272 E ActivityThread: Failed to find provider info for com.google.android.wearable.settings
03-29 21:25:24.672  3097 17272 E ActivityThread: Failed to find provider info for com.google.android.wearable.settings
03-29 21:25:25.686  3097 17522 E ActivityThread: Failed to find provider info for com.google.android.wearable.settings
03-29 21:25:26.707  3097 17272 E ActivityThread: Failed to find provider info for com.google.android.wearable.settings
03-29 21:25:27.731  3097 17522 E ActivityThread: Failed to find provider info for com.google.android.wearable.settings
03-29 21:25:28.749  3097 17522 E ActivityThread: Failed to find provider info for com.google.android.wearable.settings
03-29 21:25:29.770  3097 17522 E ActivityThread: Failed to find provider info for com.google.android.wearable.settings
03-29 21:26:23.264  1845  4439 I chatty  : uid=1000(system) AlarmManager expire 12 lines
03-29 21:26:23.270  1845  4650 I chatty  : uid=1000(system) Binder_4 expire 6 lines
03-29 21:26:23.278  1845  1845 I chatty  : uid=1000 system_server expire 12 lines
03-29 21:26:26.859  1845  5372 I chatty  : uid=1000(system) Binder_7 expire 10 lines
03-29 21:26:30.796  1845  5413 I chatty  : uid=1000(system) Binder_D expire 8 lines
03-29 21:26:30.897  1845  4436 I chatty  : uid=1000(system) UEventObserver expire 5 lines
03-29 21:26:30.898  1845  6103 I chatty  : uid=1000(system) Binder_E expire 5 lines
03-29 21:26:43.306  1845  5363 I chatty  : uid=1000(system) Binder_6 expire 2 lines
03-29 21:26:46.901  1845  1862 I chatty  : uid=1000(system) Binder_2 expire 6 lines
03-29 21:27:06.855  1845  5362 I chatty  : uid=1000(system) Binder_5 expire 6 lines
03-29 21:27:19.992  3097 17604 E ActivityThread: Failed to find provider info for com.google.android.wearable.settings
03-29 21:27:21.013  3097 17582 E ActivityThread: Failed to find provider info for com.google.android.wearable.settings
03-29 21:27:21.231  1845  4439 I chatty  : uid=1000(system) AlarmManager expire 10 lines
03-29 21:27:21.267  1845  1845 I chatty  : uid=1000 system_server expire 10 lines
03-29 21:27:22.034  3097 17582 E ActivityThread: Failed to find provider info for com.google.android.wearable.settings
03-29 21:27:23.055  3097 17604 E ActivityThread: Failed to find provider info for com.google.android.wearable.settings
03-29 21:27:24.079  3097 17582 E ActivityThread: Failed to find provider info for com.google.android.wearable.settings
03-29 21:27:25.098  3097 17631 E ActivityThread: Failed to find provider info for com.google.android.wearable.settings
03-29 21:27:25.587  1845  5385 I chatty  : uid=1000(system) Binder_9 expire 4 lines
03-29 21:27:26.119  3097 17631 E ActivityThread: Failed to find provider info for com.google.android.wearable.settings
03-29 21:27:37.242  1845  4630 I chatty  : uid=1000(system) Binder_3 expire 5 lines
03-29 21:27:37.254  1845  5405 I chatty  : uid=1000(system) Binder_B expire 5 lines
03-29 21:27:49.727  1845  6191 I chatty  : uid=1000(system) Binder_10 expire 1 line
03-29 21:27:50.298  3097 17631 E ActivityThread: Failed to find provider info for com.google.android.wearable.settings
03-29 21:27:51.320  3097 17638 E ActivityThread: Failed to find provider info for com.google.android.wearable.settings
03-29 21:27:52.340  3097 17631 E ActivityThread: Failed to find provider info for com.google.android.wearable.settings
03-29 21:27:53.249  1845  5407 I chatty  : uid=1000(system) Binder_C expire 2 lines
03-29 21:27:57.270  1845  1861 I chatty  : uid=1000(system) Binder_1 expire 8 lines
03-29 21:27:57.979  1845  6190 I chatty  : uid=1000(system) Binder_F expire 5 lines
03-29 21:28:03.748  3097 17631 E ActivityThread: Failed to find provider info for com.google.android.wearable.settings
03-29 21:28:04.768  3097 17546 E ActivityThread: Failed to find provider info for com.google.android.wearable.settings
03-29 21:28:05.790  3097 17638 E ActivityThread: Failed to find provider info for com.google.android.wearable.settings
03-29 21:28:06.809  3097 17638 E ActivityThread: Failed to find provider info for com.google.android.wearable.settings
03-29 21:28:07.234  1845  4439 I chatty  : uid=1000(system) AlarmManager expire 15 lines
03-29 21:28:07.241  1845  1845 I chatty  : uid=1000 system_server expire 15 lines
03-29 21:28:07.831  3097 17546 E ActivityThread: Failed to find provider info for com.google.android.wearable.settings
03-29 21:28:08.851  3097 17546 E ActivityThread: Failed to find provider info for com.google.android.wearable.settings
03-29 21:28:19.718  3097 17631 E ActivityThread: Failed to find provider info for com.google.android.wearable.settings
03-29 21:28:20.744  3097 17546 E ActivityThread: Failed to find provider info for com.google.android.wearable.settings
03-29 21:28:21.767  3097 17631 E ActivityThread: Failed to find provider info for com.google.android.wearable.settings
03-29 21:28:22.782  3097 17631 E ActivityThread: Failed to find provider info for com.google.android.wearable.settings
03-29 21:28:23.801  3097 17546 E ActivityThread: Failed to find provider info for com.google.android.wearable.settings
03-29 21:28:24.821  3097 17631 E ActivityThread: Failed to find provider info for com.google.android.wearable.settings
03-29 21:28:37.858  3097 17604 E ActivityThread: Failed to find provider info for com.google.android.wearable.settings
03-29 21:28:38.871  3097 17604 E ActivityThread: Failed to find provider info for com.google.android.wearable.settings
03-29 21:28:39.894  3097 17631 E ActivityThread: Failed to find provider info for com.google.android.wearable.settings
03-29 21:28:40.912  3097 17604 E ActivityThread: Failed to find provider info for com.google.android.wearable.settings
03-29 21:28:41.933  3097 17631 E ActivityThread: Failed to find provider info for com.google.android.wearable.settings
03-29 21:28:42.954  3097 17604 E ActivityThread: Failed to find provider info for com.google.android.wearable.settings
03-29 21:29:11.794  3097 17638 E ActivityThread: Failed to find provider info for com.google.android.wearable.settings
03-29 21:29:12.227  1845  4439 I chatty  : uid=1000(system) AlarmManager expire 11 lines
03-29 21:29:12.255  1845  1845 I chatty  : uid=1000 system_server expire 11 lines
03-29 21:29:12.816  3097 17638 E ActivityThread: Failed to find provider info for com.google.android.wearable.settings
03-29 21:29:13.836  3097 17631 E ActivityThread: Failed to find provider info for com.google.android.wearable.settings
03-29 21:29:14.856  3097 17638 E ActivityThread: Failed to find provider info for com.google.android.wearable.settings
03-29 21:29:20.292  1845  5389 I chatty  : uid=1000(system) Binder_A expire 1 line
03-29 21:29:28.049  3097 17631 E ActivityThread: Failed to find provider info for com.google.android.wearable.settings
03-29 21:29:29.065  3097 17546 E ActivityThread: Failed to find provider info for com.google.android.wearable.settings
03-29 21:29:30.085  3097 17546 E ActivityThread: Failed to find provider info for com.google.android.wearable.settings
03-29 21:29:31.106  3097 17631 E ActivityThread: Failed to find provider info for com.google.android.wearable.settings
03-29 21:29:32.126  3097 17631 E ActivityThread: Failed to find provider info for com.google.android.wearable.settings
03-29 21:29:33.147  3097 17706 E ActivityThread: Failed to find provider info for com.google.android.wearable.settings
03-29 21:29:34.167  3097 17631 E ActivityThread: Failed to find provider info for com.google.android.wearable.settings
03-29 21:29:58.701  3097 17631 E ActivityThread: Failed to find provider info for com.google.android.wearable.settings
03-29 21:29:59.721  3097 17706 E ActivityThread: Failed to find provider info for com.google.android.wearable.settings
03-29 21:30:00.742  3097 17631 E ActivityThread: Failed to find provider info for com.google.android.wearable.settings
03-29 21:30:01.232  1845  4439 I chatty  : uid=1000(system) AlarmManager expire 10 lines
03-29 21:30:01.262  1845  1845 I chatty  : uid=1000 system_server expire 10 lines
03-29 21:30:01.763  3097 17706 E ActivityThread: Failed to find provider info for com.google.android.wearable.settings
03-29 21:30:02.785  3097 17706 E ActivityThread: Failed to find provider info for com.google.android.wearable.settings
03-29 21:30:14.719  3097 17706 E ActivityThread: Failed to find provider info for com.google.android.wearable.settings
03-29 21:30:15.738  3097 17631 E ActivityThread: Failed to find provider info for com.google.android.wearable.settings
03-29 21:30:16.757  3097 17706 E ActivityThread: Failed to find provider info for com.google.android.wearable.settings
03-29 21:30:17.036  1845  4477 I chatty  : uid=1000(system) WifiService expire 1 line
03-29 21:30:17.779  3097 17706 E ActivityThread: Failed to find provider info for com.google.android.wearable.settings
03-29 21:30:18.058  1845  1896 I chatty  : uid=1000(system) ActivityManager expire 8 lines
03-29 21:30:18.792  3097 17631 E ActivityThread: Failed to find provider info for com.google.android.wearable.settings
03-29 21:30:19.814  3097 17631 E ActivityThread: Failed to find provider info for com.google.android.wearable.settings
03-29 21:30:20.836  3097 17631 E ActivityThread: Failed to find provider info for com.google.android.wearable.settings
03-29 21:30:21.855  3097 17546 E ActivityThread: Failed to find provider info for com.google.android.wearable.settings
03-29 21:30:22.875  3097 17546 E ActivityThread: Failed to find provider info for com.google.android.wearable.settings
03-29 21:30:23.895  3097 17706 E ActivityThread: Failed to find provider info for com.google.android.wearable.settings
03-29 21:30:24.699  1845  5378 I chatty  : uid=1000(system) Binder_8 expire 2 lines
03-29 21:30:24.918  3097 17546 E ActivityThread: Failed to find provider info for com.google.android.wearable.settings
03-29 21:30:25.937  3097 17706 E ActivityThread: Failed to find provider info for com.google.android.wearable.settings
03-29 21:30:26.122  1845  5372 I chatty  : uid=1000(system) Binder_7 expire 1 line
03-29 21:30:26.956  3097 17706 E ActivityThread: Failed to find provider info for com.google.android.wearable.settings
03-29 21:30:27.977  3097 17706 E ActivityThread: Failed to find provider info for com.google.android.wearable.settings
03-29 21:30:28.998  3097 17638 E ActivityThread: Failed to find provider info for com.google.android.wearable.settings
03-29 21:30:30.020  3097 17546 E ActivityThread: Failed to find provider info for com.google.android.wearable.settings
03-29 21:30:31.040  3097 17638 E ActivityThread: Failed to find provider info for com.google.android.wearable.settings
03-29 21:30:32.061  3097 17546 E ActivityThread: Failed to find provider info for com.google.android.wearable.settings
03-29 21:30:33.082  3097 17631 E ActivityThread: Failed to find provider info for com.google.android.wearable.settings
03-29 21:30:34.106  3097 17638 E ActivityThread: Failed to find provider info for com.google.android.wearable.settings
03-29 21:30:34.220  1845  4439 I chatty  : uid=1000(system) AlarmManager expire 12 lines
03-29 21:30:34.264  1845  1845 I chatty  : uid=1000 system_server expire 12 lines
03-29 21:30:35.122  3097 17631 E ActivityThread: Failed to find provider info for com.google.android.wearable.settings
03-29 21:30:36.144  3097 17631 E ActivityThread: Failed to find provider info for com.google.android.wearable.settings
03-29 21:30:37.164  3097 17631 E ActivityThread: Failed to find provider info for com.google.android.wearable.settings
03-29 21:30:38.184  3097 17631 E ActivityThread: Failed to find provider info for com.google.android.wearable.settings
03-29 21:30:39.204  3097 17631 E ActivityThread: Failed to find provider info for com.google.android.wearable.settings
03-29 21:30:40.226  3097 17631 E ActivityThread: Failed to find provider info for com.google.android.wearable.settings
03-29 21:30:41.250  3097 17546 E ActivityThread: Failed to find provider info for com.google.android.wearable.settings
03-29 21:30:42.265  3097 17706 E ActivityThread: Failed to find provider info for com.google.android.wearable.settings
03-29 21:30:59.893  3097 17706 E ActivityThread: Failed to find provider info for com.google.android.wearable.settings
03-29 21:31:00.914  3097 17706 E ActivityThread: Failed to find provider info for com.google.android.wearable.settings
03-29 21:31:01.935  3097 17546 E ActivityThread: Failed to find provider info for com.google.android.wearable.settings
03-29 21:31:02.956  3097 17706 E ActivityThread: Failed to find provider info for com.google.android.wearable.settings
03-29 21:31:18.065  3097 17546 E ActivityThread: Failed to find provider info for com.google.android.wearable.settings
03-29 21:31:19.085  3097 17631 E ActivityThread: Failed to find provider info for com.google.android.wearable.settings
03-29 21:31:19.242  1845  4439 I chatty  : uid=1000(system) AlarmManager expire 5 lines
03-29 21:31:19.272  1845  1845 I chatty  : uid=1000 system_server expire 44 lines
03-29 21:31:20.105  3097 17546 E ActivityThread: Failed to find provider info for com.google.android.wearable.settings
03-29 21:31:21.127  3097 17546 E ActivityThread: Failed to find provider info for com.google.android.wearable.settings
03-29 21:31:22.147  3097 17546 E ActivityThread: Failed to find provider info for com.google.android.wearable.settings
03-29 21:31:23.167  3097 17546 E ActivityThread: Failed to find provider info for com.google.android.wearable.settings
03-29 21:31:24.188  3097 17631 E ActivityThread: Failed to find provider info for com.google.android.wearable.settings
03-29 21:31:25.209  3097 17631 E ActivityThread: Failed to find provider info for com.google.android.wearable.settings
03-29 21:31:26.241  3097 17546 E ActivityThread: Failed to find provider info for com.google.android.wearable.settings
03-29 21:31:30.877  1845  5389 I chatty  : uid=1000(system) Binder_A expire 5 lines
03-29 21:31:31.699  1845  4436 I chatty  : uid=1000(system) UEventObserver expire 3 lines
03-29 21:31:31.701  1845  6190 I chatty  : uid=1000(system) Binder_F expire 6 lines
03-29 21:31:31.925  1845  5405 I chatty  : uid=1000(system) Binder_B expire 4 lines
03-29 21:31:33.215  1845  5372 I chatty  : uid=1000(system) Binder_7 expire 9 lines
03-29 21:31:33.283  1845  1861 I chatty  : uid=1000(system) Binder_1 expire 9 lines
03-29 21:31:36.730  1845  4439 I chatty  : uid=1000(system) AlarmManager expire 31 lines
03-29 21:31:36.760  3097 17546 E ActivityThread: Failed to find provider info for com.google.android.wearable.settings
03-29 21:31:37.775  3097 17546 E ActivityThread: Failed to find provider info for com.google.android.wearable.settings
03-29 21:31:38.795  3097 17546 E ActivityThread: Failed to find provider info for com.google.android.wearable.settings
03-29 21:31:39.816  3097 17706 E ActivityThread: Failed to find provider info for com.google.android.wearable.settings
03-29 21:31:40.837  3097 17706 E ActivityThread: Failed to find provider info for com.google.android.wearable.settings
03-29 21:31:41.865  3097 17546 E ActivityThread: Failed to find provider info for com.google.android.wearable.settings
03-29 21:31:50.403  3097 17706 E ActivityThread: Failed to find provider info for com.google.android.wearable.settings
03-29 21:31:51.425  3097 17706 E ActivityThread: Failed to find provider info for com.google.android.wearable.settings
03-29 21:31:52.442  3097 17546 E ActivityThread: Failed to find provider info for com.google.android.wearable.settings
03-29 21:31:53.465  3097 17546 E ActivityThread: Failed to find provider info for com.google.android.wearable.settings
03-29 21:31:54.486  3097 17638 E ActivityThread: Failed to find provider info for com.google.android.wearable.settings
03-29 21:31:55.506  3097 17546 E ActivityThread: Failed to find provider info for com.google.android.wearable.settings
03-29 21:31:58.778  1845  5413 I chatty  : uid=1000(system) Binder_D expire 5 lines
03-29 21:32:12.957  1845  5362 I chatty  : uid=1000(system) Binder_5 expire 1 line
03-29 21:32:31.001  1845  1862 I chatty  : uid=1000(system) Binder_2 expire 6 lines
03-29 21:32:34.640  1845  6103 I chatty  : uid=1000(system) Binder_E expire 5 lines
03-29 21:32:54.680  1845  5385 I chatty  : uid=1000(system) Binder_9 expire 10 lines
03-29 21:33:12.978  1845  5378 I chatty  : uid=1000(system) Binder_8 expire 6 lines
03-29 21:33:13.204  1845  4630 I chatty  : uid=1000(system) Binder_3 expire 1 line
03-29 21:33:18.211  1845  1935 I chatty  : uid=1000(system) android.display expire 5 lines
03-29 21:33:18.426   486   679 I chatty  : uid=1000(system) EventThread expire 5 lines
03-29 21:33:19.251  1845  5407 I chatty  : uid=1000(system) Binder_C expire 6 lines
03-29 21:33:19.275  1845  1900 I chatty  : uid=1000(system) android.fg expire 1 line
03-29 21:33:19.427  1845  4478 I chatty  : uid=1000(system) ConnectivitySer expire 2 lines
03-29 21:33:19.458 17350 17350 I chatty  : uid=1000(system) expire 1 line
03-29 21:33:22.710   486   486 I chatty  : uid=1000(system) /system/bin/surfaceflinger expire 8 lines
03-29 21:33:23.404  4606  4606 V KeyguardDisplayManager: hide
03-29 21:33:23.524  1845  5363 I chatty  : uid=1000(system) Binder_6 expire 4 lines
03-29 21:33:23.918  1845  5300 I chatty  : uid=1000(system) FLP Service Cal expire 1 line
03-29 21:33:23.953  1845  4650 I chatty  : uid=1000(system) Binder_4 expire 4 lines
03-29 21:33:24.030  1845  1896 I chatty  : uid=1000(system) ActivityManager expire 3 lines
03-29 21:33:24.254  1845  4479 I chatty  : uid=1000(system) NsdService expire 2 lines
03-29 21:33:24.254  1845  4477 I chatty  : uid=1000(system) WifiService expire 1 line
03-29 21:33:25.244 18200 18200 D ActivityThread: Loading provider com.whatsapp.provider.contact: com.whatsapp.contact.ContactProvider
03-29 21:33:27.017  1845  5385 I chatty  : uid=1000(system) Binder_9 expire 1 line
03-29 21:33:29.815  1845  4439 I chatty  : uid=1000(system) AlarmManager expire 5 lines
03-29 21:33:29.829  1845  1845 I chatty  : uid=1000 system_server expire 14 lines
03-29 21:33:30.940  1845  4477 I chatty  : uid=1000(system) WifiService expire 7 lines
03-29 21:33:31.721  1845  1896 I chatty  : uid=1000(system) ActivityManager expire 12 lines
03-29 21:33:31.868  1845  6191 I chatty  : uid=1000(system) Binder_10 expire 3 lines
03-29 21:33:32.014  1845  4436 I chatty  : uid=1000(system) UEventObserver expire 1 line
03-29 21:33:32.015  1845  1862 I chatty  : uid=1000(system) Binder_2 expire 7 lines
03-29 21:33:32.193  1845  5413 I chatty  : uid=1000(system) Binder_D expire 4 lines
03-29 21:33:32.194  1845  4478 I chatty  : uid=1000(system) ConnectivitySer expire 2 lines
03-29 21:33:32.217  1845  6103 I chatty  : uid=1000(system) Binder_E expire 1 line
03-29 21:33:32.217  1845  5385 I chatty  : uid=1000(system) Binder_9 expire 4 lines
03-29 21:33:32.224  1845  4650 I chatty  : uid=1000(system) Binder_4 expire 2 lines
03-29 21:33:33.840   486   679 I chatty  : uid=1000(system) EventThread expire 11 lines
03-29 21:33:33.858   486   486 I chatty  : uid=1000(system) /system/bin/surfaceflinger expire 19 lines
03-29 21:33:38.264  1845  4439 I chatty  : uid=1000(system) AlarmManager expire 14 lines
03-29 21:33:38.563  1845  5378 I chatty  : uid=1000(system) Binder_8 expire 1 line
03-29 21:33:38.641  1845  5372 I chatty  : uid=1000(system) Binder_7 expire 3 lines
03-29 21:33:49.128  1845  1935 I chatty  : uid=1000(system) android.display expire 4 lines
03-29 21:33:50.272  1845  6190 I chatty  : uid=1000(system) Binder_F expire 1 line
03-29 21:33:50.274  1845  1861 I chatty  : uid=1000(system) Binder_1 expire 1 line
03-29 21:33:50.276  1845  5407 I chatty  : uid=1000(system) Binder_C expire 1 line
03-29 21:33:55.138   564 19104 E SchedPolicy: sched_setscheduler failed: tid 19104, errno=1
03-29 21:33:55.138   564 19105 E SchedPolicy: sched_setscheduler failed: tid 19105, errno=1
03-29 21:33:55.139   564 19106 E SchedPolicy: sched_setscheduler failed: tid 19106, errno=1
03-29 21:33:55.141   564 19107 E SchedPolicy: sched_setscheduler failed: tid 19107, errno=1
03-29 21:33:55.615   486   486 I chatty  : uid=1000(system) /system/bin/surfaceflinger expire 16 lines
03-29 21:33:55.737  1845  1845 I chatty  : uid=1000 system_server expire 8 lines
03-29 21:34:01.707  1845  5363 I chatty  : uid=1000(system) Binder_6 expire 1 line
03-29 21:34:12.458  1845  1896 I chatty  : uid=1000(system) ActivityManager expire 2 lines
03-29 21:34:13.128  1845  4441 I chatty  : uid=1000(system) InputReader expire 1 line
03-29 21:34:13.955  1845  1941 I chatty  : uid=1000(system) PowerManagerSer expire 2 lines
03-29 21:34:13.956  1845  1900 I chatty  : uid=1000(system) android.fg expire 2 lines
03-29 21:34:14.303 19424 19424 I chatty  : uid=1000(system) expire 1 line
03-29 21:34:14.362  1845  1845 I chatty  : uid=1000 system_server expire 6 lines
03-29 21:34:14.509  4606  4606 D StatusBarKeyguardViewManager: showKeyguard, but hide Bouncer
03-29 21:34:14.553  4606  4606 V KeyguardStatusView: refresh statusview showing:true
03-29 21:34:14.562  4606  4606 V KeyguardDisplayManager: show
03-29 21:34:17.123  1845  4439 I chatty  : uid=1000(system) AlarmManager expire 2 lines
03-29 21:34:17.175  1845  1845 I chatty  : uid=1000 system_server expire 1 line
03-29 21:34:18.172  1845  1896 I chatty  : uid=1000(system) ActivityManager expire 3 lines
03-29 21:34:19.418  1845  5363 I chatty  : uid=1000(system) Binder_6 expire 1 line
03-29 21:34:20.675  1845  1896 I chatty  : uid=1000(system) ActivityManager expire 1 line
03-29 21:34:21.332  1845  1861 I chatty  : uid=1000(system) Binder_1 expire 1 line
03-29 21:34:21.332  1845  5378 I chatty  : uid=1000(system) Binder_8 expire 1 line
03-29 21:34:21.831  1845  5385 I chatty  : uid=1000(system) Binder_9 expire 1 line
03-29 21:34:24.685  1845  1896 I chatty  : uid=1000(system) ActivityManager expire 15 lines
03-29 21:34:25.069  1845  4477 I chatty  : uid=1000(system) WifiService expire 6 lines
03-29 21:34:25.070  1845  4439 I chatty  : uid=1000(system) AlarmManager expire 28 lines
03-29 21:34:25.073  1845  1845 I chatty  : uid=1000 system_server expire 28 lines
03-29 21:34:32.071  1845  1861 I chatty  : uid=1000(system) Binder_1 expire 6 lines
03-29 21:34:32.176  1845  4436 I chatty  : uid=1000(system) UEventObserver expire 3 lines
03-29 21:34:32.177  1845  5385 I chatty  : uid=1000(system) Binder_9 expire 2 lines
03-29 21:34:42.429  1845  6191 I chatty  : uid=1000(system) Binder_10 expire 7 lines
03-29 21:34:44.761  1845  5407 I chatty  : uid=1000(system) Binder_C expire 4 lines
03-29 21:34:44.775  1845  1862 I chatty  : uid=1000(system) Binder_2 expire 3 lines
03-29 21:34:46.645  1845  5389 I chatty  : uid=1000(system) Binder_A expire 6 lines
03-29 21:34:49.011  1845  1894 I chatty  : uid=1000(system) android.bg expire 1 line
03-29 21:35:05.082  1845  5362 I chatty  : uid=1000(system) Binder_5 expire 5 lines
03-29 21:35:09.908  1845  6190 I chatty  : uid=1000(system) Binder_F expire 2 lines
03-29 21:35:11.697  1845  4650 I chatty  : uid=1000(system) Binder_4 expire 2 lines
03-29 21:35:14.738  1845  5372 I chatty  : uid=1000(system) Binder_7 expire 3 lines
03-29 21:36:32.500  1845  4630 I chatty  : uid=1000(system) Binder_3 expire 4 lines
03-29 21:36:39.835  3097 17931 E ActivityThread: Failed to find provider info for com.google.android.wearable.settings
03-29 21:36:40.853  3097 17931 E ActivityThread: Failed to find provider info for com.google.android.wearable.settings
03-29 21:36:41.874  3097 17931 E ActivityThread: Failed to find provider info for com.google.android.wearable.settings
03-29 21:36:42.894  3097 17931 E ActivityThread: Failed to find provider info for com.google.android.wearable.settings
03-29 21:36:43.441  1845  4439 I chatty  : uid=1000(system) AlarmManager expire 10 lines
03-29 21:36:43.460  1845  1845 I chatty  : uid=1000 system_server expire 10 lines
03-29 21:36:47.161  1845  5413 I chatty  : uid=1000(system) Binder_D expire 3 lines
03-29 21:37:01.518  3097 17546 E ActivityThread: Failed to find provider info for com.google.android.wearable.settings
03-29 21:37:02.538  3097 17546 E ActivityThread: Failed to find provider info for com.google.android.wearable.settings
03-29 21:37:03.558  3097 17546 E ActivityThread: Failed to find provider info for com.google.android.wearable.settings
03-29 21:37:04.578  3097 20084 E ActivityThread: Failed to find provider info for com.google.android.wearable.settings
03-29 21:37:05.598  3097 20084 E ActivityThread: Failed to find provider info for com.google.android.wearable.settings
03-29 21:37:06.628  3097 20084 E ActivityThread: Failed to find provider info for com.google.android.wearable.settings
03-29 21:37:07.658  3097 20084 E ActivityThread: Failed to find provider info for com.google.android.wearable.settings
03-29 21:37:08.736  1845  4439 I chatty  : uid=1000(system) AlarmManager expire 5 lines
03-29 21:37:08.742  1845  1845 I chatty  : uid=1000 system_server expire 8 lines
03-29 21:37:09.898  1845  5405 I chatty  : uid=1000(system) Binder_B expire 4 lines
03-29 21:37:12.461  1845  1896 I chatty  : uid=1000(system) ActivityManager expire 3 lines
03-29 21:37:18.929  1845  1935 I chatty  : uid=1000(system) android.display expire 3 lines
03-29 21:37:19.142   486   679 I chatty  : uid=1000(system) EventThread expire 2 lines
03-29 21:37:22.801   486   486 I chatty  : uid=1000(system) /system/bin/surfaceflinger expire 2 lines
03-29 21:37:22.854  4606  4606 V KeyguardDisplayManager: hide
03-29 21:37:22.973  1845  4478 I chatty  : uid=1000(system) ConnectivitySer expire 2 lines
03-29 21:37:23.078  1845  5363 I chatty  : uid=1000(system) Binder_6 expire 3 lines
03-29 21:37:23.116  1845  1941 I chatty  : uid=1000(system) PowerManagerSer expire 1 line
03-29 21:37:23.195  1845  6103 I chatty  : uid=1000(system) Binder_E expire 2 lines
03-29 21:37:23.202  1845  1900 I chatty  : uid=1000(system) android.fg expire 1 line
03-29 21:37:24.523 20332 20332 I chatty  : uid=1000(system) expire 1 line
03-29 21:37:24.584  1845  1845 I chatty  : uid=1000 system_server expire 6 lines
03-29 21:37:24.765  1845  1896 I chatty  : uid=1000(system) ActivityManager expire 1 line
03-29 21:37:25.257   486   486 I chatty  : uid=1000(system) /system/bin/surfaceflinger expire 2 lines
03-29 21:37:25.280  1845  1896 I chatty  : uid=1000(system) ActivityManager expire 1 line
03-29 21:37:25.594  1845  5363 I chatty  : uid=1000(system) Binder_6 expire 1 line
03-29 21:37:25.962  1845  1861 I chatty  : uid=1000(system) Binder_1 expire 1 line
03-29 21:37:25.980   486   679 I chatty  : uid=1000(system) EventThread expire 1 line
03-29 21:37:26.047  1845  6191 I chatty  : uid=1000(system) Binder_10 expire 1 line
03-29 21:37:26.089  1845  5378 I chatty  : uid=1000(system) Binder_8 expire 1 line
03-29 21:37:26.565  1845  1935 I chatty  : uid=1000(system) android.display expire 1 line
03-29 21:37:26.819   486   486 I chatty  : uid=1000(system) /system/bin/surfaceflinger expire 10 lines
03-29 21:37:29.357   486   679 I chatty  : uid=1000(system) EventThread expire 8 lines
03-29 21:37:30.213  1845  1896 I chatty  : uid=1000(system) ActivityManager expire 8 lines
03-29 21:37:30.426  1845  4477 I chatty  : uid=1000(system) WifiService expire 2 lines
03-29 21:37:30.439  1845  4439 I chatty  : uid=1000(system) AlarmManager expire 11 lines
03-29 21:37:30.475  1845  1845 I chatty  : uid=1000 system_server expire 12 lines
03-29 21:37:32.558  1845  4630 I chatty  : uid=1000(system) Binder_3 expire 5 lines
03-29 21:37:32.656  1845  4436 I chatty  : uid=1000(system) UEventObserver expire 2 lines
03-29 21:37:32.656  1845  6191 I chatty  : uid=1000(system) Binder_10 expire 3 lines
03-29 21:37:37.698  1845  5378 I chatty  : uid=1000(system) Binder_8 expire 4 lines
03-29 21:37:37.763  1845  6103 I chatty  : uid=1000(system) Binder_E expire 2 lines
03-29 21:37:39.300  1845  4441 I chatty  : uid=1000(system) InputReader expire 3 lines
03-29 21:37:39.922  1845  1935 I chatty  : uid=1000(system) android.display expire 5 lines
03-29 21:37:40.082  1845  1941 I chatty  : uid=1000(system) PowerManagerSer expire 5 lines
03-29 21:37:40.083  1845  1900 I chatty  : uid=1000(system) android.fg expire 4 lines
03-29 21:37:40.123 20332 20332 I chatty  : uid=1000(system) expire 4 lines
03-29 21:37:40.353  4606  4606 D StatusBarKeyguardViewManager: showKeyguard, but hide Bouncer
03-29 21:37:40.381  4606  4606 V KeyguardStatusView: refresh statusview showing:true
03-29 21:37:40.392  4606  4606 V KeyguardDisplayManager: show
03-29 21:37:42.095  3097 19773 E ActivityThread: Failed to find provider info for com.google.android.wearable.settings
03-29 21:37:42.458  1845  1845 I chatty  : uid=1000 system_server expire 23 lines
03-29 21:37:42.845  1845  1862 I chatty  : uid=1000(system) Binder_2 expire 3 lines
03-29 21:37:43.123  3097 17546 E ActivityThread: Failed to find provider info for com.google.android.wearable.settings
03-29 21:37:44.154  3097 17546 E ActivityThread: Failed to find provider info for com.google.android.wearable.settings
03-29 21:37:52.254  1845  4650 I chatty  : uid=1000(system) Binder_4 expire 1 line
03-29 21:37:52.355  1845  5405 I chatty  : uid=1000(system) Binder_B expire 2 lines
03-29 21:37:57.222  4606  4606 D StatusBarKeyguardViewManager: showKeyguard, but hide Bouncer
03-29 21:37:59.755  1845  4439 I chatty  : uid=1000(system) AlarmManager expire 11 lines
03-29 21:37:59.779  1845  1845 I chatty  : uid=1000 system_server expire 11 lines
03-29 21:38:12.261  1845  5362 I chatty  : uid=1000(system) Binder_5 expire 1 line
03-29 21:38:31.073  3097 17546 E ActivityThread: Failed to find provider info for com.google.android.wearable.settings
03-29 21:38:32.101  3097 17973 E ActivityThread: Failed to find provider info for com.google.android.wearable.settings
03-29 21:38:32.819  1845  5385 I chatty  : uid=1000(system) Binder_9 expire 2 lines
03-29 21:38:33.131  3097 17546 E ActivityThread: Failed to find provider info for com.google.android.wearable.settings
03-29 21:38:34.160  3097 17546 E ActivityThread: Failed to find provider info for com.google.android.wearable.settings
03-29 21:38:35.191  3097 17973 E ActivityThread: Failed to find provider info for com.google.android.wearable.settings
03-29 21:38:35.968  1845  6190 I chatty  : uid=1000(system) Binder_F expire 1 line
03-29 21:38:36.222  3097 19773 E ActivityThread: Failed to find provider info for com.google.android.wearable.settings
03-29 21:38:37.250  3097 19773 E ActivityThread: Failed to find provider info for com.google.android.wearable.settings
03-29 21:38:47.225  1845  5413 I chatty  : uid=1000(system) Binder_D expire 2 lines
03-29 21:38:55.944  3097 17973 E ActivityThread: Failed to find provider info for com.google.android.wearable.settings
03-29 21:38:57.304  3097 19773 E ActivityThread: Failed to find provider info for com.google.android.wearable.settings
03-29 21:38:58.080  1845  4439 I chatty  : uid=1000(system) AlarmManager expire 8 lines
03-29 21:38:58.103  1845  1845 I chatty  : uid=1000 system_server expire 17 lines
03-29 21:38:58.334  3097 17973 E ActivityThread: Failed to find provider info for com.google.android.wearable.settings
03-29 21:38:59.364  3097 19773 E ActivityThread: Failed to find provider info for com.google.android.wearable.settings
03-29 21:39:00.392  3097 19773 E ActivityThread: Failed to find provider info for com.google.android.wearable.settings
03-29 21:39:01.422  3097 17973 E ActivityThread: Failed to find provider info for com.google.android.wearable.settings
03-29 21:39:02.448  3097 17973 E ActivityThread: Failed to find provider info for com.google.android.wearable.settings
03-29 21:39:03.470  3097 20084 E ActivityThread: Failed to find provider info for com.google.android.wearable.settings
03-29 21:39:03.823   486   486 I chatty  : uid=1000(system) /system/bin/surfaceflinger expire 10 lines
03-29 21:39:03.873  4606  4606 V KeyguardDisplayManager: hide
03-29 21:39:04.489  3097 20084 E ActivityThread: Failed to find provider info for com.google.android.wearable.settings
03-29 21:39:04.603  1845  5389 I chatty  : uid=1000(system) Binder_A expire 2 lines
03-29 21:39:16.726  1845  4439 I chatty  : uid=1000(system) AlarmManager expire 1 line
03-29 21:39:16.747  1845  1845 I chatty  : uid=1000 system_server expire 1 line
03-29 21:39:17.026  1845  4441 I chatty  : uid=1000(system) InputReader expire 1 line
03-29 21:39:17.643  1845  1935 I chatty  : uid=1000(system) android.display expire 1 line
03-29 21:39:17.813  1845  1941 I chatty  : uid=1000(system) PowerManagerSer expire 2 lines
03-29 21:39:17.816  1845  1900 I chatty  : uid=1000(system) android.fg expire 1 line
03-29 21:39:17.868 20332 20332 I chatty  : uid=1000(system) expire 1 line
03-29 21:39:17.899  1845  1845 I chatty  : uid=1000 system_server expire 22 lines
